Archive member included because of file (symbol)

/usr/local/bin/../lib/gcc/msp430/4.7.2/mmpy-16/libgcc.a(_mulsi3.o)
                              build/sky/obj/cfs-coffee.o (__mulsi3)
/usr/local/bin/../lib/gcc/msp430/4.7.2/mmpy-16/libgcc.a(_udivmod16.o)
                              build/sky/obj/cfs-coffee.o (__udivhi3)
/usr/local/bin/../lib/gcc/msp430/4.7.2/mmpy-16/libgcc.a(_divmod16.o)
                              build/sky/obj/link-stats.o (__divhi3)
/usr/local/bin/../lib/gcc/msp430/4.7.2/mmpy-16/libgcc.a(_udivmod32.o)
                              build/sky/obj/ifft.o (__udivsi3)
/usr/local/bin/../lib/gcc/msp430/4.7.2/mmpy-16/libgcc.a(_divmod32.o)
                              build/sky/obj/cfs-coffee.o (__divsi3)
/usr/local/bin/../lib/gcc/msp430/4.7.2/../../../../msp430/lib/mmpy-16/libc.a(printf.o)
                              build/sky/obj/assert.o (printf)
/usr/local/bin/../lib/gcc/msp430/4.7.2/../../../../msp430/lib/mmpy-16/libc.a(sprintf.o)
                              build/sky/obj/log.o (snprintf)
/usr/local/bin/../lib/gcc/msp430/4.7.2/../../../../msp430/lib/mmpy-16/libc.a(vuprintf.o)
                              /usr/local/bin/../lib/gcc/msp430/4.7.2/../../../../msp430/lib/mmpy-16/libc.a(printf.o) (vuprintf)
/usr/local/bin/../lib/gcc/msp430/4.7.2/../../../../msp430/lib/mmpy-16/libc.a(puts.o)
                              build/sky/obj/assert.o (puts)
/usr/local/bin/../lib/gcc/msp430/4.7.2/../../../../msp430/lib/mmpy-16/libc.a(rand.o)
                              build/sky/obj/random.o (rand)
/usr/local/bin/../lib/gcc/msp430/4.7.2/../../../../msp430/lib/mmpy-16/libc.a(strcmp.o)
                              build/sky/obj/cfs-coffee.o (strcmp)
/usr/local/bin/../lib/gcc/msp430/4.7.2/../../../../msp430/lib/mmpy-16/libc.a(strncmp.o)
                              build/sky/obj/sensors.o (strncmp)
/usr/local/bin/../lib/gcc/msp430/4.7.2/../../../../msp430/lib/mmpy-16/libc.a(memcmp.o)
                              build/sky/obj/ip64-addr.o (memcmp)
/usr/local/bin/../lib/gcc/msp430/4.7.2/../../../../msp430/lib/mmpy-16/libc.a(strcpy.o)
                              build/sky/obj/memory_operations.o (strcpy)
/usr/local/bin/../lib/gcc/msp430/4.7.2/../../../../msp430/lib/mmpy-16/libc.a(strncpy.o)
                              build/sky/obj/cfs-coffee.o (strncpy)
/usr/local/bin/../lib/gcc/msp430/4.7.2/../../../../msp430/lib/mmpy-16/libc.a(memcpy.o)
                              build/sky/obj/aes-128.o (memcpy)
/usr/local/bin/../lib/gcc/msp430/4.7.2/../../../../msp430/lib/mmpy-16/libc.a(memmove.o)
                              build/sky/obj/cbor.o (memmove)
/usr/local/bin/../lib/gcc/msp430/4.7.2/../../../../msp430/lib/mmpy-16/libc.a(memset.o)
                              build/sky/obj/cfs-coffee.o (memset)
/usr/local/bin/../lib/gcc/msp430/4.7.2/mmpy-16/libgcc.a(_udivmod64.o)
                              /usr/local/bin/../lib/gcc/msp430/4.7.2/../../../../msp430/lib/mmpy-16/libc.a(vuprintf.o) (__udivdi3)
/usr/local/bin/../lib/gcc/msp430/4.7.2/mmpy-16/libcrt0.a(_reset_vector__.o)
                              (_reset_vector__)
/usr/local/bin/../lib/gcc/msp430/4.7.2/mmpy-16/libcrt0.a(__watchdog_support.o)
                              /usr/local/bin/../lib/gcc/msp430/4.7.2/mmpy-16/libcrt0.a(_reset_vector__.o) (__watchdog_support)
/usr/local/bin/../lib/gcc/msp430/4.7.2/mmpy-16/libcrt0.a(__init_stack.o)
                              /usr/local/bin/../lib/gcc/msp430/4.7.2/mmpy-16/libcrt0.a(_reset_vector__.o) (__init_stack)
/usr/local/bin/../lib/gcc/msp430/4.7.2/mmpy-16/libcrt0.a(__low_level_init.o)
                              /usr/local/bin/../lib/gcc/msp430/4.7.2/mmpy-16/libcrt0.a(_reset_vector__.o) (__low_level_init)
/usr/local/bin/../lib/gcc/msp430/4.7.2/mmpy-16/libcrt0.a(_copy_data.o)
                              /usr/local/bin/../lib/gcc/msp430/4.7.2/mmpy-16/libcrt0.a(_reset_vector__.o) (__do_copy_data)
/usr/local/bin/../lib/gcc/msp430/4.7.2/mmpy-16/libcrt0.a(_clear_bss.o)
                              /usr/local/bin/../lib/gcc/msp430/4.7.2/mmpy-16/libcrt0.a(_reset_vector__.o) (__do_clear_bss)
/usr/local/bin/../lib/gcc/msp430/4.7.2/mmpy-16/libcrt0.a(__stop_progExec__.o)
                              /usr/local/bin/../lib/gcc/msp430/4.7.2/mmpy-16/libcrt0.a(_reset_vector__.o) (__stop_progExec__)
/usr/local/bin/../lib/gcc/msp430/4.7.2/mmpy-16/libcrt0.a(_endless_loop__.o)
                              /usr/local/bin/../lib/gcc/msp430/4.7.2/mmpy-16/libcrt0.a(_reset_vector__.o) (_endless_loop__)
/usr/local/bin/../lib/gcc/msp430/4.7.2/mmpy-16/libcrt0.a(_unexpected_.o)
                              /usr/local/bin/../lib/gcc/msp430/4.7.2/mmpy-16/crt0ivtbl16.o (_unexpected_)

Allocating common symbols
Common symbol       size              file

compower_idle_activity
                    0x10              build/sky/obj/compower.o
uip_ds6_timer_ra    0x8               build/sky/obj/uip-ds6.o
cc2420_last_rssi    0x1               build/sky/obj/cc2420.o
uip_ds6_if          0x108             build/sky/obj/uip-ds6.o
[...]
Memory Configuration

Name             Origin             Length             Attributes
sfr              0x00000000         0x00000010
peripheral_8bit  0x00000010         0x000000f0
peripheral_16bit 0x00000100         0x00000100
ram_mirror       0x00000200         0x00000800         xw
infomem          0x00001000         0x00000100
infob            0x00001000         0x00000080
infoa            0x00001080         0x00000080
ram              0x00001100         0x00002800         xw
rom              0x00004000         0x0000bfe0         xr
vectors          0x0000ffe0         0x00000020
bsl              0x00000000         0x00000000
infoc            0x00000000         0x00000000
infod            0x00000000         0x00000000
ram2             0x00000000         0x00000000         xw
usbram           0x00000000         0x00000000         xw
far_rom          0x00000000         0x00000000
*default*        0x00000000         0xffffffff

Linker script and memory map

LOAD /usr/local/bin/../lib/gcc/msp430/4.7.2/mmpy-16/crt0ivtbl16.o
                0x00002d1c                _stack = _end
LOAD build/sky/obj/aes-128.o
LOAD build/sky/obj/anti-replay.o
LOAD build/sky/obj/assert.o
LOAD build/sky/obj/atomic.o
LOAD build/sky/obj/autostart.o
LOAD build/sky/obj/battery-sensor.o
LOAD build/sky/obj/bitrev.o
LOAD build/sky/obj/button-hal.o
LOAD build/sky/obj/button-sensor.o
LOAD build/sky/obj/cbor.o
LOAD build/sky/obj/cc2420-arch-sfd.o
LOAD build/sky/obj/cc2420-arch.o
LOAD build/sky/obj/cc2420-tsch-15ms.o
LOAD build/sky/obj/cc2420.o
LOAD build/sky/obj/ccm-star-packetbuf.o
LOAD build/sky/obj/ccm-star.o
LOAD build/sky/obj/cfs-coffee.o
LOAD build/sky/obj/circular-list.o
LOAD build/sky/obj/clock.o
LOAD build/sky/obj/compower.o
LOAD build/sky/obj/contiki-main.o
LOAD build/sky/obj/crc16.o
LOAD build/sky/obj/csma-output.o
LOAD build/sky/obj/csma-security.o
LOAD build/sky/obj/csma.o
LOAD build/sky/obj/csprng.o
LOAD build/sky/obj/ctimer.o
LOAD build/sky/obj/dbl-circ-list.o
LOAD build/sky/obj/dbl-list.o
LOAD build/sky/obj/ds2411.o
LOAD build/sky/obj/ecc-curve.o
LOAD build/sky/obj/energest.o
LOAD build/sky/obj/etimer.o
LOAD build/sky/obj/flash.o
LOAD build/sky/obj/frame802154.o
LOAD build/sky/obj/frame802154e-ie.o
LOAD build/sky/obj/framer-802154.o
LOAD build/sky/obj/gpio-hal.o
LOAD build/sky/obj/heapmem.o
LOAD build/sky/obj/hexconv.o
LOAD build/sky/obj/ifft.o
LOAD build/sky/obj/int-master.o
LOAD build/sky/obj/ip64-addr.o
LOAD build/sky/obj/iq-seeder.o
LOAD build/sky/obj/leds-arch.o
LOAD build/sky/obj/leds.o
LOAD build/sky/obj/light-sensor.o
LOAD build/sky/obj/link-stats.o
LOAD build/sky/obj/linkaddr.o
LOAD build/sky/obj/list.o
LOAD build/sky/obj/log.o
LOAD build/sky/obj/lpm.o
LOAD build/sky/obj/mac-sequence.o
LOAD build/sky/obj/memb.o
LOAD build/sky/obj/memory_operations.o
LOAD build/sky/obj/msp430.o
LOAD build/sky/obj/mutex.o
LOAD build/sky/obj/nbr-table.o
LOAD build/sky/obj/net-debug.o
LOAD build/sky/obj/netstack.o
LOAD build/sky/obj/node-id.o
LOAD build/sky/obj/nullframer.o
LOAD build/sky/obj/nullradio.o
LOAD build/sky/obj/packetbuf.o
LOAD build/sky/obj/platform.o
LOAD build/sky/obj/process-mutex.o
LOAD build/sky/obj/process.o
LOAD build/sky/obj/psock.o
LOAD build/sky/obj/queuebuf.o
LOAD build/sky/obj/random.o
LOAD build/sky/obj/ringbuf.o
LOAD build/sky/obj/ringbufindex.o
LOAD build/sky/obj/rpl-dag-root.o
LOAD build/sky/obj/rpl-dag.o
LOAD build/sky/obj/rpl-ext-header.o
LOAD build/sky/obj/rpl-icmp6.o
LOAD build/sky/obj/rpl-mrhof.o
LOAD build/sky/obj/rpl-nbr-policy.o
LOAD build/sky/obj/rpl-neighbor.o
LOAD build/sky/obj/rpl-of0.o
LOAD build/sky/obj/rpl-timers.o
LOAD build/sky/obj/rpl.o
LOAD build/sky/obj/rtimer-arch.o
LOAD build/sky/obj/rtimer.o
LOAD build/sky/obj/sensors.o
LOAD build/sky/obj/serial-line.o
LOAD build/sky/obj/sha-256.o
LOAD build/sky/obj/sht11-sensor.o
LOAD build/sky/obj/sht11.o
LOAD build/sky/obj/sicslowpan.o
LOAD build/sky/obj/simple-udp.o
LOAD build/sky/obj/sky-sensors.o
LOAD build/sky/obj/slip.o
LOAD build/sky/obj/slip_uart1.o
LOAD build/sky/obj/spi-legacy.o
LOAD build/sky/obj/spi.o
LOAD build/sky/obj/stack-check.o
LOAD build/sky/obj/stimer.o
LOAD build/sky/obj/tcp-socket.o
LOAD build/sky/obj/tcpip.o
LOAD build/sky/obj/timer.o
LOAD build/sky/obj/trickle-timer.o
LOAD build/sky/obj/uart-putchar.o
LOAD build/sky/obj/uart1.o
LOAD build/sky/obj/udp-socket.o
LOAD build/sky/obj/uip-ds6-nbr.o
LOAD build/sky/obj/uip-ds6-route.o
LOAD build/sky/obj/uip-ds6.o
LOAD build/sky/obj/uip-icmp6.o
LOAD build/sky/obj/uip-ipchksum.o
LOAD build/sky/obj/uip-nameserver.o
LOAD build/sky/obj/uip-nd6.o
LOAD build/sky/obj/uip-packetqueue.o
LOAD build/sky/obj/uip-sr.o
LOAD build/sky/obj/uip-udp-packet.o
LOAD build/sky/obj/uip6.o
LOAD build/sky/obj/uipbuf.o
LOAD build/sky/obj/uiplib.o
LOAD build/sky/obj/watchdog.o
LOAD build/sky/obj/xmem.o
LOAD /usr/local/bin/../lib/gcc/msp430/4.7.2/mmpy-16/libgcc.a
LOAD /usr/local/bin/../lib/gcc/msp430/4.7.2/../../../../msp430/lib/mmpy-16/libc.a
LOAD /usr/local/bin/../lib/gcc/msp430/4.7.2/mmpy-16/libgcc.a
LOAD /usr/local/bin/../lib/gcc/msp430/4.7.2/mmpy-16/libcrt0.a
                0x00000080                PROVIDE (__info_segment_size, 0x80)
                0x00001000                PROVIDE (__infob, 0x1000)
                0x00001080                PROVIDE (__infoa, 0x1080)
                0x00000000                __IE1 = 0x0
                0x00000002                __IFG1 = 0x2
                0x00000004                __ME1 = 0x4
                0x00000001                __IE2 = 0x1
                0x00000003                __IFG2 = 0x3
                0x00000005                __ME2 = 0x5
                0x00000120                __WDTCTL = 0x120
                0x00000130                __MPY = 0x130
                0x00000132                __MPYS = 0x132
                0x00000134                __MAC = 0x134
                0x00000136                __MACS = 0x136
                0x00000138                __OP2 = 0x138
                0x0000013a                __RESLO = 0x13a
                0x0000013c                __RESHI = 0x13c
                0x0000013e                __SUMEXT = 0x13e
                0x00000020                __P1IN = 0x20
                0x00000021                __P1OUT = 0x21
                0x00000022                __P1DIR = 0x22
                0x00000023                __P1IFG = 0x23
                0x00000024                __P1IES = 0x24
                0x00000025                __P1IE = 0x25
                0x00000026                __P1SEL = 0x26
                0x00000028                __P2IN = 0x28
                0x00000029                __P2OUT = 0x29
                0x0000002a                __P2DIR = 0x2a
                0x0000002b                __P2IFG = 0x2b
                0x0000002c                __P2IES = 0x2c
                0x0000002d                __P2IE = 0x2d
                0x0000002e                __P2SEL = 0x2e
                0x00000018                __P3IN = 0x18
                0x00000019                __P3OUT = 0x19
                0x0000001a                __P3DIR = 0x1a
                0x0000001b                __P3SEL = 0x1b
                0x0000001c                __P4IN = 0x1c
                0x0000001d                __P4OUT = 0x1d
                0x0000001e                __P4DIR = 0x1e
                0x0000001f                __P4SEL = 0x1f
                0x00000030                __P5IN = 0x30
                0x00000031                __P5OUT = 0x31
                0x00000032                __P5DIR = 0x32
                0x00000033                __P5SEL = 0x33
                0x00000034                __P6IN = 0x34
                0x00000035                __P6OUT = 0x35
                0x00000036                __P6DIR = 0x36
                0x00000037                __P6SEL = 0x37
                0x00000070                __U0CTL = 0x70
                0x00000071                __U0TCTL = 0x71
                0x00000072                __U0RCTL = 0x72
                0x00000073                __U0MCTL = 0x73
                0x00000074                __U0BR0 = 0x74
                0x00000075                __U0BR1 = 0x75
                0x00000076                __U0RXBUF = 0x76
                0x00000077                __U0TXBUF = 0x77
                0x00000078                __U1CTL = 0x78
                0x00000079                __U1TCTL = 0x79
                0x0000007a                __U1RCTL = 0x7a
                0x0000007b                __U1MCTL = 0x7b
                0x0000007c                __U1BR0 = 0x7c
                0x0000007d                __U1BR1 = 0x7d
                0x0000007e                __U1RXBUF = 0x7e
                0x0000007f                __U1TXBUF = 0x7f
                0x00000050                __I2CIE = 0x50
                0x00000051                __I2CIFG = 0x51
                0x00000052                __I2CNDAT = 0x52
                0x00000071                __I2CTCTL = 0x71
                0x00000072                __I2CDCTL = 0x72
                0x00000073                __I2CPSC = 0x73
                0x00000074                __I2CSCLH = 0x74
                0x00000075                __I2CSCLL = 0x75
                0x00000076                __I2CDRB = 0x76
                0x00000076                __I2CDRW = 0x76
                0x00000118                __I2COA = 0x118
                0x0000011a                __I2CSA = 0x11a
                0x0000011c                __I2CIV = 0x11c
                0x0000012e                __TAIV = 0x12e
                0x00000160                __TACTL = 0x160
                0x00000162                __TACCTL0 = 0x162
                0x00000164                __TACCTL1 = 0x164
                0x00000166                __TACCTL2 = 0x166
                0x00000170                __TAR = 0x170
                0x00000172                __TACCR0 = 0x172
                0x00000174                __TACCR1 = 0x174
                0x00000176                __TACCR2 = 0x176
                0x0000011e                __TBIV = 0x11e
                0x00000180                __TBCTL = 0x180
                0x00000182                __TBCCTL0 = 0x182
                0x00000184                __TBCCTL1 = 0x184
                0x00000186                __TBCCTL2 = 0x186
                0x00000188                __TBCCTL3 = 0x188
                0x0000018a                __TBCCTL4 = 0x18a
                0x0000018c                __TBCCTL5 = 0x18c
                0x0000018e                __TBCCTL6 = 0x18e
                0x00000190                __TBR = 0x190
                0x00000192                __TBCCR0 = 0x192
                0x00000194                __TBCCR1 = 0x194
                0x00000196                __TBCCR2 = 0x196
                0x00000198                __TBCCR3 = 0x198
                0x0000019a                __TBCCR4 = 0x19a
                0x0000019c                __TBCCR5 = 0x19c
                0x0000019e                __TBCCR6 = 0x19e
                0x00000056                __DCOCTL = 0x56
                0x00000057                __BCSCTL1 = 0x57
                0x00000058                __BCSCTL2 = 0x58
                0x00000055                __SVSCTL = 0x55
                0x00000128                __FCTL1 = 0x128
                0x0000012a                __FCTL2 = 0x12a
                0x0000012c                __FCTL3 = 0x12c
                0x00000059                __CACTL1 = 0x59
                0x0000005a                __CACTL2 = 0x5a
                0x0000005b                __CAPD = 0x5b
                0x000001a0                __ADC12CTL0 = 0x1a0
                0x000001a2                __ADC12CTL1 = 0x1a2
                0x000001a4                __ADC12IFG = 0x1a4
                0x000001a6                __ADC12IE = 0x1a6
                0x000001a8                __ADC12IV = 0x1a8
                0x00000140                __ADC12MEM0 = 0x140
                0x00000142                __ADC12MEM1 = 0x142
                0x00000144                __ADC12MEM2 = 0x144
                0x00000146                __ADC12MEM3 = 0x146
                0x00000148                __ADC12MEM4 = 0x148
                0x0000014a                __ADC12MEM5 = 0x14a
                0x0000014c                __ADC12MEM6 = 0x14c
                0x0000014e                __ADC12MEM7 = 0x14e
                0x00000150                __ADC12MEM8 = 0x150
                0x00000152                __ADC12MEM9 = 0x152
                0x00000154                __ADC12MEM10 = 0x154
                0x00000156                __ADC12MEM11 = 0x156
                0x00000158                __ADC12MEM12 = 0x158
                0x0000015a                __ADC12MEM13 = 0x15a
                0x0000015c                __ADC12MEM14 = 0x15c
                0x0000015e                __ADC12MEM15 = 0x15e
                0x00000080                __ADC12MCTL0 = 0x80
                0x00000081                __ADC12MCTL1 = 0x81
                0x00000082                __ADC12MCTL2 = 0x82
                0x00000083                __ADC12MCTL3 = 0x83
                0x00000084                __ADC12MCTL4 = 0x84
                0x00000085                __ADC12MCTL5 = 0x85
                0x00000086                __ADC12MCTL6 = 0x86
                0x00000087                __ADC12MCTL7 = 0x87
                0x00000088                __ADC12MCTL8 = 0x88
                0x00000089                __ADC12MCTL9 = 0x89
                0x0000008a                __ADC12MCTL10 = 0x8a
                0x0000008b                __ADC12MCTL11 = 0x8b
                0x0000008c                __ADC12MCTL12 = 0x8c
                0x0000008d                __ADC12MCTL13 = 0x8d
                0x0000008e                __ADC12MCTL14 = 0x8e
                0x0000008f                __ADC12MCTL15 = 0x8f
                0x000001c0                __DAC12_0CTL = 0x1c0
                0x000001c2                __DAC12_1CTL = 0x1c2
                0x000001c8                __DAC12_0DAT = 0x1c8
                0x000001ca                __DAC12_1DAT = 0x1ca
                0x00000122                __DMACTL0 = 0x122
                0x00000124                __DMACTL1 = 0x124
                0x000001e0                __DMA0CTL = 0x1e0
                0x000001e8                __DMA1CTL = 0x1e8
                0x000001f0                __DMA2CTL = 0x1f0
                0x000001e2                __DMA0SA = 0x1e2
                0x000001e4                __DMA0DA = 0x1e4
                0x000001e6                __DMA0SZ = 0x1e6
                0x000001ea                __DMA1SA = 0x1ea
                0x000001ec                __DMA1DA = 0x1ec
                0x000001ee                __DMA1SZ = 0x1ee
                0x000001f2                __DMA2SA = 0x1f2
                0x000001f4                __DMA2DA = 0x1f4
                0x000001f6                __DMA2SZ = 0x1f6

.hash
 *(SORT(.hash))

.dynsym
 *(SORT(.dynsym))

.dynstr
 *(SORT(.dynstr))

.gnu.version
 *(SORT(.gnu.version))

.gnu.version_d
 *(SORT(.gnu.version_d))

.gnu.version_r
 *(SORT(.gnu.version_r))

.rel.init
 *(SORT(.rel.init))

.rela.init
 *(SORT(.rela.init))

.rel.fini
 *(SORT(.rel.fini))

.rela.fini
 *(SORT(.rela.fini))

.rel.text
 *(SORT(.rel.text) SORT(.rel.text.*) SORT(.rel.gnu.linkonce.t.*))

.rela.text
 *(SORT(.rela.text) SORT(.rela.text.*) SORT(.rela.gnu.linkonce.t.*))

.rel.rodata
 *(SORT(.rel.rodata) SORT(.rel.rodata.*) SORT(.rel.gnu.linkonce.r.*))

.rela.rodata
 *(SORT(.rela.rodata) SORT(.rela.rodata.*) SORT(.rela.gnu.linkonce.r.*))

.rel.data
 *(SORT(.rel.data) SORT(.rel.data.*) SORT(.rel.gnu.linkonce.d.*))

.rela.data
 *(SORT(.rela.data) SORT(.rela.data.*) SORT(.rela.gnu.linkonce.d.*))

.rel.bss
 *(SORT(.rel.bss) SORT(.rel.bss.*) SORT(.rel.gnu.linkonce.b.*))

.rela.bss
 *(SORT(.rela.bss) SORT(.rela.bss.*) SORT(.rela.gnu.linkonce.b.*))

.rel.ctors
 *(SORT(.rel.ctors))

.rela.ctors
 *(SORT(.rela.ctors))

.rel.dtors
 *(SORT(.rel.dtors))

.rela.dtors
 *(SORT(.rela.dtors))

.rel.got
 *(SORT(.rel.got))

.rela.got
 *(SORT(.rela.got))

.rel.plt
 *(SORT(.rel.plt))

.rela.plt
 *(SORT(.rela.plt))

.text           0x00004000     0xb898
                0x00004000                . = ALIGN (0x2)
 *(SORT(.init) SORT(.init.*))
 *(SORT(.init0))
 .init0         0x00004000        0x0 /usr/local/bin/../lib/gcc/msp430/4.7.2/mmpy-16/libcrt0.a(_reset_vector__.o)
                0x00004000                _reset_vector__
 *(SORT(.init1))
 .init1         0x00004000        0xc /usr/local/bin/../lib/gcc/msp430/4.7.2/mmpy-16/libcrt0.a(__watchdog_support.o)
                0x00004000                __watchdog_support
 *(SORT(.init2))
 .init2         0x0000400c        0x4 /usr/local/bin/../lib/gcc/msp430/4.7.2/mmpy-16/libcrt0.a(__init_stack.o)
                0x0000400c                __init_stack
 *(SORT(.init3))
 .init3         0x00004010        0x0 /usr/local/bin/../lib/gcc/msp430/4.7.2/mmpy-16/libcrt0.a(__low_level_init.o)
                0x00004010                __low_level_init
 *(SORT(.init4))
 .init4         0x00004010       0x18 /usr/local/bin/../lib/gcc/msp430/4.7.2/mmpy-16/libcrt0.a(_copy_data.o)
                0x00004010                __do_copy_data
 .init4         0x00004028       0x16 /usr/local/bin/../lib/gcc/msp430/4.7.2/mmpy-16/libcrt0.a(_clear_bss.o)
                0x00004028                __do_clear_bss
 *(SORT(.init5))
 *(SORT(.init6))
 *(SORT(.init7))
 *(SORT(.init8))
 *(SORT(.init9))
 .init9         0x0000403e      0x238 build/sky/obj/contiki-main.o
                0x0000403e                main
 *(SORT(.fini9))
 .fini9         0x00004276        0x0 /usr/local/bin/../lib/gcc/msp430/4.7.2/mmpy-16/libcrt0.a(__stop_progExec__.o)
                0x00004276                __stop_progExec__
 *(SORT(.fini8))
 *(SORT(.fini7))
 *(SORT(.fini6))
 *(SORT(.fini5))
 *(SORT(.fini4))
 *(SORT(.fini3))
 *(SORT(.fini2))
 *(SORT(.fini1))
 *(SORT(.fini0))
 .fini0         0x00004276        0x6 /usr/local/bin/../lib/gcc/msp430/4.7.2/mmpy-16/libcrt0.a(_endless_loop__.o)
                0x00004276                _endless_loop__
 *(SORT(.fini) SORT(.fini.*))
                0x0000427c                . = ALIGN (0x2)
                0x0000427c                __ctors_start = .
 *(SORT(.ctors))
                0x0000427c                __ctors_end = .
                0x0000427c                __dtors_start = .
 *(SORT(.dtors))
                0x0000427c                __dtors_end = .
                0x0000427c                . = ALIGN (0x2)
 *(SORT(.text) SORT(.text.*) SORT(.gnu.linkonce.t.*))
 .text          0x0000427c        0x4 /usr/local/bin/../lib/gcc/msp430/4.7.2/mmpy-16/crt0ivtbl16.o
                0x0000427c                __isr_14
                0x0000427c                __isr_11
                0x0000427c                __isr_2
                0x0000427c                __isr_7
                0x0000427c                __isr_0
                0x0000427c                __isr_8
                0x0000427c                __isr_3
                0x0000427c                __isr_13
                0x0000427c                __isr_9
 .text.autostart_start
                0x00004280       0x16 build/sky/obj/autostart.o
                0x00004280                autostart_start
 .text.status   0x00004296       0x18 build/sky/obj/button-sensor.o
 .text.value    0x000042ae       0x1a build/sky/obj/button-sensor.o
 .text.configure
                0x000042c8       0x4c build/sky/obj/button-sensor.o
 .text.irq_p2   0x00004314       0x46 build/sky/obj/button-sensor.o
                0x00004314                irq_p2
                0x00004314                __isr_1
 .text.cc2420_timerb1_interrupt
                0x0000435a       0x26 build/sky/obj/cc2420-arch-sfd.o
                0x0000435a                cc2420_timerb1_interrupt
                0x0000435a                __isr_12
 .text.cc2420_port1_interrupt
                0x00004380       0x20 build/sky/obj/cc2420-arch.o
                0x00004380                __isr_4
                0x00004380                cc2420_port1_interrupt
 .text.cc2420_arch_init
                0x000043a0       0x1a build/sky/obj/cc2420-arch.o
                0x000043a0                cc2420_arch_init
 .text.get_object
                0x000043ba        0x4 build/sky/obj/cc2420.o
 .text.set_object
                0x000043be        0x4 build/sky/obj/cc2420.o
 .text.strobe   0x000043c2       0x1c build/sky/obj/cc2420.o
 .text.getreg   0x000043de       0x4c build/sky/obj/cc2420.o
 .text.setreg   0x0000442a       0x4c build/sky/obj/cc2420.o
 .text.write_ram
                0x00004476       0x7c build/sky/obj/cc2420.o
 .text.write_fifo_buf
                0x000044f2       0x3c build/sky/obj/cc2420.o
 .text.get_status
                0x0000452e       0x20 build/sky/obj/cc2420.o
 .text.on       0x0000454e       0x1a build/sky/obj/cc2420.o
 .text.cc2420_receiving_packet
                0x00004568        0xc build/sky/obj/cc2420.o
 .text.pending_packet
                0x00004574        0x8 build/sky/obj/cc2420.o
 .text.wait_for_transmission
                0x0000457c       0x22 build/sky/obj/cc2420.o
 .text.wait_for_status
                0x0000459e       0x28 build/sky/obj/cc2420.o
 .text.getrxdata
                0x000045c6       0x50 build/sky/obj/cc2420.o
 .text.flushrx  0x00004616       0x1a build/sky/obj/cc2420.o
 .text.off      0x00004630       0x28 build/sky/obj/cc2420.o
 .text.RELEASE_LOCK
                0x00004658       0x28 build/sky/obj/cc2420.o
 .text.set_key  0x00004680       0x18 build/sky/obj/cc2420.o
 .text.set_frame_filtering
                0x00004698       0x30 build/sky/obj/cc2420.o
 .text.set_auto_ack
                0x000046c8       0x30 build/sky/obj/cc2420.o
 .text.set_poll_mode
                0x000046f8       0x2c build/sky/obj/cc2420.o
 .text.cc2420_prepare
                0x00004724       0x46 build/sky/obj/cc2420.o
 .text.cc2420_on
                0x0000476a       0x22 build/sky/obj/cc2420.o
                0x0000476a                cc2420_on
 .text.cc2420_transmit
                0x0000478c       0x66 build/sky/obj/cc2420.o
 .text.cc2420_send
                0x000047f2       0x12 build/sky/obj/cc2420.o
 .text.cc2420_off
                0x00004804       0x30 build/sky/obj/cc2420.o
                0x00004804                cc2420_off
 .text.cc2420_cca
                0x00004834       0x68 build/sky/obj/cc2420.o
 .text.cc2420_read
                0x0000489c       0xbe build/sky/obj/cc2420.o
 .text.process_thread_cc2420_process
                0x0000495a       0x56 build/sky/obj/cc2420.o
 .text.encrypt  0x000049b0       0x88 build/sky/obj/cc2420.o
 .text.cc2420_set_channel
                0x00004a38       0x3c build/sky/obj/cc2420.o
                0x00004a38                cc2420_set_channel
 .text.cc2420_set_pan_addr
                0x00004a74       0x4c build/sky/obj/cc2420.o
                0x00004a74                cc2420_set_pan_addr
 .text.cc2420_interrupt
                0x00004ac0       0x16 build/sky/obj/cc2420.o
                0x00004ac0                cc2420_interrupt
 .text.cc2420_set_txpower
                0x00004ad6       0x2c build/sky/obj/cc2420.o
                0x00004ad6                cc2420_set_txpower
 .text.cc2420_get_txpower
                0x00004b02       0x1e build/sky/obj/cc2420.o
                0x00004b02                cc2420_get_txpower
 .text.cc2420_rssi
                0x00004b20       0x4c build/sky/obj/cc2420.o
                0x00004b20                cc2420_rssi
 .text.get_value
                0x00004b6c      0x11e build/sky/obj/cc2420.o
 .text.cc2420_set_cca_threshold
                0x00004c8a       0x16 build/sky/obj/cc2420.o
                0x00004c8a                cc2420_set_cca_threshold
 .text.set_value
                0x00004ca0      0x150 build/sky/obj/cc2420.o
 .text.cc2420_init
                0x00004df0       0xea build/sky/obj/cc2420.o
                0x00004df0                cc2420_init
 .text.next_file
                0x00004eda       0x22 build/sky/obj/cfs-coffee.o
 .text.load_file
                0x00004efc       0x74 build/sky/obj/cfs-coffee.o
 .text.read_header
                0x00004f70       0x26 build/sky/obj/cfs-coffee.o
 .text.find_file
                0x00004f96       0xaa build/sky/obj/cfs-coffee.o
 .text.find_contiguous_pages
                0x00005040       0x74 build/sky/obj/cfs-coffee.o
 .text.file_end
                0x000050b4       0xd0 build/sky/obj/cfs-coffee.o
 .text.write_header
                0x00005184       0x2a build/sky/obj/cfs-coffee.o
 .text.remove_by_page.isra.0
                0x000051ae       0xae build/sky/obj/cfs-coffee.o
 .text.reserve  0x0000525c      0x220 build/sky/obj/cfs-coffee.o
 .text.read_log_page
                0x0000547c      0x1fc build/sky/obj/cfs-coffee.o
 .text.cfs_open
                0x00005678       0xc2 build/sky/obj/cfs-coffee.o
                0x00005678                cfs_open
 .text.cfs_close
                0x0000573a       0x2c build/sky/obj/cfs-coffee.o
                0x0000573a                cfs_close
 .text.cfs_seek
                0x00005766       0xa0 build/sky/obj/cfs-coffee.o
                0x00005766                cfs_seek
 .text.cfs_read
                0x00005806      0x178 build/sky/obj/cfs-coffee.o
                0x00005806                cfs_read
 .text.merge_log
                0x0000597e      0x1ac build/sky/obj/cfs-coffee.o
 .text.cfs_write
                0x00005b2a      0x598 build/sky/obj/cfs-coffee.o
                0x00005b2a                cfs_write
 .text.timera1  0x000060c2       0xd8 build/sky/obj/clock.o
                0x000060c2                __isr_5
                0x000060c2                timera1
 .text.clock_time
                0x0000619a       0x1a build/sky/obj/clock.o
                0x0000619a                clock_time
 .text.clock_init
                0x000061b4       0x28 build/sky/obj/clock.o
                0x000061b4                clock_init
 .text.clock_delay
                0x000061dc        0xc build/sky/obj/clock.o
                0x000061dc                clock_delay
 .text.clock_seconds
                0x000061e8       0x1a build/sky/obj/clock.o
                0x000061e8                clock_seconds
 .text.schedule_transmission
                0x00006202       0x74 build/sky/obj/csma-output.o
 .text.tx_done  0x00006276       0x98 build/sky/obj/csma-output.o
 .text.transmit_from_queue
                0x0000630e      0x1bc build/sky/obj/csma-output.o
 .text.csma_output_packet
                0x000064ca      0x146 build/sky/obj/csma-output.o
                0x000064ca                csma_output_packet
 .text.csma_output_init
                0x00006610       0x1a build/sky/obj/csma-output.o
                0x00006610                csma_output_init
 .text.on       0x0000662a        0x6 build/sky/obj/csma.o
 .text.off      0x00006630        0x6 build/sky/obj/csma.o
 .text.max_payload
                0x00006636       0x38 build/sky/obj/csma.o
 .text.send_packet
                0x0000666e        0x6 build/sky/obj/csma.o
 .text.input_packet
                0x00006674       0x58 build/sky/obj/csma.o
 .text.init     0x000066cc       0x20 build/sky/obj/csma.o
 .text.process_thread_ctimer_process
                0x000066ec       0x9a build/sky/obj/ctimer.o
 .text.ctimer_init
                0x00006786       0x10 build/sky/obj/ctimer.o
                0x00006786                ctimer_init
 .text.ctimer_set_with_process
                0x00006796       0x4e build/sky/obj/ctimer.o
                0x00006796                ctimer_set_with_process
 .text.ctimer_reset
                0x000067e4       0x30 build/sky/obj/ctimer.o
                0x000067e4                ctimer_reset
 .text.ctimer_stop
                0x00006814       0x28 build/sky/obj/ctimer.o
                0x00006814                ctimer_stop
 .text.ctimer_expired
                0x0000683c       0x20 build/sky/obj/ctimer.o
                0x0000683c                ctimer_expired
 .text.owreadb  0x0000685c       0x50 build/sky/obj/ds2411.o
 .text.ds2411_init
                0x000068ac      0x120 build/sky/obj/ds2411.o
                0x000068ac                ds2411_init
 .text.update_time
                0x000069cc       0x78 build/sky/obj/etimer.o
 .text.etimer_request_poll
                0x00006a44        0xa build/sky/obj/etimer.o
                0x00006a44                etimer_request_poll
 .text.process_thread_etimer_process
                0x00006a4e       0xcc build/sky/obj/etimer.o
 .text.add_timer
                0x00006b1a       0x40 build/sky/obj/etimer.o
 .text.etimer_set
                0x00006b5a       0x12 build/sky/obj/etimer.o
                0x00006b5a                etimer_set
 .text.etimer_reset
                0x00006b6c       0x12 build/sky/obj/etimer.o
                0x00006b6c                etimer_reset
 .text.etimer_pending
                0x00006b7e        0xc build/sky/obj/etimer.o
                0x00006b7e                etimer_pending
 .text.etimer_next_expiration_time
                0x00006b8a       0x16 build/sky/obj/etimer.o
                0x00006b8a                etimer_next_expiration_time
 .text.etimer_stop
                0x00006ba0       0x3e build/sky/obj/etimer.o
                0x00006ba0                etimer_stop
 .text.frame802154_get_pan_id
                0x00006bde        0x6 build/sky/obj/frame802154.o
                0x00006bde                frame802154_get_pan_id
 .text.frame802154_has_panid
                0x00006be4       0xe0 build/sky/obj/frame802154.o
                0x00006be4                frame802154_has_panid
 .text.field_len
                0x00006cc4       0xaa build/sky/obj/frame802154.o
 .text.frame802154_is_broadcast_addr
                0x00006d6e       0x28 build/sky/obj/frame802154.o
                0x00006d6e                frame802154_is_broadcast_addr
 .text.frame802154_hdrlen
                0x00006d96       0x32 build/sky/obj/frame802154.o
                0x00006d96                frame802154_hdrlen
 .text.frame802154_create_fcf
                0x00006dc8       0x96 build/sky/obj/frame802154.o
                0x00006dc8                frame802154_create_fcf
 .text.frame802154_create
                0x00006e5e       0xd2 build/sky/obj/frame802154.o
                0x00006e5e                frame802154_create
 .text.frame802154_parse_fcf
                0x00006f30       0xbc build/sky/obj/frame802154.o
                0x00006f30                frame802154_parse_fcf
 .text.frame802154_parse
                0x00006fec      0x168 build/sky/obj/frame802154.o
                0x00006fec                frame802154_parse
 .text.parse    0x00007154       0xa2 build/sky/obj/framer-802154.o
 .text.framer_802154_setup_params
                0x000071f6       0xb6 build/sky/obj/framer-802154.o
                0x000071f6                framer_802154_setup_params
 .text.create_frame
                0x000072ac       0xa2 build/sky/obj/framer-802154.o
 .text.create   0x0000734e        0x8 build/sky/obj/framer-802154.o
 .text.hdr_length
                0x00007356        0x8 build/sky/obj/framer-802154.o
 .text.leds_arch_init
                0x0000735e        0xe build/sky/obj/leds-arch.o
                0x0000735e                leds_arch_init
 .text.leds_arch_get
                0x0000736c       0x34 build/sky/obj/leds-arch.o
                0x0000736c                leds_arch_get
 .text.leds_arch_set
                0x000073a0       0x3e build/sky/obj/leds-arch.o
                0x000073a0                leds_arch_set
 .text.leds_init
                0x000073de        0x6 build/sky/obj/leds.o
                0x000073de                leds_init
 .text.leds_on  0x000073e4       0x12 build/sky/obj/leds.o
                0x000073e4                leds_on
 .text.leds_off
                0x000073f6       0x12 build/sky/obj/leds.o
                0x000073f6                leds_off
 .text.periodic
                0x00007408       0x28 build/sky/obj/link-stats.o
 .text.link_stats_from_lladdr
                0x00007430        0xc build/sky/obj/link-stats.o
                0x00007430                link_stats_from_lladdr
 .text.link_stats_is_fresh
                0x0000743c       0x30 build/sky/obj/link-stats.o
                0x0000743c                link_stats_is_fresh
 .text.link_stats_packet_sent
                0x0000746c       0xf4 build/sky/obj/link-stats.o
                0x0000746c                link_stats_packet_sent
 .text.link_stats_input_callback
                0x00007560      0x106 build/sky/obj/link-stats.o
                0x00007560                link_stats_input_callback
 .text.link_stats_reset
                0x00007666       0x2a build/sky/obj/link-stats.o
                0x00007666                link_stats_reset
 .text.link_stats_init
                0x00007690       0x26 build/sky/obj/link-stats.o
                0x00007690                link_stats_init
 .text.linkaddr_copy
                0x000076b6        0x8 build/sky/obj/linkaddr.o
                0x000076b6                linkaddr_copy
 .text.linkaddr_cmp
                0x000076be       0x12 build/sky/obj/linkaddr.o
                0x000076be                linkaddr_cmp
 .text.list_tail
                0x000076d0       0x12 build/sky/obj/list.o
                0x000076d0                list_tail
 .text.list_remove
                0x000076e2       0x34 build/sky/obj/list.o
                0x000076e2                list_remove
 .text.list_push
                0x00007716       0x1a build/sky/obj/list.o
                0x00007716                list_push
 .text.list_add
                0x00007730       0x2a build/sky/obj/list.o
                0x00007730                list_add
 .text.list_length
                0x0000775a       0x10 build/sky/obj/list.o
                0x0000775a                list_length
 .text.list_contains
                0x0000776a       0x12 build/sky/obj/list.o
                0x0000776a                list_contains
 .text.log_6addr
                0x0000777c       0x32 build/sky/obj/log.o
                0x0000777c                log_6addr
 .text.log_lladdr
                0x000077ae       0x44 build/sky/obj/log.o
                0x000077ae                log_lladdr
 .text.mac_sequence_init
                0x000077f2        0xa build/sky/obj/mac-sequence.o
                0x000077f2                mac_sequence_init
 .text.mac_sequence_set_dsn
                0x000077fc       0x18 build/sky/obj/mac-sequence.o
                0x000077fc                mac_sequence_set_dsn
 .text.mac_sequence_is_duplicate
                0x00007814       0x84 build/sky/obj/mac-sequence.o
                0x00007814                mac_sequence_is_duplicate
 .text.mac_sequence_register_seqno
                0x00007898       0x90 build/sky/obj/mac-sequence.o
                0x00007898                mac_sequence_register_seqno
 .text.memb_init
                0x00007928       0x36 build/sky/obj/memb.o
                0x00007928                memb_init
 .text.memb_alloc
                0x0000795e       0x3e build/sky/obj/memb.o
                0x0000795e                memb_alloc
 .text.memb_free
                0x0000799c       0x32 build/sky/obj/memb.o
                0x0000799c                memb_free
 .text.memb_inmemb
                0x000079ce       0x2a build/sky/obj/memb.o
                0x000079ce                memb_inmemb
 .text.memb_numfree
                0x000079f8       0x26 build/sky/obj/memb.o
                0x000079f8                memb_numfree
 .text.print_int2_memb_contents
                0x00007a1e       0x58 build/sky/obj/memory_operations.o
 .text.process_thread_memory_operations_process
                0x00007a76      0x1c6 build/sky/obj/memory_operations.o
 .text.msp430_init_dco
                0x00007c3c       0x82 build/sky/obj/msp430.o
                0x00007c3c                msp430_init_dco
 .text.msp430_add_lpm_req
                0x00007cbe        0xc build/sky/obj/msp430.o
                0x00007cbe                msp430_add_lpm_req
 .text.msp430_cpu_init
                0x00007cca       0x2a build/sky/obj/msp430.o
                0x00007cca                msp430_cpu_init
 .text.splhigh_
                0x00007cf4        0xa build/sky/obj/msp430.o
                0x00007cf4                splhigh_
 .text.msp430_sync_dco
                0x00007cfe       0x6c build/sky/obj/msp430.o
                0x00007cfe                msp430_sync_dco
 .text.item_from_index
                0x00007d6a       0x2a build/sky/obj/nbr-table.o
 .text.index_from_key
                0x00007d94       0x26 build/sky/obj/nbr-table.o
 .text.index_from_item
                0x00007dba       0x1e build/sky/obj/nbr-table.o
 .text.nbr_set_bit
                0x00007dd8       0x54 build/sky/obj/nbr-table.o
 .text.index_from_lladdr
                0x00007e2c       0x38 build/sky/obj/nbr-table.o
 .text.nbr_get_bit.constprop.3
                0x00007e64       0x2a build/sky/obj/nbr-table.o
 .text.remove_key
                0x00007e8e       0x84 build/sky/obj/nbr-table.o
 .text.nbr_table_is_registered
                0x00007f12       0x22 build/sky/obj/nbr-table.o
                0x00007f12                nbr_table_is_registered
 .text.nbr_table_register
                0x00007f34       0x40 build/sky/obj/nbr-table.o
                0x00007f34                nbr_table_register
 .text.nbr_table_next
                0x00007f74       0x5a build/sky/obj/nbr-table.o
                0x00007f74                nbr_table_next
 .text.nbr_table_head
                0x00007fce       0x36 build/sky/obj/nbr-table.o
                0x00007fce                nbr_table_head
 .text.nbr_table_get_from_lladdr
                0x00008004       0x2c build/sky/obj/nbr-table.o
                0x00008004                nbr_table_get_from_lladdr
 .text.entry_is_allowed.isra.2
                0x00008030       0x74 build/sky/obj/nbr-table.o
 .text.nbr_table_add_lladdr
                0x000080a4       0xc2 build/sky/obj/nbr-table.o
                0x000080a4                nbr_table_add_lladdr
 .text.nbr_table_remove
                0x00008166       0x32 build/sky/obj/nbr-table.o
                0x00008166                nbr_table_remove
 .text.nbr_table_lock
                0x00008198       0x10 build/sky/obj/nbr-table.o
                0x00008198                nbr_table_lock
 .text.nbr_table_unlock
                0x000081a8       0x10 build/sky/obj/nbr-table.o
                0x000081a8                nbr_table_unlock
 .text.nbr_table_get_lladdr
                0x000081b8       0x22 build/sky/obj/nbr-table.o
                0x000081b8                nbr_table_get_lladdr
 .text.netstack_process_ip_callback
                0x000081da       0x48 build/sky/obj/netstack.o
                0x000081da                netstack_process_ip_callback
 .text.packetbuf_hdrreduce
                0x00008222       0x1a build/sky/obj/packetbuf.o
                0x00008222                packetbuf_hdrreduce
 .text.packetbuf_set_datalen
                0x0000823c        0x6 build/sky/obj/packetbuf.o
                0x0000823c                packetbuf_set_datalen
 .text.packetbuf_hdrptr
                0x00008242        0x6 build/sky/obj/packetbuf.o
                0x00008242                packetbuf_hdrptr
 .text.packetbuf_datalen
                0x00008248        0x6 build/sky/obj/packetbuf.o
                0x00008248                packetbuf_datalen
 .text.packetbuf_hdrlen
                0x0000824e        0xa build/sky/obj/packetbuf.o
                0x0000824e                packetbuf_hdrlen
 .text.packetbuf_dataptr
                0x00008258        0xc build/sky/obj/packetbuf.o
                0x00008258                packetbuf_dataptr
 .text.packetbuf_copyto
                0x00008264       0x46 build/sky/obj/packetbuf.o
                0x00008264                packetbuf_copyto
 .text.packetbuf_totlen
                0x000082aa        0xc build/sky/obj/packetbuf.o
                0x000082aa                packetbuf_totlen
 .text.packetbuf_hdralloc
                0x000082b6       0x3c build/sky/obj/packetbuf.o
                0x000082b6                packetbuf_hdralloc
 .text.packetbuf_attr_clear
                0x000082f2       0x28 build/sky/obj/packetbuf.o
                0x000082f2                packetbuf_attr_clear
 .text.packetbuf_clear
                0x0000831a       0x12 build/sky/obj/packetbuf.o
                0x0000831a                packetbuf_clear
 .text.packetbuf_copyfrom
                0x0000832c       0x2e build/sky/obj/packetbuf.o
                0x0000832c                packetbuf_copyfrom
 .text.packetbuf_attr_copyto
                0x0000835a       0x22 build/sky/obj/packetbuf.o
                0x0000835a                packetbuf_attr_copyto
 .text.packetbuf_attr_copyfrom
                0x0000837c       0x24 build/sky/obj/packetbuf.o
                0x0000837c                packetbuf_attr_copyfrom
 .text.packetbuf_set_attr
                0x000083a0        0xa build/sky/obj/packetbuf.o
                0x000083a0                packetbuf_set_attr
 .text.packetbuf_attr
                0x000083aa        0xa build/sky/obj/packetbuf.o
                0x000083aa                packetbuf_attr
 .text.packetbuf_set_addr
                0x000083b4       0x16 build/sky/obj/packetbuf.o
                0x000083b4                packetbuf_set_addr
 .text.packetbuf_addr
                0x000083ca       0x12 build/sky/obj/packetbuf.o
                0x000083ca                packetbuf_addr
 .text.packetbuf_holds_broadcast
                0x000083dc        0xe build/sky/obj/packetbuf.o
                0x000083dc                packetbuf_holds_broadcast
 .text.platform_init_stage_one
                0x000083ea       0x12 build/sky/obj/platform.o
                0x000083ea                platform_init_stage_one
 .text.platform_init_stage_two
                0x000083fc       0x68 build/sky/obj/platform.o
                0x000083fc                platform_init_stage_two
 .text.platform_init_stage_three
                0x00008464       0x80 build/sky/obj/platform.o
                0x00008464                platform_init_stage_three
 .text.platform_idle
                0x000084e4       0x54 build/sky/obj/platform.o
                0x000084e4                platform_idle
 .text.call_process
                0x00008538       0x46 build/sky/obj/process.o
 .text.exit_process
                0x0000857e       0x98 build/sky/obj/process.o
 .text.do_poll  0x00008616       0x30 build/sky/obj/process.o
 .text.process_alloc_event
                0x00008646       0x18 build/sky/obj/process.o
                0x00008646                process_alloc_event
 .text.process_init
                0x0000865e        0x8 build/sky/obj/process.o
                0x0000865e                process_init
 .text.process_run
                0x00008666       0x8c build/sky/obj/process.o
                0x00008666                process_run
 .text.process_nevents
                0x000086f2        0xa build/sky/obj/process.o
                0x000086f2                process_nevents
 .text.process_post
                0x000086fc       0x42 build/sky/obj/process.o
                0x000086fc                process_post
 .text.process_post_synch
                0x0000873e       0x12 build/sky/obj/process.o
                0x0000873e                process_post_synch
 .text.process_start
                0x00008750       0x36 build/sky/obj/process.o
                0x00008750                process_start
 .text.process_poll
                0x00008786       0x18 build/sky/obj/process.o
                0x00008786                process_poll
 .text.queuebuf_init
                0x0000879e       0x12 build/sky/obj/queuebuf.o
                0x0000879e                queuebuf_init
 .text.queuebuf_numfree
                0x000087b0        0xa build/sky/obj/queuebuf.o
                0x000087b0                queuebuf_numfree
 .text.queuebuf_new_from_packetbuf
                0x000087ba       0x52 build/sky/obj/queuebuf.o
                0x000087ba                queuebuf_new_from_packetbuf
 .text.queuebuf_update_attr_from_packetbuf
                0x0000880c       0x12 build/sky/obj/queuebuf.o
                0x0000880c                queuebuf_update_attr_from_packetbuf
 .text.queuebuf_free
                0x0000881e       0x2a build/sky/obj/queuebuf.o
                0x0000881e                queuebuf_free
 .text.queuebuf_to_packetbuf
                0x00008848       0x32 build/sky/obj/queuebuf.o
                0x00008848                queuebuf_to_packetbuf
 .text.random_init
                0x0000887a        0x6 build/sky/obj/random.o
                0x0000887a                random_init
 .text.random_rand
                0x00008880        0x6 build/sky/obj/random.o
                0x00008880                random_rand
 .text.rpl_dag_root_set_prefix
                0x00008886       0x62 build/sky/obj/rpl-dag-root.o
                0x00008886                rpl_dag_root_set_prefix
 .text.rpl_dag_root_start
                0x000088e8       0x8e build/sky/obj/rpl-dag-root.o
                0x000088e8                rpl_dag_root_start
 .text.rpl_dag_root_is_root
                0x00008976       0x14 build/sky/obj/rpl-dag-root.o
                0x00008976                rpl_dag_root_is_root
 .text.init_dag
                0x0000898a       0x84 build/sky/obj/rpl-dag.o
 .text.process_dio_init_dag
                0x00008a0e       0xb0 build/sky/obj/rpl-dag.o
 .text.rpl_dag_get_root_ipaddr
                0x00008abe       0x1e build/sky/obj/rpl-dag.o
                0x00008abe                rpl_dag_get_root_ipaddr
 .text.rpl_dag_leave
                0x00008adc       0x4a build/sky/obj/rpl-dag.o
                0x00008adc                rpl_dag_leave
 .text.rpl_dag_poison_and_leave
                0x00008b26        0xc build/sky/obj/rpl-dag.o
                0x00008b26                rpl_dag_poison_and_leave
 .text.rpl_dag_periodic
                0x00008b32       0x6a build/sky/obj/rpl-dag.o
                0x00008b32                rpl_dag_periodic
 .text.rpl_is_addr_in_our_dag
                0x00008b9c       0x34 build/sky/obj/rpl-dag.o
                0x00008b9c                rpl_is_addr_in_our_dag
 .text.rpl_local_repair
                0x00008bd0       0x2a build/sky/obj/rpl-dag.o
                0x00008bd0                rpl_local_repair
 .text.rpl_global_repair
                0x00008bfa       0x2e build/sky/obj/rpl-dag.o
                0x00008bfa                rpl_global_repair
 .text.rpl_dag_ready_to_advertise
                0x00008c28       0x22 build/sky/obj/rpl-dag.o
                0x00008c28                rpl_dag_ready_to_advertise
 .text.rpl_dag_update_state
                0x00008c4a      0x144 build/sky/obj/rpl-dag.o
                0x00008c4a                rpl_dag_update_state
 .text.rpl_process_dio
                0x00008d8e      0x1b6 build/sky/obj/rpl-dag.o
                0x00008d8e                rpl_process_dio
 .text.rpl_process_dis
                0x00008f44       0x2a build/sky/obj/rpl-dag.o
                0x00008f44                rpl_process_dis
 .text.rpl_process_dao
                0x00008f6e       0x6c build/sky/obj/rpl-dag.o
                0x00008f6e                rpl_process_dao
 .text.rpl_process_dao_ack
                0x00008fda       0x54 build/sky/obj/rpl-dag.o
                0x00008fda                rpl_process_dao_ack
 .text.rpl_process_hbh
                0x0000902e       0x2e build/sky/obj/rpl-dag.o
                0x0000902e                rpl_process_hbh
 .text.rpl_dag_init_root
                0x0000905c       0xbc build/sky/obj/rpl-dag.o
                0x0000905c                rpl_dag_init_root
 .text.rpl_dag_init
                0x00009118       0x10 build/sky/obj/rpl-dag.o
                0x00009118                rpl_dag_init
 .text.update_hbh_header
                0x00009128       0x4a build/sky/obj/rpl-ext-header.o
 .text.rpl_ext_header_srh_get_next_hop
                0x00009172       0x84 build/sky/obj/rpl-ext-header.o
                0x00009172                rpl_ext_header_srh_get_next_hop
 .text.rpl_ext_header_srh_update
                0x000091f6      0x250 build/sky/obj/rpl-ext-header.o
                0x000091f6                rpl_ext_header_srh_update
 .text.rpl_ext_header_hbh_update
                0x00009446       0xa4 build/sky/obj/rpl-ext-header.o
                0x00009446                rpl_ext_header_hbh_update
 .text.rpl_ext_header_remove
                0x000094ea       0xcc build/sky/obj/rpl-ext-header.o
                0x000094ea                rpl_ext_header_remove
 .text.rpl_ext_header_update
                0x000095b6      0x2aa build/sky/obj/rpl-ext-header.o
                0x000095b6                rpl_ext_header_update
 .text.get32    0x00009860       0x46 build/sky/obj/rpl-icmp6.o
 .text.set32    0x000098a6       0x2a build/sky/obj/rpl-icmp6.o
 .text.get16    0x000098d0        0xe build/sky/obj/rpl-icmp6.o
 .text.set16    0x000098de       0x10 build/sky/obj/rpl-icmp6.o
 .text.dao_ack_input
                0x000098ee       0x30 build/sky/obj/rpl-icmp6.o
 .text.dao_input
                0x0000991e      0x16c build/sky/obj/rpl-icmp6.o
 .text.dio_input
                0x00009a8a      0x2ba build/sky/obj/rpl-icmp6.o
 .text.dis_input
                0x00009d44       0x1e build/sky/obj/rpl-icmp6.o
 .text.rpl_icmp6_update_nbr_table
                0x00009d62       0x36 build/sky/obj/rpl-icmp6.o
                0x00009d62                rpl_icmp6_update_nbr_table
 .text.rpl_icmp6_dis_output
                0x00009d98       0x34 build/sky/obj/rpl-icmp6.o
                0x00009d98                rpl_icmp6_dis_output
 .text.rpl_icmp6_dio_output
                0x00009dcc      0x230 build/sky/obj/rpl-icmp6.o
                0x00009dcc                rpl_icmp6_dio_output
 .text.rpl_icmp6_dao_output
                0x00009ffc       0xe2 build/sky/obj/rpl-icmp6.o
                0x00009ffc                rpl_icmp6_dao_output
 .text.rpl_icmp6_dao_ack_output
                0x0000a0de       0x4e build/sky/obj/rpl-icmp6.o
                0x0000a0de                rpl_icmp6_dao_ack_output
 .text.rpl_icmp6_init
                0x0000a12c       0x22 build/sky/obj/rpl-icmp6.o
                0x0000a12c                rpl_icmp6_init
 .text.reset    0x0000a14e        0x2 build/sky/obj/rpl-mrhof.o
 .text.update_metric_container
                0x0000a150        0x6 build/sky/obj/rpl-mrhof.o
 .text.nbr_link_metric
                0x0000a156       0x12 build/sky/obj/rpl-mrhof.o
 .text.nbr_has_usable_link
                0x0000a168       0x14 build/sky/obj/rpl-mrhof.o
 .text.nbr_path_cost
                0x0000a17c       0x38 build/sky/obj/rpl-mrhof.o
 .text.within_hysteresis
                0x0000a1b4       0x54 build/sky/obj/rpl-mrhof.o
 .text.nbr_is_acceptable_parent
                0x0000a208       0x2c build/sky/obj/rpl-mrhof.o
 .text.rank_via_nbr
                0x0000a234       0x48 build/sky/obj/rpl-mrhof.o
 .text.best_parent
                0x0000a27c       0x7c build/sky/obj/rpl-mrhof.o
 .text.get_rank
                0x0000a2f8       0x16 build/sky/obj/rpl-nbr-policy.o
 .text.rpl_nbr_gc_get_worst
                0x0000a30e       0x28 build/sky/obj/rpl-nbr-policy.o
                0x0000a30e                rpl_nbr_gc_get_worst
 .text.remove_neighbor
                0x0000a336       0x24 build/sky/obj/rpl-neighbor.o
 .text.rpl_neighbor_get_from_lladdr
                0x0000a35a        0xc build/sky/obj/rpl-neighbor.o
                0x0000a35a                rpl_neighbor_get_from_lladdr
 .text.rpl_neighbor_rank_via_nbr
                0x0000a366       0x18 build/sky/obj/rpl-neighbor.o
                0x0000a366                rpl_neighbor_rank_via_nbr
 .text.rpl_neighbor_get_lladdr
                0x0000a37e        0xc build/sky/obj/rpl-neighbor.o
                0x0000a37e                rpl_neighbor_get_lladdr
 .text.rpl_neighbor_get_ipaddr
                0x0000a38a        0xa build/sky/obj/rpl-neighbor.o
                0x0000a38a                rpl_neighbor_get_ipaddr
 .text.rpl_neighbor_get_link_stats
                0x0000a394        0xa build/sky/obj/rpl-neighbor.o
                0x0000a394                rpl_neighbor_get_link_stats
 .text.rpl_neighbor_is_fresh
                0x0000a39e        0xa build/sky/obj/rpl-neighbor.o
                0x0000a39e                rpl_neighbor_is_fresh
 .text.best_parent
                0x0000a3a8       0xb4 build/sky/obj/rpl-neighbor.o
 .text.rpl_neighbor_set_preferred_parent
                0x0000a45c       0x48 build/sky/obj/rpl-neighbor.o
                0x0000a45c                rpl_neighbor_set_preferred_parent
 .text.rpl_neighbor_remove_all
                0x0000a4a4       0x30 build/sky/obj/rpl-neighbor.o
                0x0000a4a4                rpl_neighbor_remove_all
 .text.rpl_neighbor_get_from_ipaddr
                0x0000a4d4       0x14 build/sky/obj/rpl-neighbor.o
                0x0000a4d4                rpl_neighbor_get_from_ipaddr
 .text.rpl_neighbor_select_best
                0x0000a4e8       0x54 build/sky/obj/rpl-neighbor.o
                0x0000a4e8                rpl_neighbor_select_best
 .text.rpl_neighbor_init
                0x0000a53c        0xe build/sky/obj/rpl-neighbor.o
                0x0000a53c                rpl_neighbor_init
 .text.handle_state_update
                0x0000a54a        0x6 build/sky/obj/rpl-timers.o
 .text.handle_leaving_timer
                0x0000a550        0xc build/sky/obj/rpl-timers.o
 .text.handle_unicast_dio_timer
                0x0000a55c       0x12 build/sky/obj/rpl-timers.o
 .text.handle_dao_ack_timer
                0x0000a56e       0x12 build/sky/obj/rpl-timers.o
 .text.ctimer_set.constprop.3
                0x0000a580        0xe build/sky/obj/rpl-timers.o
 .text.new_dio_interval
                0x0000a58e       0x86 build/sky/obj/rpl-timers.o
 .text.handle_dio_timer
                0x0000a614       0x6a build/sky/obj/rpl-timers.o
 .text.schedule_dao_retransmission
                0x0000a67e       0x30 build/sky/obj/rpl-timers.o
 .text.send_new_dao
                0x0000a6ae       0x28 build/sky/obj/rpl-timers.o
 .text.resend_dao
                0x0000a6d6       0x24 build/sky/obj/rpl-timers.o
 .text.rpl_timers_schedule_periodic_dis
                0x0000a6fa       0x3c build/sky/obj/rpl-timers.o
                0x0000a6fa                rpl_timers_schedule_periodic_dis
 .text.handle_periodic_timer
                0x0000a736       0x3a build/sky/obj/rpl-timers.o
 .text.handle_dis_timer
                0x0000a770       0x26 build/sky/obj/rpl-timers.o
 .text.rpl_timers_dio_reset
                0x0000a796       0x2e build/sky/obj/rpl-timers.o
                0x0000a796                rpl_timers_dio_reset
 .text.rpl_timers_schedule_unicast_dio
                0x0000a7c4       0x1c build/sky/obj/rpl-timers.o
                0x0000a7c4                rpl_timers_schedule_unicast_dio
 .text.rpl_timers_schedule_dao
                0x0000a7e0       0x38 build/sky/obj/rpl-timers.o
                0x0000a7e0                rpl_timers_schedule_dao
 .text.rpl_timers_schedule_dao_ack
                0x0000a818       0x30 build/sky/obj/rpl-timers.o
                0x0000a818                rpl_timers_schedule_dao_ack
 .text.rpl_timers_notify_dao_ack
                0x0000a848       0x7e build/sky/obj/rpl-timers.o
                0x0000a848                rpl_timers_notify_dao_ack
 .text.get_probing_delay
                0x0000a8c6       0x1c build/sky/obj/rpl-timers.o
                0x0000a8c6                get_probing_delay
 .text.get_probing_target
                0x0000a8e2       0xee build/sky/obj/rpl-timers.o
                0x0000a8e2                get_probing_target
 .text.rpl_schedule_probing
                0x0000a9d0       0x1c build/sky/obj/rpl-timers.o
                0x0000a9d0                rpl_schedule_probing
 .text.handle_probing_timer
                0x0000a9ec       0x2a build/sky/obj/rpl-timers.o
 .text.rpl_schedule_probing_now
                0x0000aa16       0x20 build/sky/obj/rpl-timers.o
                0x0000aa16                rpl_schedule_probing_now
 .text.rpl_timers_unschedule_leaving
                0x0000aa36       0x1c build/sky/obj/rpl-timers.o
                0x0000aa36                rpl_timers_unschedule_leaving
 .text.rpl_timers_schedule_leaving
                0x0000aa52       0x26 build/sky/obj/rpl-timers.o
                0x0000aa52                rpl_timers_schedule_leaving
 .text.rpl_timers_init
                0x0000aa78       0x18 build/sky/obj/rpl-timers.o
                0x0000aa78                rpl_timers_init
 .text.rpl_timers_stop_dag_timers
                0x0000aa90       0x4c build/sky/obj/rpl-timers.o
                0x0000aa90                rpl_timers_stop_dag_timers
 .text.rpl_timers_schedule_state_update
                0x0000aadc       0x18 build/sky/obj/rpl-timers.o
                0x0000aadc                rpl_timers_schedule_state_update
 .text.rpl_has_joined
                0x0000aaf4       0x12 build/sky/obj/rpl.o
                0x0000aaf4                rpl_has_joined
 .text.rpl_is_reachable
                0x0000ab06       0x12 build/sky/obj/rpl.o
                0x0000ab06                rpl_is_reachable
 .text.neighbor_state_changed
                0x0000ab18        0x2 build/sky/obj/rpl.o
 .text.drop_route
                0x0000ab1a        0x2 build/sky/obj/rpl.o
 .text.rpl_get_leaf_only
                0x0000ab1c        0x6 build/sky/obj/rpl.o
                0x0000ab1c                rpl_get_leaf_only
 .text.get_sr_node_ipaddr
                0x0000ab22       0x34 build/sky/obj/rpl.o
 .text.init     0x0000ab56       0x42 build/sky/obj/rpl.o
 .text.set_ip_from_prefix
                0x0000ab98       0x38 build/sky/obj/rpl.o
 .text.rpl_link_callback
                0x0000abd0       0x1e build/sky/obj/rpl.o
                0x0000abd0                rpl_link_callback
 .text.rpl_lollipop_greater_than
                0x0000abee       0x3c build/sky/obj/rpl.o
                0x0000abee                rpl_lollipop_greater_than
 .text.rpl_get_global_address
                0x0000ac2a       0xbe build/sky/obj/rpl.o
                0x0000ac2a                rpl_get_global_address
 .text.rpl_reset_prefix
                0x0000ace8       0x24 build/sky/obj/rpl.o
                0x0000ace8                rpl_reset_prefix
 .text.rpl_set_prefix_from_addr
                0x0000ad0c       0x92 build/sky/obj/rpl.o
                0x0000ad0c                rpl_set_prefix_from_addr
 .text.timera0  0x0000ad9e       0x2c build/sky/obj/rtimer-arch.o
                0x0000ad9e                __isr_6
                0x0000ad9e                timera0
 .text.rtimer_arch_init
                0x0000adca        0xe build/sky/obj/rtimer-arch.o
                0x0000adca                rtimer_arch_init
 .text.rtimer_arch_now
                0x0000add8        0xe build/sky/obj/rtimer-arch.o
                0x0000add8                rtimer_arch_now
 .text.rtimer_run_next
                0x0000ade6       0x18 build/sky/obj/rtimer.o
                0x0000ade6                rtimer_run_next
 .text.process_thread_sensors_process
                0x0000adfe       0xc2 build/sky/obj/sensors.o
 .text.sensors_changed
                0x0000aec0       0x2a build/sky/obj/sensors.o
                0x0000aec0                sensors_changed
 .text.clear_fragments
                0x0000aeea       0x40 build/sky/obj/sicslowpan.o
 .text.addr_context_lookup_by_number
                0x0000af2a       0x16 build/sky/obj/sicslowpan.o
 .text.sicslowpan_init
                0x0000af40       0x18 build/sky/obj/sicslowpan.o
                0x0000af40                sicslowpan_init
 .text.set_packet_attrs
                0x0000af58       0x66 build/sky/obj/sicslowpan.o
 .text.compress_addr_64
                0x0000afbe       0xae build/sky/obj/sicslowpan.o
 .text.addr_context_lookup_by_prefix
                0x0000b06c       0x20 build/sky/obj/sicslowpan.o
 .text.send_packet
                0x0000b08c       0x10 build/sky/obj/sicslowpan.o
 .text.fragment_copy_payload_and_send
                0x0000b09c       0x58 build/sky/obj/sicslowpan.o
 .text.packet_sent
                0x0000b0f4       0x56 build/sky/obj/sicslowpan.o
 .text.store_fragment
                0x0000b14a       0xb8 build/sky/obj/sicslowpan.o
 .text.add_fragment
                0x0000b202      0x1fc build/sky/obj/sicslowpan.o
 .text.uncompress_addr
                0x0000b3fe       0xce build/sky/obj/sicslowpan.o
 .text.output   0x0000b4cc      0x79a build/sky/obj/sicslowpan.o
 .text.input    0x0000bc66      0xa1a build/sky/obj/sicslowpan.o
 .text.spi_init
                0x0000c680       0x30 build/sky/obj/spi-legacy.o
                0x0000c680                spi_init
 .text.stack_check_init
                0x0000c6b0       0x2e build/sky/obj/stack-check.o
                0x0000c6b0                stack_check_init
 .text.stack_check_get_usage
                0x0000c6de       0x46 build/sky/obj/stack-check.o
                0x0000c6de                stack_check_get_usage
 .text.process_thread_stack_check_process
                0x0000c724       0x90 build/sky/obj/stack-check.o
 .text.stimer_expired
                0x0000c7b4       0x30 build/sky/obj/stimer.o
                0x0000c7b4                stimer_expired
 .text.tcpip_output
                0x0000c7e4       0x22 build/sky/obj/tcpip.o
                0x0000c7e4                tcpip_output
 .text.tcpip_input
                0x0000c806       0x1e build/sky/obj/tcpip.o
                0x0000c806                tcpip_input
 .text.tcpip_ipv6_output
                0x0000c824      0x114 build/sky/obj/tcpip.o
                0x0000c824                tcpip_ipv6_output
 .text.packet_input.part.3
                0x0000c938       0x12 build/sky/obj/tcpip.o
 .text.process_thread_tcpip_process
                0x0000c94a       0xb6 build/sky/obj/tcpip.o
 .text.tcpip_uipcall
                0x0000ca00       0x2a build/sky/obj/tcpip.o
                0x0000ca00                tcpip_uipcall
 .text.timer_set
                0x0000ca2a       0x1c build/sky/obj/timer.o
                0x0000ca2a                timer_set
 .text.timer_expired
                0x0000ca46       0x2a build/sky/obj/timer.o
                0x0000ca46                timer_expired
 .text.timer_reset
                0x0000ca70       0x1c build/sky/obj/timer.o
                0x0000ca70                timer_reset
 .text.putchar  0x0000ca8c       0x10 build/sky/obj/uart-putchar.o
                0x0000ca8c                putchar
 .text.uart1_active
                0x0000ca9c       0x18 build/sky/obj/uart1.o
                0x0000ca9c                uart1_active
 .text.uart1_writeb
                0x0000cab4       0x18 build/sky/obj/uart1.o
                0x0000cab4                uart1_writeb
 .text.uart1_init
                0x0000cacc       0xf4 build/sky/obj/uart1.o
                0x0000cacc                uart1_init
 .text.uip_ds6_nbr_rm
                0x0000cbc0       0x1e build/sky/obj/uip-ds6-nbr.o
                0x0000cbc0                uip_ds6_nbr_rm
 .text.uip_ds6_neighbors_init
                0x0000cbde       0x12 build/sky/obj/uip-ds6-nbr.o
                0x0000cbde                uip_ds6_neighbors_init
 .text.uip_ds6_nbr_add
                0x0000cbf0       0x3e build/sky/obj/uip-ds6-nbr.o
                0x0000cbf0                uip_ds6_nbr_add
 .text.uip_ds6_nbr_get_ll
                0x0000cc2e        0xc build/sky/obj/uip-ds6-nbr.o
                0x0000cc2e                uip_ds6_nbr_get_ll
 .text.uip_ds6_nbr_head
                0x0000cc3a        0xa build/sky/obj/uip-ds6-nbr.o
                0x0000cc3a                uip_ds6_nbr_head
 .text.uip_ds6_nbr_next
                0x0000cc44        0xc build/sky/obj/uip-ds6-nbr.o
                0x0000cc44                uip_ds6_nbr_next
 .text.uip_ds6_nbr_lookup
                0x0000cc50       0x3a build/sky/obj/uip-ds6-nbr.o
                0x0000cc50                uip_ds6_nbr_lookup
 .text.uip_ds6_nbr_ll_lookup
                0x0000cc8a        0xc build/sky/obj/uip-ds6-nbr.o
                0x0000cc8a                uip_ds6_nbr_ll_lookup
 .text.uip_ds6_nbr_update_ll
                0x0000cc96       0x76 build/sky/obj/uip-ds6-nbr.o
                0x0000cc96                uip_ds6_nbr_update_ll
 .text.uip_ds6_nbr_ipaddr_from_lladdr
                0x0000cd0c        0x6 build/sky/obj/uip-ds6-nbr.o
                0x0000cd0c                uip_ds6_nbr_ipaddr_from_lladdr
 .text.uip_ds6_nbr_lladdr_from_ipaddr
                0x0000cd12       0x12 build/sky/obj/uip-ds6-nbr.o
                0x0000cd12                uip_ds6_nbr_lladdr_from_ipaddr
 .text.uip_ds6_link_callback
                0x0000cd24        0x2 build/sky/obj/uip-ds6-nbr.o
                0x0000cd24                uip_ds6_link_callback
 .text.uip_ds6_route_init
                0x0000cd26        0xe build/sky/obj/uip-ds6-route.o
                0x0000cd26                uip_ds6_route_init
 .text.uip_ds6_route_nexthop
                0x0000cd34        0x4 build/sky/obj/uip-ds6-route.o
                0x0000cd34                uip_ds6_route_nexthop
 .text.uip_ds6_route_lookup
                0x0000cd38        0x4 build/sky/obj/uip-ds6-route.o
                0x0000cd38                uip_ds6_route_lookup
 .text.uip_ds6_route_rm
                0x0000cd3c        0x2 build/sky/obj/uip-ds6-route.o
                0x0000cd3c                uip_ds6_route_rm
 .text.uip_ds6_defrt_rm
                0x0000cd3e       0x2c build/sky/obj/uip-ds6-route.o
                0x0000cd3e                uip_ds6_defrt_rm
 .text.uip_ds6_defrt_lookup
                0x0000cd6a       0x34 build/sky/obj/uip-ds6-route.o
                0x0000cd6a                uip_ds6_defrt_lookup
 .text.uip_ds6_defrt_add
                0x0000cd9e       0x78 build/sky/obj/uip-ds6-route.o
                0x0000cd9e                uip_ds6_defrt_add
 .text.uip_ds6_defrt_choose
                0x0000ce16       0x2e build/sky/obj/uip-ds6-route.o
                0x0000ce16                uip_ds6_defrt_choose
 .text.uip_ds6_defrt_periodic
                0x0000ce44       0x2e build/sky/obj/uip-ds6-route.o
                0x0000ce44                uip_ds6_defrt_periodic
 .text.uip_ds6_default_prefix
                0x0000ce72        0x6 build/sky/obj/uip-ds6.o
                0x0000ce72                uip_ds6_default_prefix
 .text.uip_ds6_list_loop
                0x0000ce78       0x90 build/sky/obj/uip-ds6.o
                0x0000ce78                uip_ds6_list_loop
 .text.uip_ds6_prefix_add
                0x0000cf08       0x76 build/sky/obj/uip-ds6.o
                0x0000cf08                uip_ds6_prefix_add
 .text.uip_ds6_is_addr_onlink
                0x0000cf7e       0x52 build/sky/obj/uip-ds6.o
                0x0000cf7e                uip_ds6_is_addr_onlink
 .text.uip_ds6_addr_lookup
                0x0000cfd0       0x2a build/sky/obj/uip-ds6.o
                0x0000cfd0                uip_ds6_addr_lookup
 .text.uip_ds6_get_link_local
                0x0000cffa       0x3e build/sky/obj/uip-ds6.o
                0x0000cffa                uip_ds6_get_link_local
 .text.uip_ds6_maddr_add
                0x0000d038       0x42 build/sky/obj/uip-ds6.o
                0x0000d038                uip_ds6_maddr_add
 .text.uip_ds6_addr_add
                0x0000d07a       0xc6 build/sky/obj/uip-ds6.o
                0x0000d07a                uip_ds6_addr_add
 .text.uip_ds6_maddr_rm
                0x0000d140        0xa build/sky/obj/uip-ds6.o
                0x0000d140                uip_ds6_maddr_rm
 .text.uip_ds6_maddr_lookup
                0x0000d14a       0x2a build/sky/obj/uip-ds6.o
                0x0000d14a                uip_ds6_maddr_lookup
 .text.uip_ds6_addr_rm
                0x0000d174       0x54 build/sky/obj/uip-ds6.o
                0x0000d174                uip_ds6_addr_rm
 .text.uip_ds6_periodic
                0x0000d1c8       0x46 build/sky/obj/uip-ds6.o
                0x0000d1c8                uip_ds6_periodic
 .text.uip_ds6_set_addr_iid
                0x0000d20e       0x14 build/sky/obj/uip-ds6.o
                0x0000d20e                uip_ds6_set_addr_iid
 .text.uip_ds6_set_lladdr_from_iid
                0x0000d222       0x14 build/sky/obj/uip-ds6.o
                0x0000d222                uip_ds6_set_lladdr_from_iid
 .text.get_match_length
                0x0000d236       0x44 build/sky/obj/uip-ds6.o
                0x0000d236                get_match_length
 .text.uip_ds6_select_src
                0x0000d27a       0xa6 build/sky/obj/uip-ds6.o
                0x0000d27a                uip_ds6_select_src
 .text.uip_ds6_compute_reachable_time
                0x0000d320       0x3e build/sky/obj/uip-ds6.o
                0x0000d320                uip_ds6_compute_reachable_time
 .text.uip_ds6_init
                0x0000d35e      0x164 build/sky/obj/uip-ds6.o
                0x0000d35e                uip_ds6_init
 .text.echo_reply_input
                0x0000d4c2       0x5e build/sky/obj/uip-icmp6.o
 .text.echo_request_input
                0x0000d520       0x86 build/sky/obj/uip-icmp6.o
 .text.uip_icmp6_input
                0x0000d5a6       0x34 build/sky/obj/uip-icmp6.o
                0x0000d5a6                uip_icmp6_input
 .text.uip_icmp6_register_input_handler
                0x0000d5da        0xc build/sky/obj/uip-icmp6.o
                0x0000d5da                uip_icmp6_register_input_handler
 .text.uip_icmp6_error_output
                0x0000d5e6      0x146 build/sky/obj/uip-icmp6.o
                0x0000d5e6                uip_icmp6_error_output
 .text.uip_icmp6_send
                0x0000d72c       0x8e build/sky/obj/uip-icmp6.o
                0x0000d72c                uip_icmp6_send
 .text.uip_icmp6_init
                0x0000d7ba       0x12 build/sky/obj/uip-icmp6.o
                0x0000d7ba                uip_icmp6_init
 .text.ns_input
                0x0000d7cc      0x2a8 build/sky/obj/uip-nd6.o
 .text.uip_nd6_init
                0x0000da74        0xa build/sky/obj/uip-nd6.o
                0x0000da74                uip_nd6_init
 .text.node_matches_address.part.0
                0x0000da7e       0x2e build/sky/obj/uip-sr.o
 .text.uip_sr_get_node
                0x0000daac       0x3a build/sky/obj/uip-sr.o
                0x0000daac                uip_sr_get_node
 .text.uip_sr_is_addr_reachable
                0x0000dae6       0x4e build/sky/obj/uip-sr.o
                0x0000dae6                uip_sr_is_addr_reachable
 .text.uip_sr_expire_parent
                0x0000db34       0x50 build/sky/obj/uip-sr.o
                0x0000db34                uip_sr_expire_parent
 .text.uip_sr_update_node
                0x0000db84       0xbc build/sky/obj/uip-sr.o
                0x0000db84                uip_sr_update_node
 .text.uip_sr_init
                0x0000dc40       0x12 build/sky/obj/uip-sr.o
                0x0000dc40                uip_sr_init
 .text.uip_sr_periodic
                0x0000dc52       0x8c build/sky/obj/uip-sr.o
                0x0000dc52                uip_sr_periodic
 .text.uip_sr_free_all
                0x0000dcde       0x30 build/sky/obj/uip-sr.o
                0x0000dcde                uip_sr_free_all
 .text.chksum   0x0000dd0e       0x32 build/sky/obj/uip6.o
 .text.upper_layer_chksum
                0x0000dd40       0x58 build/sky/obj/uip6.o
 .text.ext_hdr_options_process
                0x0000dd98       0xa4 build/sky/obj/uip6.o
 .text.uip_check_mtu
                0x0000de3c       0x1e build/sky/obj/uip6.o
 .text.uip_update_ttl
                0x0000de5a       0x24 build/sky/obj/uip6.o
 .text.uip_icmp6chksum
                0x0000de7e        0xa build/sky/obj/uip6.o
                0x0000de7e                uip_icmp6chksum
 .text.uip_udpchksum
                0x0000de88        0xa build/sky/obj/uip6.o
                0x0000de88                uip_udpchksum
 .text.uip_init
                0x0000de92       0x3c build/sky/obj/uip6.o
                0x0000de92                uip_init
 .text.uip_remove_ext_hdr
                0x0000dece       0x5e build/sky/obj/uip6.o
                0x0000dece                uip_remove_ext_hdr
 .text.uip_process
                0x0000df2c      0x568 build/sky/obj/uip6.o
                0x0000df2c                uip_process
 .text.uip_htonl
                0x0000e494       0x2e build/sky/obj/uip6.o
                0x0000e494                uip_htonl
 .text.uipbuf_add_ext_hdr
                0x0000e4c2       0x1c build/sky/obj/uipbuf.o
                0x0000e4c2                uipbuf_add_ext_hdr
 .text.uipbuf_set_len
                0x0000e4de       0x12 build/sky/obj/uipbuf.o
                0x0000e4de                uipbuf_set_len
 .text.uipbuf_set_len_field
                0x0000e4f0        0xe build/sky/obj/uipbuf.o
                0x0000e4f0                uipbuf_set_len_field
 .text.uipbuf_get_len_field
                0x0000e4fe        0xe build/sky/obj/uipbuf.o
                0x0000e4fe                uipbuf_get_len_field
 .text.uipbuf_get_next_header
                0x0000e50c       0x6a build/sky/obj/uipbuf.o
                0x0000e50c                uipbuf_get_next_header
 .text.uipbuf_get_last_header
                0x0000e576       0x3e build/sky/obj/uipbuf.o
                0x0000e576                uipbuf_get_last_header
 .text.uipbuf_search_header
                0x0000e5b4       0x4e build/sky/obj/uipbuf.o
                0x0000e5b4                uipbuf_search_header
 .text.uipbuf_get_attr
                0x0000e602       0x12 build/sky/obj/uipbuf.o
                0x0000e602                uipbuf_get_attr
 .text.uipbuf_set_attr
                0x0000e614       0x14 build/sky/obj/uipbuf.o
                0x0000e614                uipbuf_set_attr
 .text.uipbuf_clear_attr
                0x0000e628       0x12 build/sky/obj/uipbuf.o
                0x0000e628                uipbuf_clear_attr
 .text.uipbuf_clear
                0x0000e63a       0x12 build/sky/obj/uipbuf.o
                0x0000e63a                uipbuf_clear
 .text.uipbuf_init
                0x0000e64c       0x1a build/sky/obj/uipbuf.o
                0x0000e64c                uipbuf_init
 .text.uiplib_ipaddr_snprint
                0x0000e666      0x12c build/sky/obj/uiplib.o
                0x0000e666                uiplib_ipaddr_snprint
 .text.watchdog_interrupt
                0x0000e792        0x6 build/sky/obj/watchdog.o
                0x0000e792                __isr_10
                0x0000e792                watchdog_interrupt
 .text.watchdog_start
                0x0000e798       0x14 build/sky/obj/watchdog.o
                0x0000e798                watchdog_start
 .text.watchdog_periodic
                0x0000e7ac       0x12 build/sky/obj/watchdog.o
                0x0000e7ac                watchdog_periodic
 .text.watchdog_stop
                0x0000e7be       0x16 build/sky/obj/watchdog.o
                0x0000e7be                watchdog_stop
 .text.watchdog_init
                0x0000e7d4       0x12 build/sky/obj/watchdog.o
                0x0000e7d4                watchdog_init
 .text.write_enable
                0x0000e7e6       0x28 build/sky/obj/xmem.o
 .text.wait_ready
                0x0000e80e       0x4a build/sky/obj/xmem.o
 .text.xmem_init
                0x0000e858       0x3c build/sky/obj/xmem.o
                0x0000e858                xmem_init
 .text.xmem_pread
                0x0000e894       0xa4 build/sky/obj/xmem.o
                0x0000e894                xmem_pread
 .text.xmem_pwrite
                0x0000e938      0x102 build/sky/obj/xmem.o
                0x0000e938                xmem_pwrite
 .text.xmem_erase
                0x0000ea3a       0xba build/sky/obj/xmem.o
                0x0000ea3a                xmem_erase
 .text.printf   0x0000eaf4       0x10 /usr/local/bin/../lib/gcc/msp430/4.7.2/../../../../msp430/lib/mmpy-16/libc.a(printf.o)
                0x0000eaf4                printf
 .text.append   0x0000eb04       0x22 /usr/local/bin/../lib/gcc/msp430/4.7.2/../../../../msp430/lib/mmpy-16/libc.a(sprintf.o)
 .text.call_vuprintf
                0x0000eb26       0x3a /usr/local/bin/../lib/gcc/msp430/4.7.2/../../../../msp430/lib/mmpy-16/libc.a(sprintf.o)
 .text.snprintf
                0x0000eb60       0x1a /usr/local/bin/../lib/gcc/msp430/4.7.2/../../../../msp430/lib/mmpy-16/libc.a(sprintf.o)
                0x0000eb60                snprintf
 .text.print_field
                0x0000eb7a      0x194 /usr/local/bin/../lib/gcc/msp430/4.7.2/../../../../msp430/lib/mmpy-16/libc.a(vuprintf.o)
 .text.vuprintf
                0x0000ed0e      0x63e /usr/local/bin/../lib/gcc/msp430/4.7.2/../../../../msp430/lib/mmpy-16/libc.a(vuprintf.o)
                0x0000ed0e                vuprintf
 .text.puts     0x0000f34c       0x2c /usr/local/bin/../lib/gcc/msp430/4.7.2/../../../../msp430/lib/mmpy-16/libc.a(puts.o)
                0x0000f34c                puts
 .text.rand     0x0000f378       0x26 /usr/local/bin/../lib/gcc/msp430/4.7.2/../../../../msp430/lib/mmpy-16/libc.a(rand.o)
                0x0000f378                rand
 .text.srand    0x0000f39e        0xa /usr/local/bin/../lib/gcc/msp430/4.7.2/../../../../msp430/lib/mmpy-16/libc.a(rand.o)
                0x0000f39e                srand
 .text.strcmp   0x0000f3a8       0x1e /usr/local/bin/../lib/gcc/msp430/4.7.2/../../../../msp430/lib/mmpy-16/libc.a(strcmp.o)
                0x0000f3a8                strcmp
 .text.memcmp   0x0000f3c6       0x30 /usr/local/bin/../lib/gcc/msp430/4.7.2/../../../../msp430/lib/mmpy-16/libc.a(memcmp.o)
                0x0000f3c6                memcmp
 .text.strcpy   0x0000f3f6       0x14 /usr/local/bin/../lib/gcc/msp430/4.7.2/../../../../msp430/lib/mmpy-16/libc.a(strcpy.o)
                0x0000f3f6                strcpy
 .text.strncpy  0x0000f40a       0x2a /usr/local/bin/../lib/gcc/msp430/4.7.2/../../../../msp430/lib/mmpy-16/libc.a(strncpy.o)
                0x0000f40a                strncpy
 .text.memcpy   0x0000f434       0xfa /usr/local/bin/../lib/gcc/msp430/4.7.2/../../../../msp430/lib/mmpy-16/libc.a(memcpy.o)
                0x0000f434                memcpy
 .text.memmove  0x0000f52e       0xfa /usr/local/bin/../lib/gcc/msp430/4.7.2/../../../../msp430/lib/mmpy-16/libc.a(memmove.o)
                0x0000f52e                memmove
 .text.memset   0x0000f628       0x6a /usr/local/bin/../lib/gcc/msp430/4.7.2/../../../../msp430/lib/mmpy-16/libc.a(memset.o)
                0x0000f628                memset
 .text.crt0     0x0000f692        0x2 /usr/local/bin/../lib/gcc/msp430/4.7.2/mmpy-16/libcrt0.a(_unexpected_.o)
                0x0000f692                _unexpected_
 .text.libgcc   0x0000f694       0x2c /usr/local/bin/../lib/gcc/msp430/4.7.2/mmpy-16/libgcc.a(_mulsi3.o)
                0x0000f694                __mulsi3
 .text.libgcc   0x0000f6c0       0x22 /usr/local/bin/../lib/gcc/msp430/4.7.2/mmpy-16/libgcc.a(_udivmod16.o)
                0x0000f6c0                __udivhi3
                0x0000f6c0                __ext_udivmod16
                0x0000f6da                __umodhi3
 .text.libgcc   0x0000f6e2       0x3a /usr/local/bin/../lib/gcc/msp430/4.7.2/mmpy-16/libgcc.a(_divmod16.o)
                0x0000f6e2                __ext_divmod16
                0x0000f6e2                __divhi3
                0x0000f714                __modhi3
 .text.libgcc   0x0000f71c       0x40 /usr/local/bin/../lib/gcc/msp430/4.7.2/mmpy-16/libgcc.a(_udivmod32.o)
                0x0000f71c                __udivsi3
                0x0000f71c                __ext_udivmod32
                0x0000f752                __umodsi3
 .text.libgcc   0x0000f75c       0x4c /usr/local/bin/../lib/gcc/msp430/4.7.2/mmpy-16/libgcc.a(_divmod32.o)
                0x0000f75c                __ext_divmod32
                0x0000f75c                __divsi3
                0x0000f79e                __modsi3
 .text.libgcc   0x0000f7a8       0xf0 /usr/local/bin/../lib/gcc/msp430/4.7.2/mmpy-16/libgcc.a(_udivmod64.o)
                0x0000f7a8                __xabi_udivmod64
                0x0000f806                __udivdi3
                0x0000f82c                __umoddi3
                0x0000f85a                __udivmoddi4
 *(SORT(.near.text) SORT(.near.text.*))

.rodata         0x0000f898      0x5c2
                0x0000f898                . = ALIGN (0x2)
 *(SORT(.rodata) SORT(.rodata.*) SORT(.gnu.linkonce.r.*))
 .rodata.get_value
                0x0000f898       0x34 build/sky/obj/cc2420.o
 .rodata.set_value
                0x0000f8cc       0x10 build/sky/obj/cc2420.o
 .rodata        0x0000f8dc       0x10 build/sky/obj/button-sensor.o
                0x0000f8e4                button_sensor
 .rodata        0x0000f8ec       0x3e build/sky/obj/cc2420.o
                0x0000f8ec                cc2420_aes_128_driver
                0x0000f8f0                cc2420_driver
 .rodata        0x0000f92a       0x14 build/sky/obj/csma.o
                0x0000f930                csma_driver
 .rodata        0x0000f93e        0x6 build/sky/obj/framer-802154.o
                0x0000f93e                framer_802154
 .rodata        0x0000f944        0x8 build/sky/obj/linkaddr.o
                0x0000f944                linkaddr_null
 .rodata        0x0000f94c       0xca build/sky/obj/log.o
 .rodata        0x0000fa16      0x14a build/sky/obj/memory_operations.o
                0x0000fb42                autostart_processes
 .rodata        0x0000fb60       0xe0 build/sky/obj/rpl-dag.o
 .rodata        0x0000fc40       0x34 build/sky/obj/rpl.o
                0x0000fc4a                rpl_lite_driver
 .rodata        0x0000fc74       0x26 build/sky/obj/sicslowpan.o
                0x0000fc80                sicslowpan_driver
                0x0000fc88                llprefix
                0x0000fc8a                unc_mxconf
                0x0000fc8e                unc_ctxconf
                0x0000fc92                unc_llconf
 .rodata        0x0000fc9a       0xdf build/sky/obj/contiki-main.o
 .rodata        0x0000fd79        0xf build/sky/obj/ctimer.o
 .rodata        0x0000fd88        0xc build/sky/obj/etimer.o
 .rodata        0x0000fd94        0x2 build/sky/obj/frame802154.o
 .rodata        0x0000fd96       0x31 build/sky/obj/platform.o
 .rodata        0x0000fdc7        0xc build/sky/obj/rpl-timers.o
 .rodata        0x0000fdd3        0x8 build/sky/obj/sensors.o
 .rodata        0x0000fddb       0x3e build/sky/obj/stack-check.o
 .rodata        0x0000fe19        0xd build/sky/obj/tcpip.o
 .rodata        0x0000fe26       0x2d build/sky/obj/uiplib.o
 .rodata.vuprintf
                0x0000fe53        0x7 /usr/local/bin/../lib/gcc/msp430/4.7.2/../../../../msp430/lib/mmpy-16/libc.a(vuprintf.o)
 *(SORT(.near.rodata) SORT(.near.rodata.*))
                0x0000fe5a                . = ALIGN (0x2)
                0x0000fe5a                _etext = .

.data           0x00001100      0x14e load address 0x0000fe5a
                0x00001100                . = ALIGN (0x2)
                0x00001100                __data_start = .
 *(SORT(.data) SORT(.data.*) SORT(.gnu.linkonce.d.*))
 .data          0x00001100        0xc build/sky/obj/cc2420.o
                0x00001100                cc2420_process
 .data          0x0000110c       0x18 build/sky/obj/csma-output.o
 .data          0x00001124        0xa build/sky/obj/ctimer.o
                0x00001124                ctimer_process
 .data          0x0000112e        0xa build/sky/obj/etimer.o
                0x0000112e                etimer_process
 .data          0x00001138        0x2 build/sky/obj/frame802154.o
 .data          0x0000113a        0x8 build/sky/obj/link-stats.o
 .data          0x00001142       0x5c build/sky/obj/log.o
                0x00001142                all_modules
                0x0000119c                curr_log_level_main
 .data          0x0000119e       0x12 build/sky/obj/memory_operations.o
                0x0000119e                memory_operations_process
 .data          0x000011b0        0x2 build/sky/obj/msp430.o
 .data          0x000011b2        0x8 build/sky/obj/nbr-table.o
 .data          0x000011ba        0x4 build/sky/obj/platform.o
                0x000011ba                sensors
 .data          0x000011be       0x10 build/sky/obj/queuebuf.o
 .data          0x000011ce       0x18 build/sky/obj/rpl-icmp6.o
 .data          0x000011e6       0x12 build/sky/obj/rpl-mrhof.o
                0x000011e6                rpl_mrhof
 .data          0x000011f8        0xa build/sky/obj/rpl-neighbor.o
                0x000011f8                rpl_neighbors
 .data          0x00001202        0xa build/sky/obj/sensors.o
                0x00001202                sensors_process
 .data          0x0000120c        0xa build/sky/obj/stack-check.o
                0x0000120c                stack_check_process
 .data          0x00001216        0xa build/sky/obj/tcpip.o
                0x00001216                tcpip_process
 .data          0x00001220        0x8 build/sky/obj/uip-ds6-nbr.o
 .data          0x00001228        0x8 build/sky/obj/uip-ds6-route.o
 .data          0x00001230        0xc build/sky/obj/uip-icmp6.o
 .data          0x0000123c        0x6 build/sky/obj/uip-nd6.o
 .data          0x00001242        0x8 build/sky/obj/uip-sr.o
 .data.next     0x0000124a        0x4 /usr/local/bin/../lib/gcc/msp430/4.7.2/../../../../msp430/lib/mmpy-16/libc.a(rand.o)
 *(SORT(.near.data) SORT(.near.data.*))
                0x0000124e                . = ALIGN (0x2)
                0x0000124e                _edata = .
                0x0000fe5a                __data_load_start = LOADADDR (.data)
                0x0000014e                __data_size = SIZEOF (.data)

.bss            0x0000124e     0x1acc load address 0x0000ffa8
                0x0000124e                __bss_start = .
 *(SORT(.bss) SORT(.bss.*))
 .bss           0x0000124e        0x8 build/sky/obj/button-sensor.o
 .bss           0x00001256       0x10 build/sky/obj/cc2420.o
 .bss           0x00001266       0x90 build/sky/obj/cfs-coffee.o
 .bss           0x000012f6        0xa build/sky/obj/clock.o
 .bss           0x00001300       0xbc build/sky/obj/csma-output.o
 .bss           0x000013bc        0x4 build/sky/obj/ctimer.o
 .bss           0x000013c0        0x6 build/sky/obj/etimer.o
 .bss           0x000013c6       0xa0 build/sky/obj/link-stats.o
 .bss           0x00001466       0x1a build/sky/obj/log.o
                0x00001466                curr_log_level_sys
                0x00001468                curr_log_level_lwm2m
                0x0000146a                curr_log_level_snmp
                0x0000146c                curr_log_level_dtls
                0x0000146e                curr_log_level_coap
                0x00001470                curr_log_level_6top
                0x00001472                curr_log_level_framer
                0x00001474                curr_log_level_mac
                0x00001476                curr_log_level_nullnet
                0x00001478                curr_log_level_6lowpan
                0x0000147a                curr_log_level_ipv6
                0x0000147c                curr_log_level_tcpip
                0x0000147e                curr_log_level_rpl
 .bss           0x00001480       0xe2 build/sky/obj/mac-sequence.o
 .bss           0x00001562       0x10 build/sky/obj/memory_operations.o
 .bss           0x00001572       0xe4 build/sky/obj/nbr-table.o
 .bss           0x00001656        0x2 build/sky/obj/netstack.o
 .bss           0x00001658        0x2 build/sky/obj/node-id.o
                0x00001658                node_id
 .bss           0x0000165a       0x86 build/sky/obj/packetbuf.o
 .bss           0x000016e0        0x8 build/sky/obj/platform.o
 .bss           0x000016e8       0xc4 build/sky/obj/process.o
 .bss           0x000017ac      0x570 build/sky/obj/queuebuf.o
 .bss           0x00001d1c       0x12 build/sky/obj/rpl-dag-root.o
 .bss           0x00001d2e       0x80 build/sky/obj/rpl-neighbor.o
 .bss           0x00001dae       0x28 build/sky/obj/rpl-timers.o
 .bss           0x00001dd6        0x2 build/sky/obj/rtimer.o
 .bss           0x00001dd8        0x6 build/sky/obj/sensors.o
 .bss           0x00001dde      0x6cc build/sky/obj/sicslowpan.o
 .bss           0x000024aa        0xe build/sky/obj/stack-check.o
 .bss           0x000024b8        0xc build/sky/obj/tcpip.o
 .bss           0x000024c4       0x9a build/sky/obj/uart1.o
 .bss           0x0000255e      0x120 build/sky/obj/uip-ds6-nbr.o
 .bss           0x0000267e       0x3c build/sky/obj/uip-ds6-route.o
 .bss           0x000026ba       0x28 build/sky/obj/uip-ds6.o
 .bss           0x000026e2       0x14 build/sky/obj/uip-icmp6.o
 .bss           0x000026f6        0x8 build/sky/obj/uip-nd6.o
 .bss           0x000026fe      0x134 build/sky/obj/uip-sr.o
 .bss           0x00002832        0x8 build/sky/obj/uip6.o
                0x00002832                uip_last_proto
                0x00002834                uip_ext_len
                0x00002836                uip_ext_bitmap
 .bss           0x0000283a       0x20 build/sky/obj/uipbuf.o
 .bss           0x0000285a        0x2 build/sky/obj/watchdog.o
 .bss.destination_
                0x0000285c        0x2 /usr/local/bin/../lib/gcc/msp430/4.7.2/../../../../msp430/lib/mmpy-16/libc.a(sprintf.o)
 .bss.available_
                0x0000285e        0x2 /usr/local/bin/../lib/gcc/msp430/4.7.2/../../../../msp430/lib/mmpy-16/libc.a(sprintf.o)
 .bss           0x00002860        0x1 build/sky/obj/rpl.o
 *(SORT(.near.bss) SORT(.near.bss.*))
 *(SORT(COMMON))
 *fill*         0x00002861        0x1 00
 COMMON         0x00002862        0xc build/sky/obj/cc2420.o
                0x00002862                cc2420_last_rssi
                0x00002864                cc2420_sfd_start_time
                0x00002866                cc2420_last_correlation
                0x00002868                cc2420_authority_level_of_sender
                0x0000286a                cc2420_sfd_counter
                0x0000286c                cc2420_sfd_end_time
 COMMON         0x0000286e       0x14 build/sky/obj/link-stats.o
                0x0000286e                periodic_timer
 COMMON         0x00002882        0x8 build/sky/obj/linkaddr.o
                0x00002882                linkaddr_node_addr
 COMMON         0x0000288a        0x2 build/sky/obj/msp430.o
                0x0000288a                msp430_dco_required
 COMMON         0x0000288c       0x28 build/sky/obj/packetbuf.o
                0x0000288c                packetbuf_addrs
                0x0000289c                packetbuf_attrs
 COMMON         0x000028b4        0x4 build/sky/obj/process.o
                0x000028b4                process_list
                0x000028b6                process_current
 COMMON         0x000028b8       0xfe build/sky/obj/rpl-dag.o
                0x000028b8                curr_instance
 COMMON         0x000029b6       0x10 build/sky/obj/rpl.o
                0x000029b6                rpl_multicast_addr
 COMMON         0x000029c6      0x172 build/sky/obj/uip-ds6.o
                0x000029c6                uip_ds6_timer_ra
                0x000029ce                uip_ds6_if
                0x00002ad6                uip_ds6_netif_addr_list_offset
                0x00002ad7                uip_ds6_addr_size
                0x00002ad8                uip_ds6_prefix_list
                0x00002b2c                uip_ds6_timer_periodic
 COMMON         0x00002b38      0x1d6 build/sky/obj/uip6.o
                0x00002b38                uip_len
                0x00002b3a                uip_sappdata
                0x00002b3c                uip_lladdr
                0x00002b44                uip_aligned_buf
                0x00002c34                uip_flags
                0x00002c36                uip_udp_conn
                0x00002c38                uip_appdata
                0x00002c3a                uip_conn
                0x00002c3c                uip_slen
                0x00002c3e                uip_udp_conns
 COMMON         0x00002d0e        0x8 build/sky/obj/ds2411.o
                0x00002d0e                ds2411_id
 COMMON         0x00002d16        0x2 build/sky/obj/platform.o
                0x00002d16                sensors_flags
 COMMON         0x00002d18        0x1 build/sky/obj/sensors.o
                0x00002d18                sensors_event
 COMMON         0x00002d19        0x1 build/sky/obj/tcpip.o
                0x00002d19                tcpip_event
                0x00002d1a                . = ALIGN (0x2)
                0x00002d1a                __bss_end = .
                0x00001acc                __bss_size = SIZEOF (.bss)

.noinit         0x00002d1a        0x2 load address 0x0000ffa8
                0x00002d1a                . = ALIGN (0x2)
                0x00002d1a                __noinit_start = .
 *(SORT(.noinit) SORT(.noinit.*))
 .noinit.crt0   0x00002d1a        0x2 /usr/local/bin/../lib/gcc/msp430/4.7.2/mmpy-16/libcrt0.a(__watchdog_support.o)
                0x00002d1a                __wdt_clear_value
                0x00002d1c                . = ALIGN (0x2)
                0x00002d1c                __noinit_end = .
                0x00002d1c                . = ALIGN (0x2)
                0x00002d1c                _end = .

.infomem        0x00001000        0x0
                0x00001000                . = ALIGN (0x2)
 *(SORT(.infomem) SORT(.infomem.*))

.infomemnobits  0x00001000        0x0
                0x00001000                . = ALIGN (0x2)
 *(SORT(.infomemnobits) SORT(.infomemnobits.*))

.infoa          0x00001080        0x0
                0x00001080                . = ALIGN (0x2)
 *(SORT(.infoa) SORT(.infoa.*))

.infob          0x00001000        0x0
                0x00001000                . = ALIGN (0x2)
 *(SORT(.infob) SORT(.infob.*))

.infoc          0x00000000        0x0
                0x00000000                . = ALIGN (0x2)
 *(SORT(.infoc) SORT(.infoc.*))

.infod          0x00000000        0x0
                0x00000000                . = ALIGN (0x2)
 *(SORT(.infod) SORT(.infod.*))
                0x0000ffff                PROVIDE (__vte_0, 0xffff)
                0x0000ffff                PROVIDE (__vte_1, 0xffff)
                0x0000ffff                PROVIDE (__vte_2, 0xffff)
                0x0000ffff                PROVIDE (__vte_3, 0xffff)
                0x0000ffff                PROVIDE (__vte_4, 0xffff)
                0x0000ffff                PROVIDE (__vte_5, 0xffff)
                0x0000ffff                PROVIDE (__vte_6, 0xffff)
                0x0000ffff                PROVIDE (__vte_7, 0xffff)
                0x0000ffff                PROVIDE (__vte_8, 0xffff)