Archive member included because of file (symbol)

/usr/local/bin/../lib/gcc/msp430/4.7.2/mmpy-16/libgcc.a(_mulsi3.o)
                              build/sky/obj/cfs-coffee.o (__mulsi3)
/usr/local/bin/../lib/gcc/msp430/4.7.2/mmpy-16/libgcc.a(_udivmod16.o)
                              build/sky/obj/cfs-coffee.o (__udivhi3)
/usr/local/bin/../lib/gcc/msp430/4.7.2/mmpy-16/libgcc.a(_divmod16.o)
                              build/sky/obj/link-stats.o (__divhi3)
/usr/local/bin/../lib/gcc/msp430/4.7.2/mmpy-16/libgcc.a(_udivmod32.o)
                              build/sky/obj/ifft.o (__udivsi3)
/usr/local/bin/../lib/gcc/msp430/4.7.2/mmpy-16/libgcc.a(_divmod32.o)
                              build/sky/obj/cfs-coffee.o (__divsi3)
/usr/local/bin/../lib/gcc/msp430/4.7.2/../../../../msp430/lib/mmpy-16/libc.a(printf.o)
                              build/sky/obj/assert.o (printf)
/usr/local/bin/../lib/gcc/msp430/4.7.2/../../../../msp430/lib/mmpy-16/libc.a(sprintf.o)
                              build/sky/obj/log.o (snprintf)
/usr/local/bin/../lib/gcc/msp430/4.7.2/../../../../msp430/lib/mmpy-16/libc.a(vuprintf.o)
                              /usr/local/bin/../lib/gcc/msp430/4.7.2/../../../../msp430/lib/mmpy-16/libc.a(printf.o) (vuprintf)
/usr/local/bin/../lib/gcc/msp430/4.7.2/../../../../msp430/lib/mmpy-16/libc.a(puts.o)
                              build/sky/obj/assert.o (puts)
/usr/local/bin/../lib/gcc/msp430/4.7.2/../../../../msp430/lib/mmpy-16/libc.a(rand.o)
                              build/sky/obj/random.o (rand)
/usr/local/bin/../lib/gcc/msp430/4.7.2/../../../../msp430/lib/mmpy-16/libc.a(strcmp.o)
                              build/sky/obj/cfs-coffee.o (strcmp)
/usr/local/bin/../lib/gcc/msp430/4.7.2/../../../../msp430/lib/mmpy-16/libc.a(strncmp.o)
                              build/sky/obj/sensors.o (strncmp)
/usr/local/bin/../lib/gcc/msp430/4.7.2/../../../../msp430/lib/mmpy-16/libc.a(memcmp.o)
                              build/sky/obj/ip64-addr.o (memcmp)
/usr/local/bin/../lib/gcc/msp430/4.7.2/../../../../msp430/lib/mmpy-16/libc.a(strncpy.o)
                              build/sky/obj/cfs-coffee.o (strncpy)
/usr/local/bin/../lib/gcc/msp430/4.7.2/../../../../msp430/lib/mmpy-16/libc.a(memcpy.o)
                              build/sky/obj/aes-128.o (memcpy)
/usr/local/bin/../lib/gcc/msp430/4.7.2/../../../../msp430/lib/mmpy-16/libc.a(memmove.o)
                              build/sky/obj/cbor.o (memmove)
/usr/local/bin/../lib/gcc/msp430/4.7.2/../../../../msp430/lib/mmpy-16/libc.a(memset.o)
                              build/sky/obj/cfs-coffee.o (memset)
/usr/local/bin/../lib/gcc/msp430/4.7.2/mmpy-16/libgcc.a(_udivmod64.o)
                              /usr/local/bin/../lib/gcc/msp430/4.7.2/../../../../msp430/lib/mmpy-16/libc.a(vuprintf.o) (__udivdi3)
/usr/local/bin/../lib/gcc/msp430/4.7.2/mmpy-16/libcrt0.a(_reset_vector__.o)
                              (_reset_vector__)
/usr/local/bin/../lib/gcc/msp430/4.7.2/mmpy-16/libcrt0.a(__watchdog_support.o)
                              /usr/local/bin/../lib/gcc/msp430/4.7.2/mmpy-16/libcrt0.a(_reset_vector__.o) (__watchdog_support)
/usr/local/bin/../lib/gcc/msp430/4.7.2/mmpy-16/libcrt0.a(__init_stack.o)
                              /usr/local/bin/../lib/gcc/msp430/4.7.2/mmpy-16/libcrt0.a(_reset_vector__.o) (__init_stack)
/usr/local/bin/../lib/gcc/msp430/4.7.2/mmpy-16/libcrt0.a(__low_level_init.o)
                              /usr/local/bin/../lib/gcc/msp430/4.7.2/mmpy-16/libcrt0.a(_reset_vector__.o) (__low_level_init)
/usr/local/bin/../lib/gcc/msp430/4.7.2/mmpy-16/libcrt0.a(_copy_data.o)
                              /usr/local/bin/../lib/gcc/msp430/4.7.2/mmpy-16/libcrt0.a(_reset_vector__.o) (__do_copy_data)
/usr/local/bin/../lib/gcc/msp430/4.7.2/mmpy-16/libcrt0.a(_clear_bss.o)
                              /usr/local/bin/../lib/gcc/msp430/4.7.2/mmpy-16/libcrt0.a(_reset_vector__.o) (__do_clear_bss)
/usr/local/bin/../lib/gcc/msp430/4.7.2/mmpy-16/libcrt0.a(__stop_progExec__.o)
                              /usr/local/bin/../lib/gcc/msp430/4.7.2/mmpy-16/libcrt0.a(_reset_vector__.o) (__stop_progExec__)
/usr/local/bin/../lib/gcc/msp430/4.7.2/mmpy-16/libcrt0.a(_endless_loop__.o)
                              /usr/local/bin/../lib/gcc/msp430/4.7.2/mmpy-16/libcrt0.a(_reset_vector__.o) (_endless_loop__)
/usr/local/bin/../lib/gcc/msp430/4.7.2/mmpy-16/libcrt0.a(_unexpected_.o)
                              /usr/local/bin/../lib/gcc/msp430/4.7.2/mmpy-16/crt0ivtbl16.o (_unexpected_)

Allocating common symbols
Common symbol       size              file

compower_idle_activity
                    0x10              build/sky/obj/compower.o
uip_ds6_timer_ra    0x8               build/sky/obj/uip-ds6.o
cc2420_last_rssi    0x1               build/sky/obj/cc2420.o
uip_ds6_if          0x108             build/sky/obj/uip-ds6.o
uip_ds6_netif_addr_list_offset
                    0x1               build/sky/obj/uip-ds6.o
uip_len             0x2               build/sky/obj/uip6.o
[...]
Memory Configuration

Name             Origin             Length             Attributes
sfr              0x00000000         0x00000010
peripheral_8bit  0x00000010         0x000000f0
peripheral_16bit 0x00000100         0x00000100
ram_mirror       0x00000200         0x00000800         xw
infomem          0x00001000         0x00000100
infob            0x00001000         0x00000080
infoa            0x00001080         0x00000080
ram              0x00001100         0x00002800         xw
rom              0x00004000         0x0000bfe0         xr
vectors          0x0000ffe0         0x00000020
bsl              0x00000000         0x00000000
infoc            0x00000000         0x00000000
infod            0x00000000         0x00000000
ram2             0x00000000         0x00000000         xw
usbram           0x00000000         0x00000000         xw
far_rom          0x00000000         0x00000000
*default*        0x00000000         0xffffffff

Linker script and memory map

LOAD /usr/local/bin/../lib/gcc/msp430/4.7.2/mmpy-16/crt0ivtbl16.o
                0x00002c8c                _stack = _end
LOAD build/sky/obj/aes-128.o
LOAD build/sky/obj/anti-replay.o
LOAD build/sky/obj/assert.o
LOAD build/sky/obj/atomic.o
LOAD build/sky/obj/autostart.o
LOAD build/sky/obj/battery-sensor.o
LOAD build/sky/obj/bitrev.o
LOAD build/sky/obj/button-hal.o
LOAD build/sky/obj/button-sensor.o
LOAD build/sky/obj/cbor.o
LOAD build/sky/obj/cc2420-arch-sfd.o
LOAD build/sky/obj/cc2420-arch.o
LOAD build/sky/obj/cc2420-tsch-15ms.o
LOAD build/sky/obj/cc2420.o
LOAD build/sky/obj/ccm-star-packetbuf.o
LOAD build/sky/obj/ccm-star.o
LOAD build/sky/obj/cfs-coffee.o
LOAD build/sky/obj/circular-list.o
LOAD build/sky/obj/clock.o
LOAD build/sky/obj/compower.o
LOAD build/sky/obj/contiki-main.o
LOAD build/sky/obj/crc16.o
LOAD build/sky/obj/csma-output.o
LOAD build/sky/obj/csma-security.o
LOAD build/sky/obj/csma.o
LOAD build/sky/obj/csprng.o
LOAD build/sky/obj/ctimer.o
LOAD build/sky/obj/dbl-circ-list.o
LOAD build/sky/obj/dbl-list.o
LOAD build/sky/obj/ds2411.o
LOAD build/sky/obj/ecc-curve.o
LOAD build/sky/obj/energest.o
LOAD build/sky/obj/etimer.o
LOAD build/sky/obj/flash.o
LOAD build/sky/obj/frame802154.o
LOAD build/sky/obj/frame802154e-ie.o
LOAD build/sky/obj/framer-802154.o
LOAD build/sky/obj/gpio-hal.o
LOAD build/sky/obj/heapmem.o
LOAD build/sky/obj/hexconv.o
LOAD build/sky/obj/ifft.o
LOAD build/sky/obj/int-master.o
LOAD build/sky/obj/ip64-addr.o
LOAD build/sky/obj/iq-seeder.o
LOAD build/sky/obj/leds-arch.o
LOAD build/sky/obj/leds.o
LOAD build/sky/obj/light-sensor.o
LOAD build/sky/obj/link-stats.o
LOAD build/sky/obj/linkaddr.o
LOAD build/sky/obj/list.o
LOAD build/sky/obj/log.o
LOAD build/sky/obj/lpm.o
LOAD build/sky/obj/mac-sequence.o
LOAD build/sky/obj/memb.o
LOAD build/sky/obj/memory_operations.o
LOAD build/sky/obj/msp430.o
LOAD build/sky/obj/mutex.o
LOAD build/sky/obj/nbr-table.o
LOAD build/sky/obj/net-debug.o
LOAD build/sky/obj/netstack.o
LOAD build/sky/obj/node-id.o
LOAD build/sky/obj/nullframer.o
LOAD build/sky/obj/nullradio.o
LOAD build/sky/obj/packetbuf.o
LOAD build/sky/obj/platform.o
LOAD build/sky/obj/process-mutex.o
LOAD build/sky/obj/process.o
LOAD build/sky/obj/psock.o
LOAD build/sky/obj/queuebuf.o
LOAD build/sky/obj/random.o
LOAD build/sky/obj/ringbuf.o
LOAD build/sky/obj/ringbufindex.o
LOAD build/sky/obj/rpl-dag-root.o
LOAD build/sky/obj/rpl-dag.o
LOAD build/sky/obj/rpl-ext-header.o
LOAD build/sky/obj/rpl-icmp6.o
LOAD build/sky/obj/rpl-mrhof.o
LOAD build/sky/obj/rpl-nbr-policy.o
LOAD build/sky/obj/rpl-neighbor.o
LOAD build/sky/obj/rpl-of0.o
LOAD build/sky/obj/rpl-timers.o
LOAD build/sky/obj/rpl.o
LOAD build/sky/obj/rtimer-arch.o
LOAD build/sky/obj/rtimer.o
LOAD build/sky/obj/sensors.o
LOAD build/sky/obj/serial-line.o
LOAD build/sky/obj/sha-256.o
LOAD build/sky/obj/sht11-sensor.o
LOAD build/sky/obj/sht11.o
LOAD build/sky/obj/sicslowpan.o
LOAD build/sky/obj/simple-udp.o
LOAD build/sky/obj/sky-sensors.o
LOAD build/sky/obj/slip.o
LOAD build/sky/obj/slip_uart1.o
LOAD build/sky/obj/spi-legacy.o
LOAD build/sky/obj/spi.o
LOAD build/sky/obj/stack-check.o
LOAD build/sky/obj/stimer.o
LOAD build/sky/obj/tcp-socket.o
LOAD build/sky/obj/tcpip.o
LOAD build/sky/obj/timer.o
LOAD build/sky/obj/trickle-timer.o
LOAD build/sky/obj/uart-putchar.o
LOAD build/sky/obj/uart1.o
LOAD build/sky/obj/udp-socket.o
LOAD build/sky/obj/uip-ds6-nbr.o
LOAD build/sky/obj/uip-ds6-route.o
LOAD build/sky/obj/uip-ds6.o
LOAD build/sky/obj/uip-icmp6.o
LOAD build/sky/obj/uip-ipchksum.o
LOAD build/sky/obj/uip-nameserver.o
LOAD build/sky/obj/uip-nd6.o
LOAD build/sky/obj/uip-packetqueue.o
LOAD build/sky/obj/uip-sr.o
LOAD build/sky/obj/uip-udp-packet.o
LOAD build/sky/obj/uip6.o
LOAD build/sky/obj/uipbuf.o
LOAD build/sky/obj/uiplib.o
LOAD build/sky/obj/watchdog.o
LOAD build/sky/obj/xmem.o
LOAD /usr/local/bin/../lib/gcc/msp430/4.7.2/mmpy-16/libgcc.a
LOAD /usr/local/bin/../lib/gcc/msp430/4.7.2/../../../../msp430/lib/mmpy-16/libc.a
LOAD /usr/local/bin/../lib/gcc/msp430/4.7.2/mmpy-16/libgcc.a
LOAD /usr/local/bin/../lib/gcc/msp430/4.7.2/mmpy-16/libcrt0.a
                0x00000080                PROVIDE (__info_segment_size, 0x80)
                0x00001000                PROVIDE (__infob, 0x1000)
                0x00001080                PROVIDE (__infoa, 0x1080)
                0x00000000                __IE1 = 0x0
                0x00000002                __IFG1 = 0x2
                0x00000004                __ME1 = 0x4
                0x00000001                __IE2 = 0x1
                0x00000003                __IFG2 = 0x3
                0x00000005                __ME2 = 0x5
                0x00000120                __WDTCTL = 0x120
                0x00000130                __MPY = 0x130
                0x00000132                __MPYS = 0x132
                0x00000134                __MAC = 0x134
                0x00000136                __MACS = 0x136
                0x00000138                __OP2 = 0x138
                0x0000013a                __RESLO = 0x13a
                0x0000013c                __RESHI = 0x13c
                0x0000013e                __SUMEXT = 0x13e
                0x00000020                __P1IN = 0x20
                0x00000021                __P1OUT = 0x21
                0x00000022                __P1DIR = 0x22
                0x00000023                __P1IFG = 0x23
                0x00000024                __P1IES = 0x24
                0x00000025                __P1IE = 0x25
                0x00000026                __P1SEL = 0x26
                0x00000028                __P2IN = 0x28
                0x00000029                __P2OUT = 0x29
                0x0000002a                __P2DIR = 0x2a
                0x0000002b                __P2IFG = 0x2b
                0x0000002c                __P2IES = 0x2c
                0x0000002d                __P2IE = 0x2d
                0x0000002e                __P2SEL = 0x2e
                0x00000018                __P3IN = 0x18
                0x00000019                __P3OUT = 0x19
                0x0000001a                __P3DIR = 0x1a
                0x0000001b                __P3SEL = 0x1b
                0x0000001c                __P4IN = 0x1c
                0x0000001d                __P4OUT = 0x1d
                0x0000001e                __P4DIR = 0x1e
                0x0000001f                __P4SEL = 0x1f
                0x00000030                __P5IN = 0x30
                0x00000031                __P5OUT = 0x31
                0x00000032                __P5DIR = 0x32
                0x00000033                __P5SEL = 0x33
                0x00000034                __P6IN = 0x34
                0x00000035                __P6OUT = 0x35
                0x00000036                __P6DIR = 0x36
                0x00000037                __P6SEL = 0x37
                0x00000070                __U0CTL = 0x70
                0x00000071                __U0TCTL = 0x71
                0x00000072                __U0RCTL = 0x72
                0x00000073                __U0MCTL = 0x73
                0x00000074                __U0BR0 = 0x74
                0x00000075                __U0BR1 = 0x75
                0x00000076                __U0RXBUF = 0x76
                0x00000077                __U0TXBUF = 0x77
                0x00000078                __U1CTL = 0x78
                0x00000079                __U1TCTL = 0x79
                0x0000007a                __U1RCTL = 0x7a
                0x0000007b                __U1MCTL = 0x7b
                0x0000007c                __U1BR0 = 0x7c
                0x0000007d                __U1BR1 = 0x7d
                0x0000007e                __U1RXBUF = 0x7e
                0x0000007f                __U1TXBUF = 0x7f
                0x00000050                __I2CIE = 0x50
                0x00000051                __I2CIFG = 0x51
                0x00000052                __I2CNDAT = 0x52
                0x00000071                __I2CTCTL = 0x71
                0x00000072                __I2CDCTL = 0x72
                0x00000073                __I2CPSC = 0x73
                0x00000074                __I2CSCLH = 0x74
                0x00000075                __I2CSCLL = 0x75
                0x00000076                __I2CDRB = 0x76
                0x00000076                __I2CDRW = 0x76
                0x00000118                __I2COA = 0x118
                0x0000011a                __I2CSA = 0x11a
                0x0000011c                __I2CIV = 0x11c
                0x0000012e                __TAIV = 0x12e
                0x00000160                __TACTL = 0x160
                0x00000162                __TACCTL0 = 0x162
                0x00000164                __TACCTL1 = 0x164
                0x00000166                __TACCTL2 = 0x166
                0x00000170                __TAR = 0x170
                0x00000172                __TACCR0 = 0x172
                0x00000174                __TACCR1 = 0x174
                0x00000176                __TACCR2 = 0x176
                0x0000011e                __TBIV = 0x11e
                0x00000180                __TBCTL = 0x180
                0x00000182                __TBCCTL0 = 0x182
                0x00000184                __TBCCTL1 = 0x184
                0x00000186                __TBCCTL2 = 0x186
                0x00000188                __TBCCTL3 = 0x188
                0x0000018a                __TBCCTL4 = 0x18a
                0x0000018c                __TBCCTL5 = 0x18c
                0x0000018e                __TBCCTL6 = 0x18e
                0x00000190                __TBR = 0x190
                0x00000192                __TBCCR0 = 0x192
                0x00000194                __TBCCR1 = 0x194
                0x00000196                __TBCCR2 = 0x196
                0x00000198                __TBCCR3 = 0x198
                0x0000019a                __TBCCR4 = 0x19a
                0x0000019c                __TBCCR5 = 0x19c
                0x0000019e                __TBCCR6 = 0x19e
                0x00000056                __DCOCTL = 0x56
                0x00000057                __BCSCTL1 = 0x57
                0x00000058                __BCSCTL2 = 0x58
                0x00000055                __SVSCTL = 0x55
                0x00000128                __FCTL1 = 0x128
                0x0000012a                __FCTL2 = 0x12a
                0x0000012c                __FCTL3 = 0x12c
                0x00000059                __CACTL1 = 0x59
                0x0000005a                __CACTL2 = 0x5a
                0x0000005b                __CAPD = 0x5b
                0x000001a0                __ADC12CTL0 = 0x1a0
                0x000001a2                __ADC12CTL1 = 0x1a2
                0x000001a4                __ADC12IFG = 0x1a4
                0x000001a6                __ADC12IE = 0x1a6
                0x000001a8                __ADC12IV = 0x1a8
                0x00000140                __ADC12MEM0 = 0x140
                0x00000142                __ADC12MEM1 = 0x142
                0x00000144                __ADC12MEM2 = 0x144
                0x00000146                __ADC12MEM3 = 0x146
                0x00000148                __ADC12MEM4 = 0x148
                0x0000014a                __ADC12MEM5 = 0x14a
                0x0000014c                __ADC12MEM6 = 0x14c
                0x0000014e                __ADC12MEM7 = 0x14e
                0x00000150                __ADC12MEM8 = 0x150
                0x00000152                __ADC12MEM9 = 0x152
                0x00000154                __ADC12MEM10 = 0x154
                0x00000156                __ADC12MEM11 = 0x156
                0x00000158                __ADC12MEM12 = 0x158
                0x0000015a                __ADC12MEM13 = 0x15a
                0x0000015c                __ADC12MEM14 = 0x15c
                0x0000015e                __ADC12MEM15 = 0x15e
                0x00000080                __ADC12MCTL0 = 0x80
                0x00000081                __ADC12MCTL1 = 0x81
                0x00000082                __ADC12MCTL2 = 0x82
                0x00000083                __ADC12MCTL3 = 0x83
                0x00000084                __ADC12MCTL4 = 0x84
                0x00000085                __ADC12MCTL5 = 0x85
                0x00000086                __ADC12MCTL6 = 0x86
                0x00000087                __ADC12MCTL7 = 0x87
                0x00000088                __ADC12MCTL8 = 0x88
                0x00000089                __ADC12MCTL9 = 0x89
                0x0000008a                __ADC12MCTL10 = 0x8a
                0x0000008b                __ADC12MCTL11 = 0x8b
                0x0000008c                __ADC12MCTL12 = 0x8c
                0x0000008d                __ADC12MCTL13 = 0x8d
                0x0000008e                __ADC12MCTL14 = 0x8e
                0x0000008f                __ADC12MCTL15 = 0x8f
                0x000001c0                __DAC12_0CTL = 0x1c0
                0x000001c2                __DAC12_1CTL = 0x1c2
                0x000001c8                __DAC12_0DAT = 0x1c8
                0x000001ca                __DAC12_1DAT = 0x1ca
                0x00000122                __DMACTL0 = 0x122
                0x00000124                __DMACTL1 = 0x124
                0x000001e0                __DMA0CTL = 0x1e0
                0x000001e8                __DMA1CTL = 0x1e8
                0x000001f0                __DMA2CTL = 0x1f0
                0x000001e2                __DMA0SA = 0x1e2
                0x000001e4                __DMA0DA = 0x1e4
                0x000001e6                __DMA0SZ = 0x1e6
                0x000001ea                __DMA1SA = 0x1ea
                0x000001ec                __DMA1DA = 0x1ec
                0x000001ee                __DMA1SZ = 0x1ee
                0x000001f2                __DMA2SA = 0x1f2
                0x000001f4                __DMA2DA = 0x1f4
                0x000001f6                __DMA2SZ = 0x1f6

.hash
 *(SORT(.hash))

.dynsym
 *(SORT(.dynsym))

.dynstr
 *(SORT(.dynstr))

.gnu.version
 *(SORT(.gnu.version))

.gnu.version_d
 *(SORT(.gnu.version_d))

.gnu.version_r
 *(SORT(.gnu.version_r))

.rel.init
 *(SORT(.rel.init))

.rela.init
 *(SORT(.rela.init))

.rel.fini
 *(SORT(.rel.fini))

.rela.fini
 *(SORT(.rela.fini))

.rel.text
 *(SORT(.rel.text) SORT(.rel.text.*) SORT(.rel.gnu.linkonce.t.*))

.rela.text
 *(SORT(.rela.text) SORT(.rela.text.*) SORT(.rela.gnu.linkonce.t.*))

.rel.rodata
 *(SORT(.rel.rodata) SORT(.rel.rodata.*) SORT(.rel.gnu.linkonce.r.*))

.rela.rodata
 *(SORT(.rela.rodata) SORT(.rela.rodata.*) SORT(.rela.gnu.linkonce.r.*))

.rel.data
 *(SORT(.rel.data) SORT(.rel.data.*) SORT(.rel.gnu.linkonce.d.*))

.rela.data
 *(SORT(.rela.data) SORT(.rela.data.*) SORT(.rela.gnu.linkonce.d.*))

.rel.bss
 *(SORT(.rel.bss) SORT(.rel.bss.*) SORT(.rel.gnu.linkonce.b.*))

.rela.bss
 *(SORT(.rela.bss) SORT(.rela.bss.*) SORT(.rela.gnu.linkonce.b.*))

.rel.ctors
 *(SORT(.rel.ctors))

.rela.ctors
 *(SORT(.rela.ctors))

.rel.dtors
 *(SORT(.rel.dtors))

.rela.dtors
 *(SORT(.rela.dtors))

.rel.got
 *(SORT(.rel.got))

.rela.got
 *(SORT(.rela.got))

.rel.plt
 *(SORT(.rel.plt))

.rela.plt
 *(SORT(.rela.plt))

.text           0x00004000     0xa270
                0x00004000                . = ALIGN (0x2)
 *(SORT(.init) SORT(.init.*))
 *(SORT(.init0))
 .init0         0x00004000        0x0 /usr/local/bin/../lib/gcc/msp430/4.7.2/mmpy-16/libcrt0.a(_reset_vector__.o)
                0x00004000                _reset_vector__
 *(SORT(.init1))
 .init1         0x00004000        0xc /usr/local/bin/../lib/gcc/msp430/4.7.2/mmpy-16/libcrt0.a(__watchdog_support.o)
                0x00004000                __watchdog_support
 *(SORT(.init2))
 .init2         0x0000400c        0x4 /usr/local/bin/../lib/gcc/msp430/4.7.2/mmpy-16/libcrt0.a(__init_stack.o)
                0x0000400c                __init_stack
 *(SORT(.init3))
 .init3         0x00004010        0x0 /usr/local/bin/../lib/gcc/msp430/4.7.2/mmpy-16/libcrt0.a(__low_level_init.o)
                0x00004010                __low_level_init
 *(SORT(.init4))
 .init4         0x00004010       0x18 /usr/local/bin/../lib/gcc/msp430/4.7.2/mmpy-16/libcrt0.a(_copy_data.o)
                0x00004010                __do_copy_data
 .init4         0x00004028       0x16 /usr/local/bin/../lib/gcc/msp430/4.7.2/mmpy-16/libcrt0.a(_clear_bss.o)
                0x00004028                __do_clear_bss
 *(SORT(.init5))
 *(SORT(.init6))
 *(SORT(.init7))
 *(SORT(.init8))
 *(SORT(.init9))
 .init9         0x0000403e      0x238 build/sky/obj/contiki-main.o
                0x0000403e                main
 *(SORT(.fini9))
 .fini9         0x00004276        0x0 /usr/local/bin/../lib/gcc/msp430/4.7.2/mmpy-16/libcrt0.a(__stop_progExec__.o)
                0x00004276                __stop_progExec__
 *(SORT(.fini8))
 *(SORT(.fini7))
 *(SORT(.fini6))
 *(SORT(.fini5))
 *(SORT(.fini4))
 *(SORT(.fini3))
 *(SORT(.fini2))
 *(SORT(.fini1))
 *(SORT(.fini0))
 .fini0         0x00004276        0x6 /usr/local/bin/../lib/gcc/msp430/4.7.2/mmpy-16/libcrt0.a(_endless_loop__.o)
                0x00004276                _endless_loop__
 *(SORT(.fini) SORT(.fini.*))
                0x0000427c                . = ALIGN (0x2)
                0x0000427c                __ctors_start = .
 *(SORT(.ctors))
                0x0000427c                __ctors_end = .
                0x0000427c                __dtors_start = .
 *(SORT(.dtors))
                0x0000427c                __dtors_end = .
                0x0000427c                . = ALIGN (0x2)
 *(SORT(.text) SORT(.text.*) SORT(.gnu.linkonce.t.*))
 .text          0x0000427c        0x4 /usr/local/bin/../lib/gcc/msp430/4.7.2/mmpy-16/crt0ivtbl16.o
                0x0000427c                __isr_14
                0x0000427c                __isr_11
                0x0000427c                __isr_2
                0x0000427c                __isr_7
                0x0000427c                __isr_0
                0x0000427c                __isr_8
                0x0000427c                __isr_3
                0x0000427c                __isr_13
                0x0000427c                __isr_9
 .text.autostart_start
                0x00004280       0x16 build/sky/obj/autostart.o
                0x00004280                autostart_start
 .text.status   0x00004296       0x18 build/sky/obj/button-sensor.o
 .text.value    0x000042ae       0x1a build/sky/obj/button-sensor.o
 .text.configure
                0x000042c8       0x4c build/sky/obj/button-sensor.o
 .text.irq_p2   0x00004314       0x46 build/sky/obj/button-sensor.o
                0x00004314                irq_p2
                0x00004314                __isr_1
 .text.cc2420_timerb1_interrupt
                0x0000435a       0x26 build/sky/obj/cc2420-arch-sfd.o
                0x0000435a                cc2420_timerb1_interrupt
                0x0000435a                __isr_12
 .text.cc2420_port1_interrupt
                0x00004380       0x20 build/sky/obj/cc2420-arch.o
                0x00004380                __isr_4
                0x00004380                cc2420_port1_interrupt
 .text.cc2420_arch_init
                0x000043a0       0x1a build/sky/obj/cc2420-arch.o
                0x000043a0                cc2420_arch_init
 .text.get_object
                0x000043ba        0x4 build/sky/obj/cc2420.o
 .text.set_object
                0x000043be        0x4 build/sky/obj/cc2420.o
 .text.strobe   0x000043c2       0x1c build/sky/obj/cc2420.o
 .text.getreg   0x000043de       0x4c build/sky/obj/cc2420.o
 .text.setreg   0x0000442a       0x4c build/sky/obj/cc2420.o
 .text.write_ram
                0x00004476       0x7c build/sky/obj/cc2420.o
 .text.write_fifo_buf
                0x000044f2       0x3c build/sky/obj/cc2420.o
 .text.get_status
                0x0000452e       0x20 build/sky/obj/cc2420.o
 .text.on       0x0000454e       0x1a build/sky/obj/cc2420.o
 .text.cc2420_receiving_packet
                0x00004568        0xc build/sky/obj/cc2420.o
 .text.pending_packet
                0x00004574        0x8 build/sky/obj/cc2420.o
 .text.wait_for_transmission
                0x0000457c       0x22 build/sky/obj/cc2420.o
 .text.wait_for_status
                0x0000459e       0x28 build/sky/obj/cc2420.o
 .text.getrxdata
                0x000045c6       0x50 build/sky/obj/cc2420.o
 .text.flushrx  0x00004616       0x1a build/sky/obj/cc2420.o
 .text.off      0x00004630       0x28 build/sky/obj/cc2420.o
 .text.RELEASE_LOCK
                0x00004658       0x28 build/sky/obj/cc2420.o
 .text.set_key  0x00004680       0x18 build/sky/obj/cc2420.o
 .text.set_frame_filtering
                0x00004698       0x30 build/sky/obj/cc2420.o
 .text.set_auto_ack
                0x000046c8       0x30 build/sky/obj/cc2420.o
 .text.set_poll_mode
                0x000046f8       0x2c build/sky/obj/cc2420.o
 .text.cc2420_prepare
                0x00004724       0x46 build/sky/obj/cc2420.o
 .text.cc2420_on
                0x0000476a       0x22 build/sky/obj/cc2420.o
                0x0000476a                cc2420_on
 .text.cc2420_transmit
                0x0000478c       0x66 build/sky/obj/cc2420.o
 .text.cc2420_send
                0x000047f2       0x12 build/sky/obj/cc2420.o
 .text.cc2420_off
                0x00004804       0x30 build/sky/obj/cc2420.o
                0x00004804                cc2420_off
 .text.cc2420_cca
                0x00004834       0x68 build/sky/obj/cc2420.o
 .text.cc2420_read
                0x0000489c       0xbe build/sky/obj/cc2420.o
 .text.process_thread_cc2420_process
                0x0000495a       0x56 build/sky/obj/cc2420.o
 .text.encrypt  0x000049b0       0x88 build/sky/obj/cc2420.o
 .text.cc2420_set_channel
                0x00004a38       0x3c build/sky/obj/cc2420.o
                0x00004a38                cc2420_set_channel
 .text.cc2420_set_pan_addr
                0x00004a74       0x4c build/sky/obj/cc2420.o
                0x00004a74                cc2420_set_pan_addr
 .text.cc2420_interrupt
                0x00004ac0       0x16 build/sky/obj/cc2420.o
                0x00004ac0                cc2420_interrupt
 .text.cc2420_set_txpower
                0x00004ad6       0x2c build/sky/obj/cc2420.o
                0x00004ad6                cc2420_set_txpower
 .text.cc2420_get_txpower
                0x00004b02       0x1e build/sky/obj/cc2420.o
                0x00004b02                cc2420_get_txpower
 .text.cc2420_rssi
                0x00004b20       0x4c build/sky/obj/cc2420.o
                0x00004b20                cc2420_rssi
 .text.get_value
                0x00004b6c      0x11e build/sky/obj/cc2420.o
 .text.cc2420_set_cca_threshold
                0x00004c8a       0x16 build/sky/obj/cc2420.o
                0x00004c8a                cc2420_set_cca_threshold
 .text.set_value
                0x00004ca0      0x150 build/sky/obj/cc2420.o
 .text.cc2420_init
                0x00004df0       0xea build/sky/obj/cc2420.o
                0x00004df0                cc2420_init
 .text.timera1  0x00004eda       0xd8 build/sky/obj/clock.o
                0x00004eda                __isr_5
                0x00004eda                timera1
 .text.clock_time
                0x00004fb2       0x1a build/sky/obj/clock.o
                0x00004fb2                clock_time
 .text.clock_init
                0x00004fcc       0x28 build/sky/obj/clock.o
                0x00004fcc                clock_init
 .text.clock_delay
                0x00004ff4        0xc build/sky/obj/clock.o
                0x00004ff4                clock_delay
 .text.clock_seconds
                0x00005000       0x1a build/sky/obj/clock.o
                0x00005000                clock_seconds
 .text.schedule_transmission
                0x0000501a       0x74 build/sky/obj/csma-output.o
 .text.tx_done  0x0000508e       0x98 build/sky/obj/csma-output.o
 .text.transmit_from_queue
                0x00005126      0x1bc build/sky/obj/csma-output.o
 .text.csma_output_packet
                0x000052e2      0x146 build/sky/obj/csma-output.o
                0x000052e2                csma_output_packet
 .text.csma_output_init
                0x00005428       0x1a build/sky/obj/csma-output.o
                0x00005428                csma_output_init
 .text.on       0x00005442        0x6 build/sky/obj/csma.o
 .text.off      0x00005448        0x6 build/sky/obj/csma.o
 .text.max_payload
                0x0000544e       0x38 build/sky/obj/csma.o
 .text.send_packet
                0x00005486        0x6 build/sky/obj/csma.o
 .text.input_packet
                0x0000548c       0x58 build/sky/obj/csma.o
 .text.init     0x000054e4       0x20 build/sky/obj/csma.o
 .text.process_thread_ctimer_process
                0x00005504       0x9a build/sky/obj/ctimer.o
 .text.ctimer_init
                0x0000559e       0x10 build/sky/obj/ctimer.o
                0x0000559e                ctimer_init
 .text.ctimer_set_with_process
                0x000055ae       0x4e build/sky/obj/ctimer.o
                0x000055ae                ctimer_set_with_process
 .text.ctimer_reset
                0x000055fc       0x30 build/sky/obj/ctimer.o
                0x000055fc                ctimer_reset
 .text.ctimer_stop
                0x0000562c       0x28 build/sky/obj/ctimer.o
                0x0000562c                ctimer_stop
 .text.ctimer_expired
                0x00005654       0x20 build/sky/obj/ctimer.o
                0x00005654                ctimer_expired
 .text.owreadb  0x00005674       0x50 build/sky/obj/ds2411.o
 .text.ds2411_init
                0x000056c4      0x120 build/sky/obj/ds2411.o
                0x000056c4                ds2411_init
 .text.update_time
                0x000057e4       0x78 build/sky/obj/etimer.o
 .text.etimer_request_poll
                0x0000585c        0xa build/sky/obj/etimer.o
                0x0000585c                etimer_request_poll
 .text.process_thread_etimer_process
                0x00005866       0xcc build/sky/obj/etimer.o
 .text.add_timer
                0x00005932       0x40 build/sky/obj/etimer.o
 .text.etimer_set
                0x00005972       0x12 build/sky/obj/etimer.o
                0x00005972                etimer_set
 .text.etimer_reset
                0x00005984       0x12 build/sky/obj/etimer.o
                0x00005984                etimer_reset
 .text.etimer_pending
                0x00005996        0xc build/sky/obj/etimer.o
                0x00005996                etimer_pending
 .text.etimer_next_expiration_time
                0x000059a2       0x16 build/sky/obj/etimer.o
                0x000059a2                etimer_next_expiration_time
 .text.etimer_stop
                0x000059b8       0x3e build/sky/obj/etimer.o
                0x000059b8                etimer_stop
 .text.frame802154_get_pan_id
                0x000059f6        0x6 build/sky/obj/frame802154.o
                0x000059f6                frame802154_get_pan_id
 .text.frame802154_has_panid
                0x000059fc       0xe0 build/sky/obj/frame802154.o
                0x000059fc                frame802154_has_panid
 .text.field_len
                0x00005adc       0xaa build/sky/obj/frame802154.o
 .text.frame802154_is_broadcast_addr
                0x00005b86       0x28 build/sky/obj/frame802154.o
                0x00005b86                frame802154_is_broadcast_addr
 .text.frame802154_hdrlen
                0x00005bae       0x32 build/sky/obj/frame802154.o
                0x00005bae                frame802154_hdrlen
 .text.frame802154_create_fcf
                0x00005be0       0x96 build/sky/obj/frame802154.o
                0x00005be0                frame802154_create_fcf
 .text.frame802154_create
                0x00005c76       0xd2 build/sky/obj/frame802154.o
                0x00005c76                frame802154_create
 .text.frame802154_parse_fcf
                0x00005d48       0xbc build/sky/obj/frame802154.o
                0x00005d48                frame802154_parse_fcf
 .text.frame802154_parse
                0x00005e04      0x168 build/sky/obj/frame802154.o
                0x00005e04                frame802154_parse
 .text.parse    0x00005f6c       0xa2 build/sky/obj/framer-802154.o
 .text.framer_802154_setup_params
                0x0000600e       0xb6 build/sky/obj/framer-802154.o
                0x0000600e                framer_802154_setup_params
 .text.create_frame
                0x000060c4       0xa2 build/sky/obj/framer-802154.o
 .text.create   0x00006166        0x8 build/sky/obj/framer-802154.o
 .text.hdr_length
                0x0000616e        0x8 build/sky/obj/framer-802154.o
 .text.leds_arch_init
                0x00006176        0xe build/sky/obj/leds-arch.o
                0x00006176                leds_arch_init
 .text.leds_arch_get
                0x00006184       0x34 build/sky/obj/leds-arch.o
                0x00006184                leds_arch_get
 .text.leds_arch_set
                0x000061b8       0x3e build/sky/obj/leds-arch.o
                0x000061b8                leds_arch_set
 .text.leds_init
                0x000061f6        0x6 build/sky/obj/leds.o
                0x000061f6                leds_init
 .text.leds_on  0x000061fc       0x12 build/sky/obj/leds.o
                0x000061fc                leds_on
 .text.leds_off
                0x0000620e       0x12 build/sky/obj/leds.o
                0x0000620e                leds_off
 .text.periodic
                0x00006220       0x28 build/sky/obj/link-stats.o
 .text.link_stats_from_lladdr
                0x00006248        0xc build/sky/obj/link-stats.o
                0x00006248                link_stats_from_lladdr
 .text.link_stats_is_fresh
                0x00006254       0x30 build/sky/obj/link-stats.o
                0x00006254                link_stats_is_fresh
 .text.link_stats_packet_sent
                0x00006284       0xf4 build/sky/obj/link-stats.o
                0x00006284                link_stats_packet_sent
 .text.link_stats_input_callback
                0x00006378      0x106 build/sky/obj/link-stats.o
                0x00006378                link_stats_input_callback
 .text.link_stats_reset
                0x0000647e       0x2a build/sky/obj/link-stats.o
                0x0000647e                link_stats_reset
 .text.link_stats_init
                0x000064a8       0x26 build/sky/obj/link-stats.o
                0x000064a8                link_stats_init
 .text.linkaddr_copy
                0x000064ce        0x8 build/sky/obj/linkaddr.o
                0x000064ce                linkaddr_copy
 .text.linkaddr_cmp
                0x000064d6       0x12 build/sky/obj/linkaddr.o
                0x000064d6                linkaddr_cmp
 .text.list_tail
                0x000064e8       0x12 build/sky/obj/list.o
                0x000064e8                list_tail
 .text.list_remove
                0x000064fa       0x34 build/sky/obj/list.o
                0x000064fa                list_remove
 .text.list_push
                0x0000652e       0x1a build/sky/obj/list.o
                0x0000652e                list_push
 .text.list_add
                0x00006548       0x2a build/sky/obj/list.o
                0x00006548                list_add
 .text.list_length
                0x00006572       0x10 build/sky/obj/list.o
                0x00006572                list_length
 .text.list_contains
                0x00006582       0x12 build/sky/obj/list.o
                0x00006582                list_contains
 .text.log_6addr
                0x00006594       0x32 build/sky/obj/log.o
                0x00006594                log_6addr
 .text.log_lladdr
                0x000065c6       0x44 build/sky/obj/log.o
                0x000065c6                log_lladdr
 .text.mac_sequence_init
                0x0000660a        0xa build/sky/obj/mac-sequence.o
                0x0000660a                mac_sequence_init
 .text.mac_sequence_set_dsn
                0x00006614       0x18 build/sky/obj/mac-sequence.o
                0x00006614                mac_sequence_set_dsn
 .text.mac_sequence_is_duplicate
                0x0000662c       0x84 build/sky/obj/mac-sequence.o
                0x0000662c                mac_sequence_is_duplicate
 .text.mac_sequence_register_seqno
                0x000066b0       0x90 build/sky/obj/mac-sequence.o
                0x000066b0                mac_sequence_register_seqno
 .text.memb_init
                0x00006740       0x36 build/sky/obj/memb.o
                0x00006740                memb_init
 .text.memb_alloc
                0x00006776       0x3e build/sky/obj/memb.o
                0x00006776                memb_alloc
 .text.memb_free
                0x000067b4       0x32 build/sky/obj/memb.o
                0x000067b4                memb_free
 .text.memb_inmemb
                0x000067e6       0x2a build/sky/obj/memb.o
                0x000067e6                memb_inmemb
 .text.memb_numfree
                0x00006810       0x26 build/sky/obj/memb.o
                0x00006810                memb_numfree
 .text.print_int2_memb_contents
                0x00006836       0x58 build/sky/obj/memory_operations.o
 .text.process_thread_memory_operations_process
                0x0000688e       0xb4 build/sky/obj/memory_operations.o
 .text.msp430_init_dco
                0x00006942       0x82 build/sky/obj/msp430.o
                0x00006942                msp430_init_dco
 .text.msp430_add_lpm_req
                0x000069c4        0xc build/sky/obj/msp430.o
                0x000069c4                msp430_add_lpm_req
 .text.msp430_cpu_init
                0x000069d0       0x2a build/sky/obj/msp430.o
                0x000069d0                msp430_cpu_init
 .text.splhigh_
                0x000069fa        0xa build/sky/obj/msp430.o
                0x000069fa                splhigh_
 .text.msp430_sync_dco
                0x00006a04       0x6c build/sky/obj/msp430.o
                0x00006a04                msp430_sync_dco
 .text.item_from_index
                0x00006a70       0x2a build/sky/obj/nbr-table.o
 .text.index_from_key
                0x00006a9a       0x26 build/sky/obj/nbr-table.o
 .text.index_from_item
                0x00006ac0       0x1e build/sky/obj/nbr-table.o
 .text.nbr_set_bit
                0x00006ade       0x54 build/sky/obj/nbr-table.o
 .text.index_from_lladdr
                0x00006b32       0x38 build/sky/obj/nbr-table.o
 .text.nbr_get_bit.constprop.3
                0x00006b6a       0x2a build/sky/obj/nbr-table.o
 .text.remove_key
                0x00006b94       0x84 build/sky/obj/nbr-table.o
 .text.nbr_table_is_registered
                0x00006c18       0x22 build/sky/obj/nbr-table.o
                0x00006c18                nbr_table_is_registered
 .text.nbr_table_register
                0x00006c3a       0x40 build/sky/obj/nbr-table.o
                0x00006c3a                nbr_table_register
 .text.nbr_table_next
                0x00006c7a       0x5a build/sky/obj/nbr-table.o
                0x00006c7a                nbr_table_next
 .text.nbr_table_head
                0x00006cd4       0x36 build/sky/obj/nbr-table.o
                0x00006cd4                nbr_table_head
 .text.nbr_table_get_from_lladdr
                0x00006d0a       0x2c build/sky/obj/nbr-table.o
                0x00006d0a                nbr_table_get_from_lladdr
 .text.entry_is_allowed.isra.2
                0x00006d36       0x74 build/sky/obj/nbr-table.o
 .text.nbr_table_add_lladdr
                0x00006daa       0xc2 build/sky/obj/nbr-table.o
                0x00006daa                nbr_table_add_lladdr
 .text.nbr_table_remove
                0x00006e6c       0x32 build/sky/obj/nbr-table.o
                0x00006e6c                nbr_table_remove
 .text.nbr_table_lock
                0x00006e9e       0x10 build/sky/obj/nbr-table.o
                0x00006e9e                nbr_table_lock
 .text.nbr_table_unlock
                0x00006eae       0x10 build/sky/obj/nbr-table.o
                0x00006eae                nbr_table_unlock
 .text.nbr_table_get_lladdr
                0x00006ebe       0x22 build/sky/obj/nbr-table.o
                0x00006ebe                nbr_table_get_lladdr
 .text.netstack_process_ip_callback
                0x00006ee0       0x48 build/sky/obj/netstack.o
                0x00006ee0                netstack_process_ip_callback
 .text.packetbuf_hdrreduce
                0x00006f28       0x1a build/sky/obj/packetbuf.o
                0x00006f28                packetbuf_hdrreduce
 .text.packetbuf_set_datalen
                0x00006f42        0x6 build/sky/obj/packetbuf.o
                0x00006f42                packetbuf_set_datalen
 .text.packetbuf_hdrptr
                0x00006f48        0x6 build/sky/obj/packetbuf.o
                0x00006f48                packetbuf_hdrptr
 .text.packetbuf_datalen
                0x00006f4e        0x6 build/sky/obj/packetbuf.o
                0x00006f4e                packetbuf_datalen
 .text.packetbuf_hdrlen
                0x00006f54        0xa build/sky/obj/packetbuf.o
                0x00006f54                packetbuf_hdrlen
 .text.packetbuf_dataptr
                0x00006f5e        0xc build/sky/obj/packetbuf.o
                0x00006f5e                packetbuf_dataptr
 .text.packetbuf_copyto
                0x00006f6a       0x46 build/sky/obj/packetbuf.o
                0x00006f6a                packetbuf_copyto
 .text.packetbuf_totlen
                0x00006fb0        0xc build/sky/obj/packetbuf.o
                0x00006fb0                packetbuf_totlen
 .text.packetbuf_hdralloc
                0x00006fbc       0x3c build/sky/obj/packetbuf.o
                0x00006fbc                packetbuf_hdralloc
 .text.packetbuf_attr_clear
                0x00006ff8       0x28 build/sky/obj/packetbuf.o
                0x00006ff8                packetbuf_attr_clear
 .text.packetbuf_clear
                0x00007020       0x12 build/sky/obj/packetbuf.o
                0x00007020                packetbuf_clear
 .text.packetbuf_copyfrom
                0x00007032       0x2e build/sky/obj/packetbuf.o
                0x00007032                packetbuf_copyfrom
 .text.packetbuf_attr_copyto
                0x00007060       0x22 build/sky/obj/packetbuf.o
                0x00007060                packetbuf_attr_copyto
 .text.packetbuf_attr_copyfrom
                0x00007082       0x24 build/sky/obj/packetbuf.o
                0x00007082                packetbuf_attr_copyfrom
 .text.packetbuf_set_attr
                0x000070a6        0xa build/sky/obj/packetbuf.o
                0x000070a6                packetbuf_set_attr
 .text.packetbuf_attr
                0x000070b0        0xa build/sky/obj/packetbuf.o
                0x000070b0                packetbuf_attr
 .text.packetbuf_set_addr
                0x000070ba       0x16 build/sky/obj/packetbuf.o
                0x000070ba                packetbuf_set_addr
 .text.packetbuf_addr
                0x000070d0       0x12 build/sky/obj/packetbuf.o
                0x000070d0                packetbuf_addr
 .text.packetbuf_holds_broadcast
                0x000070e2        0xe build/sky/obj/packetbuf.o
                0x000070e2                packetbuf_holds_broadcast
 .text.platform_init_stage_one
                0x000070f0       0x12 build/sky/obj/platform.o
                0x000070f0                platform_init_stage_one
 .text.platform_init_stage_two
                0x00007102       0x68 build/sky/obj/platform.o
                0x00007102                platform_init_stage_two
 .text.platform_init_stage_three
                0x0000716a       0x80 build/sky/obj/platform.o
                0x0000716a                platform_init_stage_three
 .text.platform_idle
                0x000071ea       0x54 build/sky/obj/platform.o
                0x000071ea                platform_idle
 .text.call_process
                0x0000723e       0x46 build/sky/obj/process.o
 .text.exit_process
                0x00007284       0x98 build/sky/obj/process.o
 .text.do_poll  0x0000731c       0x30 build/sky/obj/process.o
 .text.process_alloc_event
                0x0000734c       0x18 build/sky/obj/process.o
                0x0000734c                process_alloc_event
 .text.process_init
                0x00007364        0x8 build/sky/obj/process.o
                0x00007364                process_init
 .text.process_run
                0x0000736c       0x8c build/sky/obj/process.o
                0x0000736c                process_run
 .text.process_nevents
                0x000073f8        0xa build/sky/obj/process.o
                0x000073f8                process_nevents
 .text.process_post
                0x00007402       0x42 build/sky/obj/process.o
                0x00007402                process_post
 .text.process_post_synch
                0x00007444       0x12 build/sky/obj/process.o
                0x00007444                process_post_synch
 .text.process_start
                0x00007456       0x36 build/sky/obj/process.o
                0x00007456                process_start
 .text.process_poll
                0x0000748c       0x18 build/sky/obj/process.o
                0x0000748c                process_poll
 .text.queuebuf_init
                0x000074a4       0x12 build/sky/obj/queuebuf.o
                0x000074a4                queuebuf_init
 .text.queuebuf_numfree
                0x000074b6        0xa build/sky/obj/queuebuf.o
                0x000074b6                queuebuf_numfree
 .text.queuebuf_new_from_packetbuf
                0x000074c0       0x52 build/sky/obj/queuebuf.o
                0x000074c0                queuebuf_new_from_packetbuf
 .text.queuebuf_update_attr_from_packetbuf
                0x00007512       0x12 build/sky/obj/queuebuf.o
                0x00007512                queuebuf_update_attr_from_packetbuf
 .text.queuebuf_free
                0x00007524       0x2a build/sky/obj/queuebuf.o
                0x00007524                queuebuf_free
 .text.queuebuf_to_packetbuf
                0x0000754e       0x32 build/sky/obj/queuebuf.o
                0x0000754e                queuebuf_to_packetbuf
 .text.random_init
                0x00007580        0x6 build/sky/obj/random.o
                0x00007580                random_init
 .text.random_rand
                0x00007586        0x6 build/sky/obj/random.o
                0x00007586                random_rand
 .text.rpl_dag_root_set_prefix
                0x0000758c       0x62 build/sky/obj/rpl-dag-root.o
                0x0000758c                rpl_dag_root_set_prefix
 .text.rpl_dag_root_start
                0x000075ee       0x8e build/sky/obj/rpl-dag-root.o
                0x000075ee                rpl_dag_root_start
 .text.rpl_dag_root_is_root
                0x0000767c       0x14 build/sky/obj/rpl-dag-root.o
                0x0000767c                rpl_dag_root_is_root
 .text.init_dag
                0x00007690       0x84 build/sky/obj/rpl-dag.o
 .text.process_dio_init_dag
                0x00007714       0xb0 build/sky/obj/rpl-dag.o
 .text.rpl_dag_get_root_ipaddr
                0x000077c4       0x1e build/sky/obj/rpl-dag.o
                0x000077c4                rpl_dag_get_root_ipaddr
 .text.rpl_dag_leave
                0x000077e2       0x4a build/sky/obj/rpl-dag.o
                0x000077e2                rpl_dag_leave
 .text.rpl_dag_poison_and_leave
                0x0000782c        0xc build/sky/obj/rpl-dag.o
                0x0000782c                rpl_dag_poison_and_leave
 .text.rpl_dag_periodic
                0x00007838       0x6a build/sky/obj/rpl-dag.o
                0x00007838                rpl_dag_periodic
 .text.rpl_is_addr_in_our_dag
                0x000078a2       0x34 build/sky/obj/rpl-dag.o
                0x000078a2                rpl_is_addr_in_our_dag
 .text.rpl_local_repair
                0x000078d6       0x2a build/sky/obj/rpl-dag.o
                0x000078d6                rpl_local_repair
 .text.rpl_global_repair
                0x00007900       0x2e build/sky/obj/rpl-dag.o
                0x00007900                rpl_global_repair
 .text.rpl_dag_ready_to_advertise
                0x0000792e       0x22 build/sky/obj/rpl-dag.o
                0x0000792e                rpl_dag_ready_to_advertise
 .text.rpl_dag_update_state
                0x00007950      0x144 build/sky/obj/rpl-dag.o
                0x00007950                rpl_dag_update_state
 .text.rpl_process_dio
                0x00007a94      0x1b6 build/sky/obj/rpl-dag.o
                0x00007a94                rpl_process_dio
 .text.rpl_process_dis
                0x00007c4a       0x2a build/sky/obj/rpl-dag.o
                0x00007c4a                rpl_process_dis
 .text.rpl_process_dao
                0x00007c74       0x6c build/sky/obj/rpl-dag.o
                0x00007c74                rpl_process_dao
 .text.rpl_process_dao_ack
                0x00007ce0       0x54 build/sky/obj/rpl-dag.o
                0x00007ce0                rpl_process_dao_ack
 .text.rpl_process_hbh
                0x00007d34       0x2e build/sky/obj/rpl-dag.o
                0x00007d34                rpl_process_hbh
 .text.rpl_dag_init_root
                0x00007d62       0xbc build/sky/obj/rpl-dag.o
                0x00007d62                rpl_dag_init_root
 .text.rpl_dag_init
                0x00007e1e       0x10 build/sky/obj/rpl-dag.o
                0x00007e1e                rpl_dag_init
 .text.update_hbh_header
                0x00007e2e       0x4a build/sky/obj/rpl-ext-header.o
 .text.rpl_ext_header_srh_get_next_hop
                0x00007e78       0x84 build/sky/obj/rpl-ext-header.o
                0x00007e78                rpl_ext_header_srh_get_next_hop
 .text.rpl_ext_header_srh_update
                0x00007efc      0x250 build/sky/obj/rpl-ext-header.o
                0x00007efc                rpl_ext_header_srh_update
 .text.rpl_ext_header_hbh_update
                0x0000814c       0xa4 build/sky/obj/rpl-ext-header.o
                0x0000814c                rpl_ext_header_hbh_update
 .text.rpl_ext_header_remove
                0x000081f0       0xcc build/sky/obj/rpl-ext-header.o
                0x000081f0                rpl_ext_header_remove
 .text.rpl_ext_header_update
                0x000082bc      0x2aa build/sky/obj/rpl-ext-header.o
                0x000082bc                rpl_ext_header_update
 .text.get32    0x00008566       0x46 build/sky/obj/rpl-icmp6.o
 .text.set32    0x000085ac       0x2a build/sky/obj/rpl-icmp6.o
 .text.get16    0x000085d6        0xe build/sky/obj/rpl-icmp6.o
 .text.set16    0x000085e4       0x10 build/sky/obj/rpl-icmp6.o
 .text.dao_ack_input
                0x000085f4       0x30 build/sky/obj/rpl-icmp6.o
 .text.dao_input
                0x00008624      0x16c build/sky/obj/rpl-icmp6.o
 .text.dio_input
                0x00008790      0x2ba build/sky/obj/rpl-icmp6.o
 .text.dis_input
                0x00008a4a       0x1e build/sky/obj/rpl-icmp6.o
 .text.rpl_icmp6_update_nbr_table
                0x00008a68       0x36 build/sky/obj/rpl-icmp6.o
                0x00008a68                rpl_icmp6_update_nbr_table
 .text.rpl_icmp6_dis_output
                0x00008a9e       0x34 build/sky/obj/rpl-icmp6.o
                0x00008a9e                rpl_icmp6_dis_output
 .text.rpl_icmp6_dio_output
                0x00008ad2      0x230 build/sky/obj/rpl-icmp6.o
                0x00008ad2                rpl_icmp6_dio_output
 .text.rpl_icmp6_dao_output
                0x00008d02       0xe2 build/sky/obj/rpl-icmp6.o
                0x00008d02                rpl_icmp6_dao_output
 .text.rpl_icmp6_dao_ack_output
                0x00008de4       0x4e build/sky/obj/rpl-icmp6.o
                0x00008de4                rpl_icmp6_dao_ack_output
 .text.rpl_icmp6_init
                0x00008e32       0x22 build/sky/obj/rpl-icmp6.o
                0x00008e32                rpl_icmp6_init
 .text.reset    0x00008e54        0x2 build/sky/obj/rpl-mrhof.o
 .text.update_metric_container
                0x00008e56        0x6 build/sky/obj/rpl-mrhof.o
 .text.nbr_link_metric
                0x00008e5c       0x12 build/sky/obj/rpl-mrhof.o
 .text.nbr_has_usable_link
                0x00008e6e       0x14 build/sky/obj/rpl-mrhof.o
 .text.nbr_path_cost
                0x00008e82       0x38 build/sky/obj/rpl-mrhof.o
 .text.within_hysteresis
                0x00008eba       0x54 build/sky/obj/rpl-mrhof.o
 .text.nbr_is_acceptable_parent
                0x00008f0e       0x2c build/sky/obj/rpl-mrhof.o
 .text.rank_via_nbr
                0x00008f3a       0x48 build/sky/obj/rpl-mrhof.o
 .text.best_parent
                0x00008f82       0x7c build/sky/obj/rpl-mrhof.o
 .text.get_rank
                0x00008ffe       0x16 build/sky/obj/rpl-nbr-policy.o
 .text.rpl_nbr_gc_get_worst
                0x00009014       0x28 build/sky/obj/rpl-nbr-policy.o
                0x00009014                rpl_nbr_gc_get_worst
 .text.remove_neighbor
                0x0000903c       0x24 build/sky/obj/rpl-neighbor.o
 .text.rpl_neighbor_get_from_lladdr
                0x00009060        0xc build/sky/obj/rpl-neighbor.o
                0x00009060                rpl_neighbor_get_from_lladdr
 .text.rpl_neighbor_rank_via_nbr
                0x0000906c       0x18 build/sky/obj/rpl-neighbor.o
                0x0000906c                rpl_neighbor_rank_via_nbr
 .text.rpl_neighbor_get_lladdr
                0x00009084        0xc build/sky/obj/rpl-neighbor.o
                0x00009084                rpl_neighbor_get_lladdr
 .text.rpl_neighbor_get_ipaddr
                0x00009090        0xa build/sky/obj/rpl-neighbor.o
                0x00009090                rpl_neighbor_get_ipaddr
 .text.rpl_neighbor_get_link_stats
                0x0000909a        0xa build/sky/obj/rpl-neighbor.o
                0x0000909a                rpl_neighbor_get_link_stats
 .text.rpl_neighbor_is_fresh
                0x000090a4        0xa build/sky/obj/rpl-neighbor.o
                0x000090a4                rpl_neighbor_is_fresh
 .text.best_parent
                0x000090ae       0xb4 build/sky/obj/rpl-neighbor.o
 .text.rpl_neighbor_set_preferred_parent
                0x00009162       0x48 build/sky/obj/rpl-neighbor.o
                0x00009162                rpl_neighbor_set_preferred_parent
 .text.rpl_neighbor_remove_all
                0x000091aa       0x30 build/sky/obj/rpl-neighbor.o
                0x000091aa                rpl_neighbor_remove_all
 .text.rpl_neighbor_get_from_ipaddr
                0x000091da       0x14 build/sky/obj/rpl-neighbor.o
                0x000091da                rpl_neighbor_get_from_ipaddr
 .text.rpl_neighbor_select_best
                0x000091ee       0x54 build/sky/obj/rpl-neighbor.o
                0x000091ee                rpl_neighbor_select_best
 .text.rpl_neighbor_init
                0x00009242        0xe build/sky/obj/rpl-neighbor.o
                0x00009242                rpl_neighbor_init
 .text.handle_state_update
                0x00009250        0x6 build/sky/obj/rpl-timers.o
 .text.handle_leaving_timer
                0x00009256        0xc build/sky/obj/rpl-timers.o
 .text.handle_unicast_dio_timer
                0x00009262       0x12 build/sky/obj/rpl-timers.o
 .text.handle_dao_ack_timer
                0x00009274       0x12 build/sky/obj/rpl-timers.o
 .text.ctimer_set.constprop.3
                0x00009286        0xe build/sky/obj/rpl-timers.o
 .text.new_dio_interval
                0x00009294       0x86 build/sky/obj/rpl-timers.o
 .text.handle_dio_timer
                0x0000931a       0x6a build/sky/obj/rpl-timers.o
 .text.schedule_dao_retransmission
                0x00009384       0x30 build/sky/obj/rpl-timers.o
 .text.send_new_dao
                0x000093b4       0x28 build/sky/obj/rpl-timers.o
 .text.resend_dao
                0x000093dc       0x24 build/sky/obj/rpl-timers.o
 .text.rpl_timers_schedule_periodic_dis
                0x00009400       0x3c build/sky/obj/rpl-timers.o
                0x00009400                rpl_timers_schedule_periodic_dis
 .text.handle_periodic_timer
                0x0000943c       0x3a build/sky/obj/rpl-timers.o
 .text.handle_dis_timer
                0x00009476       0x26 build/sky/obj/rpl-timers.o
 .text.rpl_timers_dio_reset
                0x0000949c       0x2e build/sky/obj/rpl-timers.o
                0x0000949c                rpl_timers_dio_reset
 .text.rpl_timers_schedule_unicast_dio
                0x000094ca       0x1c build/sky/obj/rpl-timers.o
                0x000094ca                rpl_timers_schedule_unicast_dio
 .text.rpl_timers_schedule_dao
                0x000094e6       0x38 build/sky/obj/rpl-timers.o
                0x000094e6                rpl_timers_schedule_dao
 .text.rpl_timers_schedule_dao_ack
                0x0000951e       0x30 build/sky/obj/rpl-timers.o
                0x0000951e                rpl_timers_schedule_dao_ack
 .text.rpl_timers_notify_dao_ack
                0x0000954e       0x7e build/sky/obj/rpl-timers.o
                0x0000954e                rpl_timers_notify_dao_ack
 .text.get_probing_delay
                0x000095cc       0x1c build/sky/obj/rpl-timers.o
                0x000095cc                get_probing_delay
 .text.get_probing_target
                0x000095e8       0xee build/sky/obj/rpl-timers.o
                0x000095e8                get_probing_target
 .text.rpl_schedule_probing
                0x000096d6       0x1c build/sky/obj/rpl-timers.o
                0x000096d6                rpl_schedule_probing
 .text.handle_probing_timer
                0x000096f2       0x2a build/sky/obj/rpl-timers.o
 .text.rpl_schedule_probing_now
                0x0000971c       0x20 build/sky/obj/rpl-timers.o
                0x0000971c                rpl_schedule_probing_now
 .text.rpl_timers_unschedule_leaving
                0x0000973c       0x1c build/sky/obj/rpl-timers.o
                0x0000973c                rpl_timers_unschedule_leaving
 .text.rpl_timers_schedule_leaving
                0x00009758       0x26 build/sky/obj/rpl-timers.o
                0x00009758                rpl_timers_schedule_leaving
 .text.rpl_timers_init
                0x0000977e       0x18 build/sky/obj/rpl-timers.o
                0x0000977e                rpl_timers_init
 .text.rpl_timers_stop_dag_timers
                0x00009796       0x4c build/sky/obj/rpl-timers.o
                0x00009796                rpl_timers_stop_dag_timers
 .text.rpl_timers_schedule_state_update
                0x000097e2       0x18 build/sky/obj/rpl-timers.o
                0x000097e2                rpl_timers_schedule_state_update
 .text.rpl_has_joined
                0x000097fa       0x12 build/sky/obj/rpl.o
                0x000097fa                rpl_has_joined
 .text.rpl_is_reachable
                0x0000980c       0x12 build/sky/obj/rpl.o
                0x0000980c                rpl_is_reachable
 .text.neighbor_state_changed
                0x0000981e        0x2 build/sky/obj/rpl.o
 .text.drop_route
                0x00009820        0x2 build/sky/obj/rpl.o
 .text.rpl_get_leaf_only
                0x00009822        0x6 build/sky/obj/rpl.o
                0x00009822                rpl_get_leaf_only
 .text.get_sr_node_ipaddr
                0x00009828       0x34 build/sky/obj/rpl.o
 .text.init     0x0000985c       0x42 build/sky/obj/rpl.o
 .text.set_ip_from_prefix
                0x0000989e       0x38 build/sky/obj/rpl.o
 .text.rpl_link_callback
                0x000098d6       0x1e build/sky/obj/rpl.o
                0x000098d6                rpl_link_callback
 .text.rpl_lollipop_greater_than
                0x000098f4       0x3c build/sky/obj/rpl.o
                0x000098f4                rpl_lollipop_greater_than
 .text.rpl_get_global_address
                0x00009930       0xbe build/sky/obj/rpl.o
                0x00009930                rpl_get_global_address
 .text.rpl_reset_prefix
                0x000099ee       0x24 build/sky/obj/rpl.o
                0x000099ee                rpl_reset_prefix
 .text.rpl_set_prefix_from_addr
                0x00009a12       0x92 build/sky/obj/rpl.o
                0x00009a12                rpl_set_prefix_from_addr
 .text.timera0  0x00009aa4       0x2c build/sky/obj/rtimer-arch.o
                0x00009aa4                __isr_6
                0x00009aa4                timera0
 .text.rtimer_arch_init
                0x00009ad0        0xe build/sky/obj/rtimer-arch.o
                0x00009ad0                rtimer_arch_init
 .text.rtimer_arch_now
                0x00009ade        0xe build/sky/obj/rtimer-arch.o
                0x00009ade                rtimer_arch_now
 .text.rtimer_run_next
                0x00009aec       0x18 build/sky/obj/rtimer.o
                0x00009aec                rtimer_run_next
 .text.process_thread_sensors_process
                0x00009b04       0xc2 build/sky/obj/sensors.o
 .text.sensors_changed
                0x00009bc6       0x2a build/sky/obj/sensors.o
                0x00009bc6                sensors_changed
 .text.clear_fragments
                0x00009bf0       0x40 build/sky/obj/sicslowpan.o
 .text.addr_context_lookup_by_number
                0x00009c30       0x16 build/sky/obj/sicslowpan.o
 .text.sicslowpan_init
                0x00009c46       0x18 build/sky/obj/sicslowpan.o
                0x00009c46                sicslowpan_init
 .text.set_packet_attrs
                0x00009c5e       0x66 build/sky/obj/sicslowpan.o
 .text.compress_addr_64
                0x00009cc4       0xae build/sky/obj/sicslowpan.o
 .text.addr_context_lookup_by_prefix
                0x00009d72       0x20 build/sky/obj/sicslowpan.o
 .text.send_packet
                0x00009d92       0x10 build/sky/obj/sicslowpan.o
 .text.fragment_copy_payload_and_send
                0x00009da2       0x58 build/sky/obj/sicslowpan.o
 .text.packet_sent
                0x00009dfa       0x56 build/sky/obj/sicslowpan.o
 .text.store_fragment
                0x00009e50       0xb8 build/sky/obj/sicslowpan.o
 .text.add_fragment
                0x00009f08      0x1fc build/sky/obj/sicslowpan.o
 .text.uncompress_addr
                0x0000a104       0xce build/sky/obj/sicslowpan.o
 .text.output   0x0000a1d2      0x79a build/sky/obj/sicslowpan.o
 .text.input    0x0000a96c      0xa1a build/sky/obj/sicslowpan.o
 .text.spi_init
                0x0000b386       0x30 build/sky/obj/spi-legacy.o
                0x0000b386                spi_init
 .text.stack_check_init
                0x0000b3b6       0x2e build/sky/obj/stack-check.o
                0x0000b3b6                stack_check_init
 .text.stack_check_get_usage
                0x0000b3e4       0x46 build/sky/obj/stack-check.o
                0x0000b3e4                stack_check_get_usage
 .text.process_thread_stack_check_process
                0x0000b42a       0x90 build/sky/obj/stack-check.o
 .text.stimer_expired
                0x0000b4ba       0x30 build/sky/obj/stimer.o
                0x0000b4ba                stimer_expired
 .text.tcpip_output
                0x0000b4ea       0x22 build/sky/obj/tcpip.o
                0x0000b4ea                tcpip_output
 .text.tcpip_input
                0x0000b50c       0x1e build/sky/obj/tcpip.o
                0x0000b50c                tcpip_input
 .text.tcpip_ipv6_output
                0x0000b52a      0x114 build/sky/obj/tcpip.o
                0x0000b52a                tcpip_ipv6_output
 .text.packet_input.part.3
                0x0000b63e       0x12 build/sky/obj/tcpip.o
 .text.process_thread_tcpip_process
                0x0000b650       0xb6 build/sky/obj/tcpip.o
 .text.tcpip_uipcall
                0x0000b706       0x2a build/sky/obj/tcpip.o
                0x0000b706                tcpip_uipcall
 .text.timer_set
                0x0000b730       0x1c build/sky/obj/timer.o
                0x0000b730                timer_set
 .text.timer_expired
                0x0000b74c       0x2a build/sky/obj/timer.o
                0x0000b74c                timer_expired
 .text.timer_reset
                0x0000b776       0x1c build/sky/obj/timer.o
                0x0000b776                timer_reset
 .text.putchar  0x0000b792       0x10 build/sky/obj/uart-putchar.o
                0x0000b792                putchar
 .text.uart1_active
                0x0000b7a2       0x18 build/sky/obj/uart1.o
                0x0000b7a2                uart1_active
 .text.uart1_writeb
                0x0000b7ba       0x18 build/sky/obj/uart1.o
                0x0000b7ba                uart1_writeb
 .text.uart1_init
                0x0000b7d2       0xf4 build/sky/obj/uart1.o
                0x0000b7d2                uart1_init
 .text.uip_ds6_nbr_rm
                0x0000b8c6       0x1e build/sky/obj/uip-ds6-nbr.o
                0x0000b8c6                uip_ds6_nbr_rm
 .text.uip_ds6_neighbors_init
                0x0000b8e4       0x12 build/sky/obj/uip-ds6-nbr.o
                0x0000b8e4                uip_ds6_neighbors_init
 .text.uip_ds6_nbr_add
                0x0000b8f6       0x3e build/sky/obj/uip-ds6-nbr.o
                0x0000b8f6                uip_ds6_nbr_add
 .text.uip_ds6_nbr_get_ll
                0x0000b934        0xc build/sky/obj/uip-ds6-nbr.o
                0x0000b934                uip_ds6_nbr_get_ll
 .text.uip_ds6_nbr_head
                0x0000b940        0xa build/sky/obj/uip-ds6-nbr.o
                0x0000b940                uip_ds6_nbr_head
 .text.uip_ds6_nbr_next
                0x0000b94a        0xc build/sky/obj/uip-ds6-nbr.o
                0x0000b94a                uip_ds6_nbr_next
 .text.uip_ds6_nbr_lookup
                0x0000b956       0x3a build/sky/obj/uip-ds6-nbr.o
                0x0000b956                uip_ds6_nbr_lookup
 .text.uip_ds6_nbr_ll_lookup
                0x0000b990        0xc build/sky/obj/uip-ds6-nbr.o
                0x0000b990                uip_ds6_nbr_ll_lookup
 .text.uip_ds6_nbr_update_ll
                0x0000b99c       0x76 build/sky/obj/uip-ds6-nbr.o
                0x0000b99c                uip_ds6_nbr_update_ll
 .text.uip_ds6_nbr_ipaddr_from_lladdr
                0x0000ba12        0x6 build/sky/obj/uip-ds6-nbr.o
                0x0000ba12                uip_ds6_nbr_ipaddr_from_lladdr
 .text.uip_ds6_nbr_lladdr_from_ipaddr
                0x0000ba18       0x12 build/sky/obj/uip-ds6-nbr.o
                0x0000ba18                uip_ds6_nbr_lladdr_from_ipaddr
 .text.uip_ds6_link_callback
                0x0000ba2a        0x2 build/sky/obj/uip-ds6-nbr.o
                0x0000ba2a                uip_ds6_link_callback
 .text.uip_ds6_route_init
                0x0000ba2c        0xe build/sky/obj/uip-ds6-route.o
                0x0000ba2c                uip_ds6_route_init
 .text.uip_ds6_route_nexthop
                0x0000ba3a        0x4 build/sky/obj/uip-ds6-route.o
                0x0000ba3a                uip_ds6_route_nexthop
 .text.uip_ds6_route_lookup
                0x0000ba3e        0x4 build/sky/obj/uip-ds6-route.o
                0x0000ba3e                uip_ds6_route_lookup
 .text.uip_ds6_route_rm
                0x0000ba42        0x2 build/sky/obj/uip-ds6-route.o
                0x0000ba42                uip_ds6_route_rm
 .text.uip_ds6_defrt_rm
                0x0000ba44       0x2c build/sky/obj/uip-ds6-route.o
                0x0000ba44                uip_ds6_defrt_rm
 .text.uip_ds6_defrt_lookup
                0x0000ba70       0x34 build/sky/obj/uip-ds6-route.o
                0x0000ba70                uip_ds6_defrt_lookup
 .text.uip_ds6_defrt_add
                0x0000baa4       0x78 build/sky/obj/uip-ds6-route.o
                0x0000baa4                uip_ds6_defrt_add
 .text.uip_ds6_defrt_choose
                0x0000bb1c       0x2e build/sky/obj/uip-ds6-route.o
                0x0000bb1c                uip_ds6_defrt_choose
 .text.uip_ds6_defrt_periodic
                0x0000bb4a       0x2e build/sky/obj/uip-ds6-route.o
                0x0000bb4a                uip_ds6_defrt_periodic
 .text.uip_ds6_default_prefix
                0x0000bb78        0x6 build/sky/obj/uip-ds6.o
                0x0000bb78                uip_ds6_default_prefix
 .text.uip_ds6_list_loop
                0x0000bb7e       0x90 build/sky/obj/uip-ds6.o
                0x0000bb7e                uip_ds6_list_loop
 .text.uip_ds6_prefix_add
                0x0000bc0e       0x76 build/sky/obj/uip-ds6.o
                0x0000bc0e                uip_ds6_prefix_add
 .text.uip_ds6_is_addr_onlink
                0x0000bc84       0x52 build/sky/obj/uip-ds6.o
                0x0000bc84                uip_ds6_is_addr_onlink
 .text.uip_ds6_addr_lookup
                0x0000bcd6       0x2a build/sky/obj/uip-ds6.o
                0x0000bcd6                uip_ds6_addr_lookup
 .text.uip_ds6_get_link_local
                0x0000bd00       0x3e build/sky/obj/uip-ds6.o
                0x0000bd00                uip_ds6_get_link_local
 .text.uip_ds6_maddr_add
                0x0000bd3e       0x42 build/sky/obj/uip-ds6.o
                0x0000bd3e                uip_ds6_maddr_add
 .text.uip_ds6_addr_add
                0x0000bd80       0xc6 build/sky/obj/uip-ds6.o
                0x0000bd80                uip_ds6_addr_add
 .text.uip_ds6_maddr_rm
                0x0000be46        0xa build/sky/obj/uip-ds6.o
                0x0000be46                uip_ds6_maddr_rm
 .text.uip_ds6_maddr_lookup
                0x0000be50       0x2a build/sky/obj/uip-ds6.o
                0x0000be50                uip_ds6_maddr_lookup
 .text.uip_ds6_addr_rm
                0x0000be7a       0x54 build/sky/obj/uip-ds6.o
                0x0000be7a                uip_ds6_addr_rm
 .text.uip_ds6_periodic
                0x0000bece       0x46 build/sky/obj/uip-ds6.o
                0x0000bece                uip_ds6_periodic
 .text.uip_ds6_set_addr_iid
                0x0000bf14       0x14 build/sky/obj/uip-ds6.o
                0x0000bf14                uip_ds6_set_addr_iid
 .text.uip_ds6_set_lladdr_from_iid
                0x0000bf28       0x14 build/sky/obj/uip-ds6.o
                0x0000bf28                uip_ds6_set_lladdr_from_iid
 .text.get_match_length
                0x0000bf3c       0x44 build/sky/obj/uip-ds6.o
                0x0000bf3c                get_match_length
 .text.uip_ds6_select_src
                0x0000bf80       0xa6 build/sky/obj/uip-ds6.o
                0x0000bf80                uip_ds6_select_src
 .text.uip_ds6_compute_reachable_time
                0x0000c026       0x3e build/sky/obj/uip-ds6.o
                0x0000c026                uip_ds6_compute_reachable_time
 .text.uip_ds6_init
                0x0000c064      0x164 build/sky/obj/uip-ds6.o
                0x0000c064                uip_ds6_init
 .text.echo_reply_input
                0x0000c1c8       0x5e build/sky/obj/uip-icmp6.o
 .text.echo_request_input
                0x0000c226       0x86 build/sky/obj/uip-icmp6.o
 .text.uip_icmp6_input
                0x0000c2ac       0x34 build/sky/obj/uip-icmp6.o
                0x0000c2ac                uip_icmp6_input
 .text.uip_icmp6_register_input_handler
                0x0000c2e0        0xc build/sky/obj/uip-icmp6.o
                0x0000c2e0                uip_icmp6_register_input_handler
 .text.uip_icmp6_error_output
                0x0000c2ec      0x146 build/sky/obj/uip-icmp6.o
                0x0000c2ec                uip_icmp6_error_output
 .text.uip_icmp6_send
                0x0000c432       0x8e build/sky/obj/uip-icmp6.o
                0x0000c432                uip_icmp6_send
 .text.uip_icmp6_init
                0x0000c4c0       0x12 build/sky/obj/uip-icmp6.o
                0x0000c4c0                uip_icmp6_init
 .text.ns_input
                0x0000c4d2      0x2a8 build/sky/obj/uip-nd6.o
 .text.uip_nd6_init
                0x0000c77a        0xa build/sky/obj/uip-nd6.o
                0x0000c77a                uip_nd6_init
 .text.node_matches_address.part.0
                0x0000c784       0x2e build/sky/obj/uip-sr.o
 .text.uip_sr_get_node
                0x0000c7b2       0x3a build/sky/obj/uip-sr.o
                0x0000c7b2                uip_sr_get_node
 .text.uip_sr_is_addr_reachable
                0x0000c7ec       0x4e build/sky/obj/uip-sr.o
                0x0000c7ec                uip_sr_is_addr_reachable
 .text.uip_sr_expire_parent
                0x0000c83a       0x50 build/sky/obj/uip-sr.o
                0x0000c83a                uip_sr_expire_parent
 .text.uip_sr_update_node
                0x0000c88a       0xbc build/sky/obj/uip-sr.o
                0x0000c88a                uip_sr_update_node
 .text.uip_sr_init
                0x0000c946       0x12 build/sky/obj/uip-sr.o
                0x0000c946                uip_sr_init
 .text.uip_sr_periodic
                0x0000c958       0x8c build/sky/obj/uip-sr.o
                0x0000c958                uip_sr_periodic
 .text.uip_sr_free_all
                0x0000c9e4       0x30 build/sky/obj/uip-sr.o
                0x0000c9e4                uip_sr_free_all
 .text.chksum   0x0000ca14       0x32 build/sky/obj/uip6.o
 .text.upper_layer_chksum
                0x0000ca46       0x58 build/sky/obj/uip6.o
 .text.ext_hdr_options_process
                0x0000ca9e       0xa4 build/sky/obj/uip6.o
 .text.uip_check_mtu
                0x0000cb42       0x1e build/sky/obj/uip6.o
 .text.uip_update_ttl
                0x0000cb60       0x24 build/sky/obj/uip6.o
 .text.uip_icmp6chksum
                0x0000cb84        0xa build/sky/obj/uip6.o
                0x0000cb84                uip_icmp6chksum
 .text.uip_udpchksum
                0x0000cb8e        0xa build/sky/obj/uip6.o
                0x0000cb8e                uip_udpchksum
 .text.uip_init
                0x0000cb98       0x3c build/sky/obj/uip6.o
                0x0000cb98                uip_init
 .text.uip_remove_ext_hdr
                0x0000cbd4       0x5e build/sky/obj/uip6.o
                0x0000cbd4                uip_remove_ext_hdr
 .text.uip_process
                0x0000cc32      0x568 build/sky/obj/uip6.o
                0x0000cc32                uip_process
 .text.uip_htonl
                0x0000d19a       0x2e build/sky/obj/uip6.o
                0x0000d19a                uip_htonl
 .text.uipbuf_add_ext_hdr
                0x0000d1c8       0x1c build/sky/obj/uipbuf.o
                0x0000d1c8                uipbuf_add_ext_hdr
 .text.uipbuf_set_len
                0x0000d1e4       0x12 build/sky/obj/uipbuf.o
                0x0000d1e4                uipbuf_set_len
 .text.uipbuf_set_len_field
                0x0000d1f6        0xe build/sky/obj/uipbuf.o
                0x0000d1f6                uipbuf_set_len_field
 .text.uipbuf_get_len_field
                0x0000d204        0xe build/sky/obj/uipbuf.o
                0x0000d204                uipbuf_get_len_field
 .text.uipbuf_get_next_header
                0x0000d212       0x6a build/sky/obj/uipbuf.o
                0x0000d212                uipbuf_get_next_header
 .text.uipbuf_get_last_header
                0x0000d27c       0x3e build/sky/obj/uipbuf.o
                0x0000d27c                uipbuf_get_last_header
 .text.uipbuf_search_header
                0x0000d2ba       0x4e build/sky/obj/uipbuf.o
                0x0000d2ba                uipbuf_search_header
 .text.uipbuf_get_attr
                0x0000d308       0x12 build/sky/obj/uipbuf.o
                0x0000d308                uipbuf_get_attr
 .text.uipbuf_set_attr
                0x0000d31a       0x14 build/sky/obj/uipbuf.o
                0x0000d31a                uipbuf_set_attr
 .text.uipbuf_clear_attr
                0x0000d32e       0x12 build/sky/obj/uipbuf.o
                0x0000d32e                uipbuf_clear_attr
 .text.uipbuf_clear
                0x0000d340       0x12 build/sky/obj/uipbuf.o
                0x0000d340                uipbuf_clear
 .text.uipbuf_init
                0x0000d352       0x1a build/sky/obj/uipbuf.o
                0x0000d352                uipbuf_init
 .text.uiplib_ipaddr_snprint
                0x0000d36c      0x12c build/sky/obj/uiplib.o
                0x0000d36c                uiplib_ipaddr_snprint
 .text.watchdog_interrupt
                0x0000d498        0x6 build/sky/obj/watchdog.o
                0x0000d498                __isr_10
                0x0000d498                watchdog_interrupt
 .text.watchdog_start
                0x0000d49e       0x14 build/sky/obj/watchdog.o
                0x0000d49e                watchdog_start
 .text.watchdog_periodic
                0x0000d4b2       0x12 build/sky/obj/watchdog.o
                0x0000d4b2                watchdog_periodic
 .text.watchdog_stop
                0x0000d4c4       0x16 build/sky/obj/watchdog.o
                0x0000d4c4                watchdog_stop
 .text.watchdog_init
                0x0000d4da       0x12 build/sky/obj/watchdog.o
                0x0000d4da                watchdog_init
 .text.xmem_init
                0x0000d4ec       0x3c build/sky/obj/xmem.o
                0x0000d4ec                xmem_init
 .text.printf   0x0000d528       0x10 /usr/local/bin/../lib/gcc/msp430/4.7.2/../../../../msp430/lib/mmpy-16/libc.a(printf.o)
                0x0000d528                printf
 .text.append   0x0000d538       0x22 /usr/local/bin/../lib/gcc/msp430/4.7.2/../../../../msp430/lib/mmpy-16/libc.a(sprintf.o)
 .text.call_vuprintf
                0x0000d55a       0x3a /usr/local/bin/../lib/gcc/msp430/4.7.2/../../../../msp430/lib/mmpy-16/libc.a(sprintf.o)
 .text.snprintf
                0x0000d594       0x1a /usr/local/bin/../lib/gcc/msp430/4.7.2/../../../../msp430/lib/mmpy-16/libc.a(sprintf.o)
                0x0000d594                snprintf
 .text.print_field
                0x0000d5ae      0x194 /usr/local/bin/../lib/gcc/msp430/4.7.2/../../../../msp430/lib/mmpy-16/libc.a(vuprintf.o)
 .text.vuprintf
                0x0000d742      0x63e /usr/local/bin/../lib/gcc/msp430/4.7.2/../../../../msp430/lib/mmpy-16/libc.a(vuprintf.o)
                0x0000d742                vuprintf
 .text.puts     0x0000dd80       0x2c /usr/local/bin/../lib/gcc/msp430/4.7.2/../../../../msp430/lib/mmpy-16/libc.a(puts.o)
                0x0000dd80                puts
 .text.rand     0x0000ddac       0x26 /usr/local/bin/../lib/gcc/msp430/4.7.2/../../../../msp430/lib/mmpy-16/libc.a(rand.o)
                0x0000ddac                rand
 .text.srand    0x0000ddd2        0xa /usr/local/bin/../lib/gcc/msp430/4.7.2/../../../../msp430/lib/mmpy-16/libc.a(rand.o)
                0x0000ddd2                srand
 .text.memcmp   0x0000dddc       0x30 /usr/local/bin/../lib/gcc/msp430/4.7.2/../../../../msp430/lib/mmpy-16/libc.a(memcmp.o)
                0x0000dddc                memcmp
 .text.memcpy   0x0000de0c       0xfa /usr/local/bin/../lib/gcc/msp430/4.7.2/../../../../msp430/lib/mmpy-16/libc.a(memcpy.o)
                0x0000de0c                memcpy
 .text.memmove  0x0000df06       0xfa /usr/local/bin/../lib/gcc/msp430/4.7.2/../../../../msp430/lib/mmpy-16/libc.a(memmove.o)
                0x0000df06                memmove
 .text.memset   0x0000e000       0x6a /usr/local/bin/../lib/gcc/msp430/4.7.2/../../../../msp430/lib/mmpy-16/libc.a(memset.o)
                0x0000e000                memset
 .text.crt0     0x0000e06a        0x2 /usr/local/bin/../lib/gcc/msp430/4.7.2/mmpy-16/libcrt0.a(_unexpected_.o)
                0x0000e06a                _unexpected_
 .text.libgcc   0x0000e06c       0x2c /usr/local/bin/../lib/gcc/msp430/4.7.2/mmpy-16/libgcc.a(_mulsi3.o)
                0x0000e06c                __mulsi3
 .text.libgcc   0x0000e098       0x22 /usr/local/bin/../lib/gcc/msp430/4.7.2/mmpy-16/libgcc.a(_udivmod16.o)
                0x0000e098                __udivhi3
                0x0000e098                __ext_udivmod16
                0x0000e0b2                __umodhi3
 .text.libgcc   0x0000e0ba       0x3a /usr/local/bin/../lib/gcc/msp430/4.7.2/mmpy-16/libgcc.a(_divmod16.o)
                0x0000e0ba                __ext_divmod16
                0x0000e0ba                __divhi3
                0x0000e0ec                __modhi3
 .text.libgcc   0x0000e0f4       0x40 /usr/local/bin/../lib/gcc/msp430/4.7.2/mmpy-16/libgcc.a(_udivmod32.o)
                0x0000e0f4                __udivsi3
                0x0000e0f4                __ext_udivmod32
                0x0000e12a                __umodsi3
 .text.libgcc   0x0000e134       0x4c /usr/local/bin/../lib/gcc/msp430/4.7.2/mmpy-16/libgcc.a(_divmod32.o)
                0x0000e134                __ext_divmod32
                0x0000e134                __divsi3
                0x0000e176                __modsi3
 .text.libgcc   0x0000e180       0xf0 /usr/local/bin/../lib/gcc/msp430/4.7.2/mmpy-16/libgcc.a(_udivmod64.o)
                0x0000e180                __xabi_udivmod64
                0x0000e1de                __udivdi3
                0x0000e204                __umoddi3
                0x0000e232                __udivmoddi4
 *(SORT(.near.text) SORT(.near.text.*))

.rodata         0x0000e270      0x52c
                0x0000e270                . = ALIGN (0x2)
 *(SORT(.rodata) SORT(.rodata.*) SORT(.gnu.linkonce.r.*))
 .rodata.get_value
                0x0000e270       0x34 build/sky/obj/cc2420.o
 .rodata.set_value
                0x0000e2a4       0x10 build/sky/obj/cc2420.o
 .rodata        0x0000e2b4       0x10 build/sky/obj/button-sensor.o
                0x0000e2bc                button_sensor
 .rodata        0x0000e2c4       0x3e build/sky/obj/cc2420.o
                0x0000e2c4                cc2420_aes_128_driver
                0x0000e2c8                cc2420_driver
 .rodata        0x0000e302       0x14 build/sky/obj/csma.o
                0x0000e308                csma_driver
 .rodata        0x0000e316        0x6 build/sky/obj/framer-802154.o
                0x0000e316                framer_802154
 .rodata        0x0000e31c        0x8 build/sky/obj/linkaddr.o
                0x0000e31c                linkaddr_null
 .rodata        0x0000e324       0xca build/sky/obj/log.o
 .rodata        0x0000e3ee       0xb4 build/sky/obj/memory_operations.o
                0x0000e484                autostart_processes
 .rodata        0x0000e4a2       0xe0 build/sky/obj/rpl-dag.o
 .rodata        0x0000e582       0x34 build/sky/obj/rpl.o
                0x0000e58c                rpl_lite_driver
 .rodata        0x0000e5b6       0x26 build/sky/obj/sicslowpan.o
                0x0000e5c2                sicslowpan_driver
                0x0000e5ca                llprefix
                0x0000e5cc                unc_mxconf
                0x0000e5d0                unc_ctxconf
                0x0000e5d4                unc_llconf
 .rodata        0x0000e5dc       0xdf build/sky/obj/contiki-main.o
 .rodata        0x0000e6bb        0xf build/sky/obj/ctimer.o
 .rodata        0x0000e6ca        0xc build/sky/obj/etimer.o
 .rodata        0x0000e6d6        0x2 build/sky/obj/frame802154.o
 .rodata        0x0000e6d8       0x31 build/sky/obj/platform.o
 .rodata        0x0000e709        0xc build/sky/obj/rpl-timers.o
 .rodata        0x0000e715        0x8 build/sky/obj/sensors.o
 .rodata        0x0000e71d       0x3e build/sky/obj/stack-check.o
 .rodata        0x0000e75b        0xd build/sky/obj/tcpip.o
 .rodata        0x0000e768       0x2d build/sky/obj/uiplib.o
 .rodata.vuprintf
                0x0000e795        0x7 /usr/local/bin/../lib/gcc/msp430/4.7.2/../../../../msp430/lib/mmpy-16/libc.a(vuprintf.o)
 *(SORT(.near.rodata) SORT(.near.rodata.*))
                0x0000e79c                . = ALIGN (0x2)
                0x0000e79c                _etext = .

.data           0x00001100      0x14e load address 0x0000e79c
                0x00001100                . = ALIGN (0x2)
                0x00001100                __data_start = .
 *(SORT(.data) SORT(.data.*) SORT(.gnu.linkonce.d.*))
 .data          0x00001100        0xc build/sky/obj/cc2420.o
                0x00001100                cc2420_process
 .data          0x0000110c       0x18 build/sky/obj/csma-output.o
 .data          0x00001124        0xa build/sky/obj/ctimer.o
                0x00001124                ctimer_process
 .data          0x0000112e        0xa build/sky/obj/etimer.o
                0x0000112e                etimer_process
 .data          0x00001138        0x2 build/sky/obj/frame802154.o
 .data          0x0000113a        0x8 build/sky/obj/link-stats.o
 .data          0x00001142       0x5c build/sky/obj/log.o
                0x00001142                all_modules
                0x0000119c                curr_log_level_main
 .data          0x0000119e       0x12 build/sky/obj/memory_operations.o
                0x0000119e                memory_operations_process
 .data          0x000011b0        0x2 build/sky/obj/msp430.o
 .data          0x000011b2        0x8 build/sky/obj/nbr-table.o
 .data          0x000011ba        0x4 build/sky/obj/platform.o
                0x000011ba                sensors
 .data          0x000011be       0x10 build/sky/obj/queuebuf.o
 .data          0x000011ce       0x18 build/sky/obj/rpl-icmp6.o
 .data          0x000011e6       0x12 build/sky/obj/rpl-mrhof.o
                0x000011e6                rpl_mrhof
 .data          0x000011f8        0xa build/sky/obj/rpl-neighbor.o
                0x000011f8                rpl_neighbors
 .data          0x00001202        0xa build/sky/obj/sensors.o
                0x00001202                sensors_process
 .data          0x0000120c        0xa build/sky/obj/stack-check.o
                0x0000120c                stack_check_process
 .data          0x00001216        0xa build/sky/obj/tcpip.o
                0x00001216                tcpip_process
 .data          0x00001220        0x8 build/sky/obj/uip-ds6-nbr.o
 .data          0x00001228        0x8 build/sky/obj/uip-ds6-route.o
 .data          0x00001230        0xc build/sky/obj/uip-icmp6.o
 .data          0x0000123c        0x6 build/sky/obj/uip-nd6.o
 .data          0x00001242        0x8 build/sky/obj/uip-sr.o
 .data.next     0x0000124a        0x4 /usr/local/bin/../lib/gcc/msp430/4.7.2/../../../../msp430/lib/mmpy-16/libc.a(rand.o)
 *(SORT(.near.data) SORT(.near.data.*))
                0x0000124e                . = ALIGN (0x2)
                0x0000124e                _edata = .
                0x0000e79c                __data_load_start = LOADADDR (.data)
                0x0000014e                __data_size = SIZEOF (.data)

.bss            0x0000124e     0x1a3c load address 0x0000e8ea
                0x0000124e                __bss_start = .
 *(SORT(.bss) SORT(.bss.*))
 .bss           0x0000124e        0x8 build/sky/obj/button-sensor.o
 .bss           0x00001256       0x10 build/sky/obj/cc2420.o
 .bss           0x00001266        0xa build/sky/obj/clock.o
 .bss           0x00001270       0xbc build/sky/obj/csma-output.o
 .bss           0x0000132c        0x4 build/sky/obj/ctimer.o
 .bss           0x00001330        0x6 build/sky/obj/etimer.o
 .bss           0x00001336       0xa0 build/sky/obj/link-stats.o
 .bss           0x000013d6       0x1a build/sky/obj/log.o
                0x000013d6                curr_log_level_sys
                0x000013d8                curr_log_level_lwm2m
                0x000013da                curr_log_level_snmp
                0x000013dc                curr_log_level_dtls
                0x000013de                curr_log_level_coap
                0x000013e0                curr_log_level_6top
                0x000013e2                curr_log_level_framer
                0x000013e4                curr_log_level_mac
                0x000013e6                curr_log_level_nullnet
                0x000013e8                curr_log_level_6lowpan
                0x000013ea                curr_log_level_ipv6
                0x000013ec                curr_log_level_tcpip
                0x000013ee                curr_log_level_rpl
 .bss           0x000013f0       0xe2 build/sky/obj/mac-sequence.o
 .bss           0x000014d2       0x10 build/sky/obj/memory_operations.o
 .bss           0x000014e2       0xe4 build/sky/obj/nbr-table.o
 .bss           0x000015c6        0x2 build/sky/obj/netstack.o
 .bss           0x000015c8        0x2 build/sky/obj/node-id.o
                0x000015c8                node_id
 .bss           0x000015ca       0x86 build/sky/obj/packetbuf.o
 .bss           0x00001650        0x8 build/sky/obj/platform.o
 .bss           0x00001658       0xc4 build/sky/obj/process.o
 .bss           0x0000171c      0x570 build/sky/obj/queuebuf.o
 .bss           0x00001c8c       0x12 build/sky/obj/rpl-dag-root.o
 .bss           0x00001c9e       0x80 build/sky/obj/rpl-neighbor.o
 .bss           0x00001d1e       0x28 build/sky/obj/rpl-timers.o
 .bss           0x00001d46        0x2 build/sky/obj/rtimer.o
 .bss           0x00001d48        0x6 build/sky/obj/sensors.o
 .bss           0x00001d4e      0x6cc build/sky/obj/sicslowpan.o
 .bss           0x0000241a        0xe build/sky/obj/stack-check.o
 .bss           0x00002428        0xc build/sky/obj/tcpip.o
 .bss           0x00002434       0x9a build/sky/obj/uart1.o
 .bss           0x000024ce      0x120 build/sky/obj/uip-ds6-nbr.o
 .bss           0x000025ee       0x3c build/sky/obj/uip-ds6-route.o
 .bss           0x0000262a       0x28 build/sky/obj/uip-ds6.o
 .bss           0x00002652       0x14 build/sky/obj/uip-icmp6.o
 .bss           0x00002666        0x8 build/sky/obj/uip-nd6.o
 .bss           0x0000266e      0x134 build/sky/obj/uip-sr.o
 .bss           0x000027a2        0x8 build/sky/obj/uip6.o
                0x000027a2                uip_last_proto
                0x000027a4                uip_ext_len
                0x000027a6                uip_ext_bitmap
 .bss           0x000027aa       0x20 build/sky/obj/uipbuf.o
 .bss           0x000027ca        0x2 build/sky/obj/watchdog.o
 .bss.destination_
                0x000027cc        0x2 /usr/local/bin/../lib/gcc/msp430/4.7.2/../../../../msp430/lib/mmpy-16/libc.a(sprintf.o)
 .bss.available_
                0x000027ce        0x2 /usr/local/bin/../lib/gcc/msp430/4.7.2/../../../../msp430/lib/mmpy-16/libc.a(sprintf.o)
 .bss           0x000027d0        0x1 build/sky/obj/rpl.o
 *(SORT(.near.bss) SORT(.near.bss.*))
 *(SORT(COMMON))
 *fill*         0x000027d1        0x1 00
 COMMON         0x000027d2        0xc build/sky/obj/cc2420.o
                0x000027d2                cc2420_last_rssi
                0x000027d4                cc2420_sfd_start_time
                0x000027d6                cc2420_last_correlation
                0x000027d8                cc2420_authority_level_of_sender
                0x000027da                cc2420_sfd_counter
                0x000027dc                cc2420_sfd_end_time
 COMMON         0x000027de       0x14 build/sky/obj/link-stats.o
                0x000027de                periodic_timer
 COMMON         0x000027f2        0x8 build/sky/obj/linkaddr.o
                0x000027f2                linkaddr_node_addr
 COMMON         0x000027fa        0x2 build/sky/obj/msp430.o
                0x000027fa                msp430_dco_required
 COMMON         0x000027fc       0x28 build/sky/obj/packetbuf.o
                0x000027fc                packetbuf_addrs
                0x0000280c                packetbuf_attrs
 COMMON         0x00002824        0x4 build/sky/obj/process.o
                0x00002824                process_list
                0x00002826                process_current
 COMMON         0x00002828       0xfe build/sky/obj/rpl-dag.o
                0x00002828                curr_instance
 COMMON         0x00002926       0x10 build/sky/obj/rpl.o
                0x00002926                rpl_multicast_addr
 COMMON         0x00002936      0x172 build/sky/obj/uip-ds6.o
                0x00002936                uip_ds6_timer_ra
                0x0000293e                uip_ds6_if
                0x00002a46                uip_ds6_netif_addr_list_offset
                0x00002a47                uip_ds6_addr_size
                0x00002a48                uip_ds6_prefix_list
                0x00002a9c                uip_ds6_timer_periodic
 COMMON         0x00002aa8      0x1d6 build/sky/obj/uip6.o
                0x00002aa8                uip_len
                0x00002aaa                uip_sappdata
                0x00002aac                uip_lladdr
                0x00002ab4                uip_aligned_buf
                0x00002ba4                uip_flags
                0x00002ba6                uip_udp_conn
                0x00002ba8                uip_appdata
                0x00002baa                uip_conn
                0x00002bac                uip_slen
                0x00002bae                uip_udp_conns
 COMMON         0x00002c7e        0x8 build/sky/obj/ds2411.o
                0x00002c7e                ds2411_id
 COMMON         0x00002c86        0x2 build/sky/obj/platform.o
                0x00002c86                sensors_flags
 COMMON         0x00002c88        0x1 build/sky/obj/sensors.o
                0x00002c88                sensors_event
 COMMON         0x00002c89        0x1 build/sky/obj/tcpip.o
                0x00002c89                tcpip_event
                0x00002c8a                . = ALIGN (0x2)
                0x00002c8a                __bss_end = .
                0x00001a3c                __bss_size = SIZEOF (.bss)

.noinit         0x00002c8a        0x2 load address 0x0000e8ea
                0x00002c8a                . = ALIGN (0x2)
                0x00002c8a                __noinit_start = .
 *(SORT(.noinit) SORT(.noinit.*))
 .noinit.crt0   0x00002c8a        0x2 /usr/local/bin/../lib/gcc/msp430/4.7.2/mmpy-16/libcrt0.a(__watchdog_support.o)
                0x00002c8a                __wdt_clear_value
                0x00002c8c                . = ALIGN (0x2)
                0x00002c8c                __noinit_end = .
                0x00002c8c                . = ALIGN (0x2)
                0x00002c8c                _end = .

.infomem        0x00001000        0x0
                0x00001000                . = ALIGN (0x2)
 *(SORT(.infomem) SORT(.infomem.*))

.infomemnobits  0x00001000        0x0
                0x00001000                . = ALIGN (0x2)
 *(SORT(.infomemnobits) SORT(.infomemnobits.*))

.infoa          0x00001080        0x0
                0x00001080                . = ALIGN (0x2)
 *(SORT(.infoa) SORT(.infoa.*))

.infob          0x00001000        0x0
                0x00001000                . = ALIGN (0x2)
 *(SORT(.infob) SORT(.infob.*))

.infoc          0x00000000        0x0
                0x00000000                . = ALIGN (0x2)
 *(SORT(.infoc) SORT(.infoc.*))

.infod          0x00000000        0x0
                0x00000000                . = ALIGN (0x2)
 *(SORT(.infod) SORT(.infod.*))
                0x0000ffff                PROVIDE (__vte_0, 0xffff)
                0x0000ffff                PROVIDE (__vte_1, 0xffff)
                0x0000ffff                PROVIDE (__vte_2, 0xffff)
                0x0000ffff                PROVIDE (__vte_3, 0xffff)
                0x0000ffff                PROVIDE (__vte_4, 0xffff)
                0x0000ffff                PROVIDE (__vte_5, 0xffff)
                0x0000ffff                PROVIDE (__vte_6, 0xffff)
                0x0000ffff                PROVIDE (__vte_7, 0xffff)
                0x0000ffff                PROVIDE (__vte_8, 0xffff)
                0x0000ffff                PROVIDE (__vte_9, 0xffff)
                0x0000ffff                PROVIDE (__vte_10, 0xffff)
                0x0000ffff                PROVIDE (__vte_11, 0xffff)
                0x0000ffff                PROVIDE (__vte_12, 0xffff)
                0x0000ffff                PROVIDE (__vte_13, 0xffff)
                0x0000ffff                PROVIDE (__vte_14, 0xffff)
                0x0000ffff                PROVIDE (__vte_15, 0xffff)
                0x0000ffff                PROVIDE (__vte_16, 0xffff)
                0x0000ffff                PROVIDE (__vte_17, 0xffff)
                0x0000ffff                PROVIDE (__vte_18, 0xffff)
                0x0000ffff                PROVIDE (__vte_19, 0xffff)
                0x0000ffff                PROVIDE (__vte_20, 0xffff)
                0x0000ffff                PROVIDE (__vte_21, 0xffff)
                0x0000ffff                PROVIDE (__vte_22, 0xffff)
                0x0000ffff                PROVIDE (__vte_23, 0xffff)
                0x0000ffff                PROVIDE (__vte_24, 0xffff)
                0x0000ffff                PROVIDE (__vte_25, 0xffff)
                0x0000ffff                PROVIDE (__vte_26, 0xffff)
                0x0000ffff                PROVIDE (__vte_27, 0xffff)
                0x0000ffff                PROVIDE (__vte_28, 0xffff)
                0x0000ffff                PROVIDE (__vte_29, 0xffff)
                0x0000ffff                PROVIDE (__vte_30, 0xffff)
                0x0000ffff                PROVIDE (__vte_31, 0xffff)

.vectors        0x0000ffe0       0x20
                0x0000ffe0                __vectors_start = .
 *(SORT(.vectors*))
 .vectors       0x0000ffe0       0x20 /usr/local/bin/../lib/gcc/msp430/4.7.2/mmpy-16/crt0ivtbl16.o
                0x0000ffe0                __ivtbl_16
                0x00010000                _vectors_end = .

.fartext        0x00000000        0x0
                0x00000000                . = ALIGN (0x2)
 *(SORT(.fartext) SORT(.fartext.*))

.far.text       0x00000000        0x0
                0x00000000                . = ALIGN (0x2)
 *(SORT(.far.text) SORT(.far.text.*))

.far.rodata     0x00000000        0x0
                0x00000000                . = ALIGN (0x2)
 *(SORT(.far.rodata) SORT(.far.rodata.*))
                0x00000000                . = ALIGN (0x2)
                0x00000000                _efartext = .

.far.data       0x00000000        0x0
                0x00000000                . = ALIGN (0x2)
                0x00000000                __far_data_start = .
 *(SORT(.far.data) SORT(.far.data.*))
                0x00000000                . = ALIGN (0x2)